<html>
<body>
<pre>
<h1>µVision Build Log</h1>
<h2>Tool Versions:</h2>
IDE-Version: µVision V5.28.0.0
Copyright (C) 2019 ARM Ltd and ARM Germany GmbH. All rights reserved.
License Information: Khanh Nguyen, UIT, LIC=----
 
Tool Versions:
Toolchain:       MDK-Lite  Version: 5.28.0.0
Toolchain Path:  D:\Installation\ARM\ARMCC\Bin
C Compiler:      Armcc.exe V5.06 update 6 (build 750)
Assembler:       Armasm.exe V5.06 update 6 (build 750)
Linker/Locator:  ArmLink.exe V5.06 update 6 (build 750)
Library Manager: ArmAr.exe V5.06 update 6 (build 750)
Hex Converter:   FromElf.exe V5.06 update 6 (build 750)
CPU DLL:         SARMCM3.DLL V5.28.0.0
Dialog DLL:      DARMCM1.DLL V1.19.2.0
Target DLL:      NULink\Nu_Link.dll V2.00
Dialog DLL:      TARMCM1.DLL V1.14.1.0
 
<h2>Project:</h2>
D:\WorkingZone\NhungCanBan\Beta\EmbeddedProgramming\projectfinal.uvprojx
Project File Date:  12/22/2019

<h2>Output:</h2>
*** Using Compiler 'V5.06 update 6 (build 750)', folder: 'D:\Installation\ARM\ARMCC\Bin'
Build target 'ShipShooting'
compiling main.c...
main.c(16): warning:  #1295-D: Deprecated declaration cs_sel - give arg types
  void cs_sel();
main.c(17): warning:  #1295-D: Deprecated declaration cs_desel - give arg types
  void cs_desel();
main.c(78): warning:  #111-D: statement is unreachable
  		disconnect(0);
main.c(34): warning:  #177-D: variable "distport"  was declared but never referenced
  	uint16_t distport = 5000;
main.c(35): warning:  #177-D: variable "distIP"  was declared but never referenced
  	uint8_t distIP[] = {192,168,0,100};
main.c(36): warning:  #177-D: variable "retVal"  was declared but never referenced
    uint8_t retVal, sockStatus;
main.c(36): warning:  #177-D: variable "sockStatus"  was declared but never referenced
    uint8_t retVal, sockStatus;
main.c(37): warning:  #177-D: variable "rcvLen"  was declared but never referenced
    int16_t rcvLen;
main.c(38): warning:  #177-D: variable "rcvBuf"  was declared but never referenced
    uint8_t rcvBuf[20], bufSize[] = {2, 2, 2, 2};
main.c(224): warning:  #1-D: last line of file ends without a newline
  /*** (C) COPYRIGHT 2014 Nuvoton Technology Corp. ***/
main.c: 10 warnings, 0 errors
linking...
Program Size: Code=7468 RO-data=336 RW-data=180 ZI-data=1340  
FromELF: creating hex file...
".\Objects\projectfinal.axf" - 0 Error(s), 10 Warning(s).

<h2>Software Packages used:</h2>

Package Vendor: ARM
                http://www.keil.com/pack/ARM.CMSIS.5.6.0.pack
                ARM.CMSIS.5.6.0
                CMSIS (Cortex Microcontroller Software Interface Standard)
   * Component: CORE Version: 5.3.0

Package Vendor: Nuvoton
                http://www.nuvoton.com/hq/enu/Documents/KEILSoftwarePack/Nuvoton.NuMicro_DFP.1.3.4.pack
                Nuvoton.NuMicro_DFP.1.3.4
                Nuvoton ARM Cortex-M NuMicro Family Device Support
   * Component: Startup Version: 0.00.001

Package Vendor: Keil
                http://www.keil.com/pack/Keil.ARM_Compiler.1.6.1.pack
                Keil.ARM_Compiler.1.6.1
                Keil ARM Compiler extensions for ARM Compiler 5 and ARM Compiler 6
   * Component: STDIN Variant: Breakpoint Version: 1.2.0
   * Component: STDOUT Variant: Breakpoint Version: 1.2.0

<h2>Collection of Component include folders:</h2>
  .\RTE\_ShipShooting
  D:\Installation\keilpack\ARM\CMSIS\5.6.0\CMSIS\Core\Include
  D:\Installation\keilpack\Nuvoton\NuMicro_DFP\1.3.4\Device\NUC131\Include
  D:\Installation\keilpack\Nuvoton\NuMicro_DFP\1.3.4\Device\NUC131\StdDriver\inc

<h2>Collection of Component Files used:</h2>

   * Component: ARM::CMSIS:CORE:5.3.0

   * Component: Keil.ARM Compiler::Compiler:I/O:STDIN:Breakpoint:1.2.0
      Source file:   Source\retarget_io.c

   * Component: Keil.ARM Compiler::Compiler:I/O:STDOUT:Breakpoint:1.2.0
      Source file:   Source\retarget_io.c

   * Component: Nuvoton::Device:Startup:0.00.001
      Include file:  Device\NUC131\Include\NUC131.h
      Source file:   Device\NUC131\StdDriver\src\retarget.c
      Source file:   Device\NUC131\Source\ARM\startup_NUC131.s
      Source file:   Device\NUC131\Source\system_NUC131.c
Build Time Elapsed:  00:00:01
</pre>
</body>
</html>
