Component: ARM Compiler 5.06 update 6 (build 750) Tool: armlink [4d35ed]

==============================================================================

Section Cross References

    main.o(i.SPI_Init) refers to spi.o(i.SPI_Open) for SPI_Open
    main.o(i.SPI_Init) refers to spi.o(i.SPI_DisableAutoSS) for SPI_DisableAutoSS
    main.o(i.SYS_Init) refers to clk.o(i.CLK_EnableXtalRC) for CLK_EnableXtalRC
    main.o(i.SYS_Init) refers to clk.o(i.CLK_WaitClockReady) for CLK_WaitClockReady
    main.o(i.SYS_Init) refers to clk.o(i.CLK_SetHCLK) for CLK_SetHCLK
    main.o(i.SYS_Init) refers to clk.o(i.CLK_SetModuleClock) for CLK_SetModuleClock
    main.o(i.SYS_Init) refers to clk.o(i.CLK_EnableModuleClock) for CLK_EnableModuleClock
    main.o(i.SYS_Init) refers to system_nuc131.o(i.SystemCoreClockUpdate) for SystemCoreClockUpdate
    main.o(i.main) refers to rt_memcpy.o(.emb_text) for __aeabi_memcpy4
    main.o(i.main) refers to main.o(i.SYS_Init) for SYS_Init
    main.o(i.main) refers to gpio.o(i.GPIO_SetMode) for GPIO_SetMode
    main.o(i.main) refers to main.o(i.SPI_Init) for SPI_Init
    main.o(i.main) refers to wizchip_conf.o(i.reg_wizchip_cs_cbfunc) for reg_wizchip_cs_cbfunc
    main.o(i.main) refers to wizchip_conf.o(i.reg_wizchip_spi_cbfunc) for reg_wizchip_spi_cbfunc
    main.o(i.main) refers to wizchip_conf.o(i.wizchip_init) for wizchip_init
    main.o(i.main) refers to rt_memclr.o(.text) for __aeabi_memclr4
    main.o(i.main) refers to wizchip_conf.o(i.wizchip_setnetinfo) for wizchip_setnetinfo
    main.o(i.main) refers to wizchip_conf.o(i.wizchip_getnetinfo) for wizchip_getnetinfo
    main.o(i.main) refers to socket.o(i.socket) for socket
    main.o(i.main) refers to socket.o(i.connect) for connect
    main.o(i.main) refers to socket.o(i.send) for send
    main.o(i.main) refers to socket.o(i.recv) for recv
    main.o(i.main) refers to main.o(i.cs_desel) for cs_desel
    main.o(i.main) refers to main.o(i.cs_sel) for cs_sel
    main.o(i.main) refers to main.o(i.wb) for wb
    main.o(i.main) refers to main.o(i.rb) for rb
    main.o(i.main) refers to main.o(.constdata) for .constdata
    event_groups.o(i.vEventGroupClearBitsCallback) refers to event_groups.o(i.xEventGroupClearBits) for xEventGroupClearBits
    event_groups.o(i.vEventGroupDelete) refers to tasks.o(i.vTaskSuspendAll) for vTaskSuspendAll
    event_groups.o(i.vEventGroupDelete) refers to tasks.o(i.vTaskRemoveFromUnorderedEventList) for vTaskRemoveFromUnorderedEventList
    event_groups.o(i.vEventGroupDelete) refers to heap_1.o(i.vPortFree) for vPortFree
    event_groups.o(i.vEventGroupDelete) refers to tasks.o(i.xTaskResumeAll) for xTaskResumeAll
    event_groups.o(i.vEventGroupSetBitsCallback) refers to event_groups.o(i.xEventGroupSetBits) for xEventGroupSetBits
    event_groups.o(i.xEventGroupClearBits) refers to port.o(i.vPortEnterCritical) for vPortEnterCritical
    event_groups.o(i.xEventGroupClearBits) refers to port.o(i.vPortExitCritical) for vPortExitCritical
    event_groups.o(i.xEventGroupCreate) refers to heap_1.o(i.pvPortMalloc) for pvPortMalloc
    event_groups.o(i.xEventGroupCreate) refers to list.o(i.vListInitialise) for vListInitialise
    event_groups.o(i.xEventGroupGetBitsFromISR) refers to port.o(.emb_text) for ulSetInterruptMaskFromISR
    event_groups.o(i.xEventGroupSetBits) refers to tasks.o(i.vTaskSuspendAll) for vTaskSuspendAll
    event_groups.o(i.xEventGroupSetBits) refers to tasks.o(i.vTaskRemoveFromUnorderedEventList) for vTaskRemoveFromUnorderedEventList
    event_groups.o(i.xEventGroupSetBits) refers to tasks.o(i.xTaskResumeAll) for xTaskResumeAll
    event_groups.o(i.xEventGroupSync) refers to tasks.o(i.vTaskSuspendAll) for vTaskSuspendAll
    event_groups.o(i.xEventGroupSync) refers to event_groups.o(i.xEventGroupSetBits) for xEventGroupSetBits
    event_groups.o(i.xEventGroupSync) refers to tasks.o(i.vTaskPlaceOnUnorderedEventList) for vTaskPlaceOnUnorderedEventList
    event_groups.o(i.xEventGroupSync) refers to tasks.o(i.xTaskResumeAll) for xTaskResumeAll
    event_groups.o(i.xEventGroupSync) refers to port.o(i.vPortYield) for vPortYield
    event_groups.o(i.xEventGroupSync) refers to tasks.o(i.uxTaskResetEventItemValue) for uxTaskResetEventItemValue
    event_groups.o(i.xEventGroupSync) refers to port.o(i.vPortEnterCritical) for vPortEnterCritical
    event_groups.o(i.xEventGroupSync) refers to port.o(i.vPortExitCritical) for vPortExitCritical
    event_groups.o(i.xEventGroupWaitBits) refers to tasks.o(i.vTaskSuspendAll) for vTaskSuspendAll
    event_groups.o(i.xEventGroupWaitBits) refers to event_groups.o(i.prvTestWaitCondition) for prvTestWaitCondition
    event_groups.o(i.xEventGroupWaitBits) refers to tasks.o(i.vTaskPlaceOnUnorderedEventList) for vTaskPlaceOnUnorderedEventList
    event_groups.o(i.xEventGroupWaitBits) refers to tasks.o(i.xTaskResumeAll) for xTaskResumeAll
    event_groups.o(i.xEventGroupWaitBits) refers to port.o(i.vPortYield) for vPortYield
[...]
    Removing clk.o(i.CLK_EnableCKO), (48 bytes).
    Removing clk.o(i.CLK_EnablePLL), (388 bytes).
    Removing clk.o(i.CLK_EnableSysTick), (72 bytes).
    Removing clk.o(i.CLK_GetCPUFreq), (16 bytes).
    Removing clk.o(i.CLK_GetHXTFreq), (28 bytes).
    Removing clk.o(i.CLK_GetPCLKFreq), (16 bytes).
    Removing clk.o(i.CLK_GetPLLClockFreq), (128 bytes).
    Removing clk.o(i.CLK_Idle), (36 bytes).
    Removing clk.o(i.CLK_PowerDown), (40 bytes).
    Removing clk.o(i.CLK_SetCoreClock), (156 bytes).
    Removing clk.o(i.CLK_SetSysTickClockSrc), (20 bytes).
    Removing fmc.o(.rev16_text), (4 bytes).
    Removing fmc.o(.revsh_text), (4 bytes).
    Removing fmc.o(i.FMC_Close), (20 bytes).
    Removing fmc.o(i.FMC_DisableAPUpdate), (20 bytes).
    Removing fmc.o(i.FMC_DisableConfigUpdate), (20 bytes).
    Removing fmc.o(i.FMC_DisableLDUpdate), (20 bytes).
    Removing fmc.o(i.FMC_EnableAPUpdate), (20 bytes).
    Removing fmc.o(i.FMC_EnableConfigUpdate), (20 bytes).
    Removing fmc.o(i.FMC_EnableLDUpdate), (20 bytes).
    Removing fmc.o(i.FMC_GetBootSource), (24 bytes).
    Removing fmc.o(i.FMC_Open), (20 bytes).
    Removing fmc.o(i.FMC_Read), (52 bytes).
    Removing fmc.o(i.FMC_ReadConfig), (36 bytes).
    Removing fmc.o(i.FMC_ReadDataFlashBaseAddr), (12 bytes).
    Removing fmc.o(i.FMC_SetBootSource), (36 bytes).
    Removing fmc.o(i.FMC_WriteConfig), (112 bytes).
    Removing gpio.o(.rev16_text), (4 bytes).
    Removing gpio.o(.revsh_text), (4 bytes).
    Removing gpio.o(i.GPIO_DisableInt), (28 bytes).
    Removing gpio.o(i.GPIO_EnableInt), (26 bytes).
    Removing i2c.o(.rev16_text), (4 bytes).
    Removing i2c.o(.revsh_text), (4 bytes).
    Removing i2c.o(i.I2C_ClearTimeoutFlag), (10 bytes).
    Removing i2c.o(i.I2C_Close), (92 bytes).
    Removing i2c.o(i.I2C_DisableInt), (10 bytes).
    Removing i2c.o(i.I2C_DisableTimeout), (10 bytes).
    Removing i2c.o(i.I2C_DisableWakeup), (10 bytes).
    Removing i2c.o(i.I2C_EnableInt), (10 bytes).
    Removing i2c.o(i.I2C_EnableTimeout), (32 bytes).
    Removing i2c.o(i.I2C_EnableWakeup), (10 bytes).
    Removing i2c.o(i.I2C_GetBusClockFreq), (24 bytes).
    Removing i2c.o(i.I2C_GetData), (8 bytes).
    Removing i2c.o(i.I2C_GetIntFlag), (12 bytes).
    Removing i2c.o(i.I2C_GetStatus), (6 bytes).
    Removing i2c.o(i.I2C_Open), (64 bytes).
    Removing i2c.o(i.I2C_SetBusClockFreq), (56 bytes).
    Removing i2c.o(i.I2C_SetData), (4 bytes).
    Removing i2c.o(i.I2C_SetSlaveAddr), (58 bytes).
    Removing i2c.o(i.I2C_SetSlaveAddrMask), (48 bytes).
    Removing i2c.o(i.I2C_Trigger), (50 bytes).
    Removing pwm.o(.rev16_text), (4 bytes).
    Removing pwm.o(.revsh_text), (4 bytes).
    Removing pwm.o(i.CLK_GetPLLClockFreq), (128 bytes).
    Removing pwm.o(i.PWM_ClearADCTriggerFlag), (16 bytes).
    Removing pwm.o(i.PWM_ClearCaptureIntFlag), (14 bytes).
    Removing pwm.o(i.PWM_ClearDutyIntFlag), (16 bytes).
    Removing pwm.o(i.PWM_ClearFaultBrakeIntFlag), (10 bytes).
    Removing pwm.o(i.PWM_ClearPeriodIntFlag), (16 bytes).
    Removing pwm.o(i.PWM_ClearWrapAroundFlag), (16 bytes).
    Removing pwm.o(i.PWM_ClearZeroIntFlag), (14 bytes).
    Removing pwm.o(i.PWM_ConfigCaptureChannel), (228 bytes).
    Removing pwm.o(i.PWM_ConfigOutputChannel), (396 bytes).
    Removing pwm.o(i.PWM_DisableADCTrigger), (44 bytes).
    Removing pwm.o(i.PWM_DisableBrakeNoiseFilter), (20 bytes).
    Removing pwm.o(i.PWM_DisableBrakePinInverse), (20 bytes).
    Removing pwm.o(i.PWM_DisableCapture), (26 bytes).
    Removing pwm.o(i.PWM_DisableCaptureInt), (22 bytes).
    Removing pwm.o(i.PWM_DisableDeadZone), (30 bytes).
    Removing pwm.o(i.PWM_DisableDutyInt), (20 bytes).
    Removing pwm.o(i.PWM_DisableFaultBrakeInt), (16 bytes).
    Removing pwm.o(i.PWM_DisableLoadMode), (14 bytes).
    Removing pwm.o(i.PWM_DisableOutput), (12 bytes).
    Removing pwm.o(i.PWM_DisablePeriodInt), (24 bytes).
    Removing pwm.o(i.PWM_DisableZeroInt), (22 bytes).
    Removing pwm.o(i.PWM_EnableADCTrigger), (82 bytes).
    Removing pwm.o(i.PWM_EnableBrakeNoiseFilter), (34 bytes).
    Removing pwm.o(i.PWM_EnableBrakePinInverse), (20 bytes).
    Removing pwm.o(i.PWM_EnableCapture), (26 bytes).
    Removing pwm.o(i.PWM_EnableCaptureInt), (22 bytes).
    Removing pwm.o(i.PWM_EnableDeadZone), (56 bytes).
    Removing pwm.o(i.PWM_EnableDutyInt), (18 bytes).
    Removing pwm.o(i.PWM_EnableFaultBrake), (356 bytes).
    Removing pwm.o(i.PWM_EnableFaultBrakeInt), (16 bytes).
    Removing pwm.o(i.PWM_EnableLoadMode), (14 bytes).
    Removing pwm.o(i.PWM_EnableOutput), (12 bytes).
    Removing pwm.o(i.PWM_EnablePeriodInt), (24 bytes).
    Removing pwm.o(i.PWM_EnableZeroInt), (22 bytes).
    Removing pwm.o(i.PWM_ForceStop), (40 bytes).
    Removing pwm.o(i.PWM_GetADCTriggerFlag), (28 bytes).
    Removing pwm.o(i.PWM_GetCaptureIntFlag), (56 bytes).
    Removing pwm.o(i.PWM_GetDutyIntFlag), (28 bytes).
    Removing pwm.o(i.PWM_GetFaultBrakeIntFlag), (24 bytes).
    Removing pwm.o(i.PWM_GetPeriodIntFlag), (32 bytes).
    Removing pwm.o(i.PWM_GetWrapAroundFlag), (32 bytes).
    Removing pwm.o(i.PWM_GetZeroIntFlag), (30 bytes).
    Removing pwm.o(i.PWM_SetBrakePinSource), (32 bytes).
    Removing pwm.o(i.PWM_SetClockSource), (28 bytes).
    Removing pwm.o(i.PWM_Start), (40 bytes).
    Removing pwm.o(i.PWM_Stop), (38 bytes).
    Removing spi.o(.rev16_text), (4 bytes).
    Removing spi.o(.revsh_text), (4 bytes).
    Removing spi.o(i.SPI_ClearIntFlag), (64 bytes).
    Removing spi.o(i.SPI_ClearRxFIFO), (10 bytes).
    Removing spi.o(i.SPI_ClearTxFIFO), (10 bytes).
    Removing spi.o(i.SPI_Close), (36 bytes).
    Removing spi.o(i.SPI_DisableFIFO), (12 bytes).
    Removing spi.o(i.SPI_DisableInt), (104 bytes).
    Removing spi.o(i.SPI_EnableAutoSS), (22 bytes).
    Removing spi.o(i.SPI_EnableFIFO), (32 bytes).
    Removing spi.o(i.SPI_EnableInt), (104 bytes).
    Removing spi.o(i.SPI_GetBusClock), (72 bytes).
    Removing spi.o(i.SPI_GetIntFlag), (146 bytes).
    Removing spi.o(i.SPI_GetStatus), (126 bytes).
    Removing spi.o(i.SPI_SetBusClock), (224 bytes).
    Removing sys.o(.rev16_text), (4 bytes).
    Removing sys.o(.revsh_text), (4 bytes).
    Removing sys.o(i.SYS_ClearResetSrc), (16 bytes).
    Removing sys.o(i.SYS_DisableBOD), (18 bytes).
    Removing sys.o(i.SYS_EnableBOD), (50 bytes).
    Removing sys.o(i.SYS_GetBODStatus), (14 bytes).
    Removing sys.o(i.SYS_GetResetSrc), (8 bytes).
    Removing sys.o(i.SYS_IsRegLocked), (20 bytes).
    Removing sys.o(i.SYS_ReadPDID), (8 bytes).
    Removing sys.o(i.SYS_ResetCPU), (18 bytes).
    Removing sys.o(i.SYS_ResetChip), (18 bytes).
    Removing sys.o(i.SYS_ResetModule), (48 bytes).
    Removing timer.o(.rev16_text), (4 bytes).
    Removing timer.o(.revsh_text), (4 bytes).
    Removing timer.o(i.TIMER_Close), (8 bytes).
    Removing timer.o(i.TIMER_Delay), (272 bytes).
    Removing timer.o(i.TIMER_DisableCapture), (10 bytes).
    Removing timer.o(i.TIMER_DisableEventCounter), (12 bytes).
    Removing timer.o(i.TIMER_EnableCapture), (20 bytes).
    Removing timer.o(i.TIMER_EnableEventCounter), (22 bytes).
    Removing timer.o(i.TIMER_GetModuleClock), (132 bytes).
    Removing timer.o(i.TIMER_Open), (124 bytes).
    Removing timer.o(.constdata), (32 bytes).
    Removing uart.o(.rev16_text), (4 bytes).
    Removing uart.o(.revsh_text), (4 bytes).
    Removing uart.o(i.CLK_GetPLLClockFreq), (128 bytes).
    Removing uart.o(i.UART_ClearIntFlag), (112 bytes).
    Removing uart.o(i.UART_Close), (6 bytes).
    Removing uart.o(i.UART_DisableFlowCtrl), (12 bytes).
    Removing uart.o(i.UART_DisableInt), (112 bytes).
    Removing uart.o(i.UART_EnableFlowCtrl), (30 bytes).
    Removing uart.o(i.UART_EnableInt), (112 bytes).
    Removing uart.o(i.UART_Open), (184 bytes).
    Removing uart.o(i.UART_Read), (54 bytes).
    Removing uart.o(i.UART_SelectIrDAMode), (164 bytes).
    Removing uart.o(i.UART_SelectLINMode), (26 bytes).
    Removing uart.o(i.UART_SelectRS485Mode), (32 bytes).
    Removing uart.o(i.UART_SetLine_Config), (184 bytes).
    Removing uart.o(i.UART_SetTimeoutCnt), (22 bytes).
    Removing uart.o(i.UART_Write), (54 bytes).
    Removing uart.o(i.__NVIC_DisableIRQ), (56 bytes).
    Removing uart.o(i.__NVIC_EnableIRQ), (32 bytes).
    Removing uart.o(.constdata), (48 bytes).
    Removing wdt.o(.rev16_text), (4 bytes).
    Removing wdt.o(.revsh_text), (4 bytes).
    Removing wdt.o(i.WDT_Open), (28 bytes).
    Removing wwdt.o(.rev16_text), (4 bytes).
    Removing wwdt.o(.revsh_text), (4 bytes).
    Removing wwdt.o(i.WWDT_Open), (32 bytes).
    Removing stm_enc28_j60.o(.rev16_text), (4 bytes).
    Removing stm_enc28_j60.o(.revsh_text), (4 bytes).
    Removing stm_enc28_j60.o(i.ENC28_Init), (352 bytes).
    Removing stm_enc28_j60.o(i.ENC28_packetSend), (208 bytes).
    Removing stm_enc28_j60.o(i.ENC28_readOp), (80 bytes).
    Removing stm_enc28_j60.o(i.ENC28_readPhy), (256 bytes).
    Removing stm_enc28_j60.o(i.ENC28_readReg16), (28 bytes).
    Removing stm_enc28_j60.o(i.ENC28_readReg8), (20 bytes).
    Removing stm_enc28_j60.o(i.ENC28_setBank), (44 bytes).
    Removing stm_enc28_j60.o(i.ENC28_writeBuf), (184 bytes).
    Removing stm_enc28_j60.o(i.ENC28_writeOp), (72 bytes).
    Removing stm_enc28_j60.o(i.ENC28_writePhy), (136 bytes).
    Removing stm_enc28_j60.o(i.ENC28_writeReg16), (26 bytes).
    Removing stm_enc28_j60.o(i.ENC28_writeReg8), (18 bytes).
    Removing stm_enc28_j60.o(i.delay), (12 bytes).
    Removing stm_enc28_j60.o(.data), (4 bytes).
    Removing enc28j60.o(.rev16_text), (4 bytes).
    Removing enc28j60.o(.revsh_text), (4 bytes).
    Removing enc28j60.o(i.SPI_READ), (44 bytes).
    Removing enc28j60.o(i.SPI_WRITE), (36 bytes).
    Removing enc28j60.o(i.delay), (22 bytes).
    Removing enc28j60.o(i.enc28j60Init), (312 bytes).
    Removing enc28j60.o(i.enc28j60PacketReceive), (232 bytes).
    Removing enc28j60.o(i.enc28j60PacketSend), (134 bytes).
    Removing enc28j60.o(i.enc28j60PhyWrite), (54 bytes).
    Removing enc28j60.o(i.enc28j60Read), (20 bytes).
    Removing enc28j60.o(i.enc28j60ReadBuffer), (56 bytes).
    Removing enc28j60.o(i.enc28j60ReadOp), (68 bytes).
    Removing enc28j60.o(i.enc28j60SetBank), (56 bytes).
    Removing enc28j60.o(i.enc28j60Write), (24 bytes).
    Removing enc28j60.o(i.enc28j60WriteBuffer), (52 bytes).
    Removing enc28j60.o(i.enc28j60WriteOp), (52 bytes).
    Removing enc28j60.o(i.enc28j60clkout), (16 bytes).
    Removing enc28j60.o(i.enc28j60getrev), (22 bytes).
    Removing enc28j60.o(.data), (4 bytes).
    Removing ip_arp_udp_tcp.o(.rev16_text), (4 bytes).
    Removing ip_arp_udp_tcp.o(.revsh_text), (4 bytes).
    Removing ip_arp_udp_tcp.o(i.checksum), (88 bytes).
    Removing ip_arp_udp_tcp.o(i.eth_type_is_arp_and_my_ip), (68 bytes).
    Removing ip_arp_udp_tcp.o(i.eth_type_is_ip_and_my_ip), (80 bytes).
    Removing ip_arp_udp_tcp.o(i.fill_ip_hdr_checksum), (46 bytes).
    Removing ip_arp_udp_tcp.o(i.fill_tcp_data), (28 bytes).
    Removing ip_arp_udp_tcp.o(i.fill_tcp_data_p), (30 bytes).
    Removing ip_arp_udp_tcp.o(i.get_tcp_data_pointer), (28 bytes).
    Removing ip_arp_udp_tcp.o(i.init_ip_arp_udp_tcp), (52 bytes).
    Removing ip_arp_udp_tcp.o(i.init_len_info), (64 bytes).
    Removing ip_arp_udp_tcp.o(i.make_arp_answer_from_request), (100 bytes).
    Removing ip_arp_udp_tcp.o(i.make_echo_reply_from_request), (66 bytes).
    Removing ip_arp_udp_tcp.o(i.make_eth), (36 bytes).
    Removing ip_arp_udp_tcp.o(i.make_ip), (48 bytes).
    Removing ip_arp_udp_tcp.o(i.make_tcp_ack_from_any), (108 bytes).
    Removing ip_arp_udp_tcp.o(i.make_tcp_ack_with_data), (82 bytes).
    Removing ip_arp_udp_tcp.o(i.make_tcp_synack_from_syn), (78 bytes).
    Removing ip_arp_udp_tcp.o(i.make_tcphead), (192 bytes).
    Removing ip_arp_udp_tcp.o(i.make_udp_reply_from_request), (146 bytes).
    Removing ip_arp_udp_tcp.o(i.send_udp), (66 bytes).
    Removing ip_arp_udp_tcp.o(i.send_udp_prepare), (168 bytes).
    Removing ip_arp_udp_tcp.o(i.send_udp_transmit), (74 bytes).
    Removing ip_arp_udp_tcp.o(.constdata), (9 bytes).
    Removing ip_arp_udp_tcp.o(.data), (22 bytes).
    Removing loopback.o(i.loopback_tcpc), (484 bytes).
    Removing loopback.o(i.loopback_tcps), (472 bytes).
    Removing loopback.o(i.loopback_udps), (280 bytes).
    Removing loopback.o(.data), (2 bytes).
    Removing socket.o(i.ctlsocket), (288 bytes).
    Removing socket.o(i.disconnect), (184 bytes).
    Removing socket.o(i.getsockopt), (384 bytes).
    Removing socket.o(i.listen), (150 bytes).
    Removing socket.o(i.recvfrom), (776 bytes).
    Removing socket.o(i.sendto), (520 bytes).
    Removing socket.o(i.setsockopt), (388 bytes).
    Removing w5500.o(i.wiz_recv_ignore), (96 bytes).
    Removing wizchip_conf.o(i.ctlnetwork), (80 bytes).
    Removing wizchip_conf.o(i.ctlwizchip), (276 bytes).
    Removing wizchip_conf.o(i.reg_wizchip_bus_cbfunc), (60 bytes).
    Removing wizchip_conf.o(i.reg_wizchip_cris_cbfunc), (44 bytes).
    Removing wizchip_conf.o(i.reg_wizchip_spiburst_cbfunc), (56 bytes).
    Removing wizchip_conf.o(i.wizchip_clrinterrupt), (34 bytes).
    Removing wizchip_conf.o(i.wizchip_getinterrupt), (44 bytes).
    Removing wizchip_conf.o(i.wizchip_getinterruptmask), (40 bytes).
    Removing wizchip_conf.o(i.wizchip_getnetmode), (10 bytes).
    Removing wizchip_conf.o(i.wizchip_gettimeout), (38 bytes).
    Removing wizchip_conf.o(i.wizchip_setinterruptmask), (30 bytes).
    Removing wizchip_conf.o(i.wizchip_setnetmode), (46 bytes).
    Removing wizchip_conf.o(i.wizchip_settimeout), (38 bytes).
    Removing wizchip_conf.o(i.wizchip_spi_readburst), (2 bytes).
    Removing wizchip_conf.o(i.wizchip_spi_writeburst), (2 bytes).
    Removing wizchip_conf.o(i.wizphy_getphyconf), (122 bytes).
    Removing wizchip_conf.o(i.wizphy_getphylink), (26 bytes).
    Removing wizchip_conf.o(i.wizphy_getphypmode), (30 bytes).
    Removing wizchip_conf.o(i.wizphy_getphystat), (32 bytes).
    Removing wizchip_conf.o(i.wizphy_reset), (56 bytes).
    Removing wizchip_conf.o(i.wizphy_setphyconf), (92 bytes).
    Removing wizchip_conf.o(i.wizphy_setphypmode), (108 bytes).
    Removing retarget_io.o(i._sys_close), (44 bytes).
    Removing retarget_io.o(i._sys_flen), (40 bytes).
    Removing retarget_io.o(i._sys_istty), (40 bytes).
    Removing retarget_io.o(i._sys_open), (112 bytes).
    Removing retarget_io.o(i._sys_read), (80 bytes).
    Removing retarget_io.o(i._sys_seek), (48 bytes).
    Removing retarget_io.o(i._sys_write), (68 bytes).
    Removing retarget_io.o(i.stdin_getchar), (8 bytes).
    Removing retarget_io.o(i.stdout_putchar), (4 bytes).
    Removing retarget_io.o(.constdata), (23 bytes).
    Removing retarget.o(.rev16_text), (4 bytes).
    Removing retarget.o(.revsh_text), (4 bytes).
    Removing retarget.o(i.GetChar), (32 bytes).
    Removing retarget.o(i.IsDebugFifoEmpty), (20 bytes).
    Removing retarget.o(i._ttywrch), (12 bytes).
    Removing retarget.o(i.fgetc), (10 bytes).
    Removing retarget.o(i.kbhit), (20 bytes).
    Removing system_nuc131.o(.rev16_text), (4 bytes).
    Removing system_nuc131.o(.revsh_text), (4 bytes).
    Removing tasks.o(i.__ARM_common_switch8), (28 bytes).

452 unused section(s) (total 34110 bytes) removed from the image.

==============================================================================

Image Symbol Table

    Local Symbols

    Symbol Name                              Value     Ov Type        Size  Object(Section)

    RESET                                    0x00000000   Section      192  startup_nuc131.o(RESET)
    ../clib/angel/boardlib.s                 0x00000000   Number         0  boardshut.o ABSOLUTE
    ../clib/angel/boardlib.s                 0x00000000   Number         0  boardinit1.o ABSOLUTE
    ../clib/angel/boardlib.s                 0x00000000   Number         0  boardinit2.o ABSOLUTE
    ../clib/angel/boardlib.s                 0x00000000   Number         0  boardinit3.o ABSOLUTE
    ../clib/angel/handlers.s                 0x00000000   Number         0  __scatter_zi.o ABSOLUTE
    ../clib/angel/handlers.s                 0x00000000   Number         0  __scatter_copy.o ABSOLUTE
    ../clib/angel/kernel.s                   0x00000000   Number         0  rtexit.o ABSOLUTE
    ../clib/angel/kernel.s                   0x00000000   Number         0  __rtentry4.o ABSOLUTE
    ../clib/angel/kernel.s                   0x00000000   Number         0  __rtentry2.o ABSOLUTE
    ../clib/angel/kernel.s                   0x00000000   Number         0  __rtentry.o ABSOLUTE
    ../clib/angel/kernel.s                   0x00000000   Number         0  rtexit2.o ABSOLUTE
    ../clib/angel/rt.s                       0x00000000   Number         0  rt_raise.o ABSOLUTE
    ../clib/angel/rt.s                       0x00000000   Number         0  aeabi_idiv0.o ABSOLUTE
    ../clib/angel/rt.s                       0x00000000   Number         0  aeabi_idiv0_sigfpe.o ABSOLUTE
    ../clib/angel/rt.s                       0x00000000   Number         0  aeabi_ldiv0.o ABSOLUTE
    ../clib/angel/rt.s                       0x00000000   Number         0  aeabi_ldiv0_sigfpe.o ABSOLUTE
    ../clib/angel/rt.s                       0x00000000   Number         0  rt_div0.o ABSOLUTE
    ../clib/angel/scatterp.s                 0x00000000   Number         0  __scatter.o ABSOLUTE
    ../clib/angel/startup.s                  0x00000000   Number         0  __main.o ABSOLUTE
    ../clib/angel/sys.s                      0x00000000   Number         0  libspace.o ABSOLUTE
    ../clib/angel/sys.s                      0x00000000   Number         0  use_no_semi.o ABSOLUTE
    ../clib/angel/sys.s                      0x00000000   Number         0  tempstk.o ABSOLUTE
    ../clib/angel/sys.s                      0x00000000   Number         0  indicate_semi.o ABSOLUTE
    ../clib/angel/sys.s                      0x00000000   Number         0  sys_stackheap_outer.o ABSOLUTE
    ../clib/angel/sysapp.c                   0x00000000   Number         0  sys_exit.o ABSOLUTE
    ../clib/angel/sysapp.c                   0x00000000   Number         0  sys_command.o ABSOLUTE
    ../clib/armsys.c                         0x00000000   Number         0  argv_veneer.o ABSOLUTE
    ../clib/armsys.c                         0x00000000   Number         0  _get_argv_nomalloc.o ABSOLUTE
    ../clib/armsys.c                         0x00000000   Number         0  no_argv.o ABSOLUTE
    ../clib/division.c                       0x00000000   Number         0  rtudiv10.o ABSOLUTE
    ../clib/division.c                       0x00000000   Number         0  lludiv.o ABSOLUTE
    ../clib/division.s                       0x00000000   Number         0  aeabi_sdiv_div0.o ABSOLUTE
    ../clib/division.s                       0x00000000   Number         0  aeabi_sdiv.o ABSOLUTE
    ../clib/heapalloc.c                      0x00000000   Number         0  hrguard.o ABSOLUTE
    ../clib/heapaux.c                        0x00000000   Number         0  heapauxi.o ABSOLUTE
    ../clib/libinit.s                        0x00000000   Number         0  libshutdown2.o ABSOLUTE
    ../clib/libinit.s                        0x00000000   Number         0  libinit2.o ABSOLUTE
    ../clib/libinit.s                        0x00000000   Number         0  libinit.o ABSOLUTE
    ../clib/libinit.s                        0x00000000   Number         0  libshutdown.o ABSOLUTE
    ../clib/memcpset.c                       0x00000000   Number         0  rt_memcpy.o ABSOLUTE
    ../clib/memcpset.c                       0x00000000   Number         0  rt_memclr.o ABSOLUTE
    ../clib/memcpset.c                       0x00000000   Number         0  rt_memcpy.o ABSOLUTE
    ../clib/misc.s                           0x00000000   Number         0  printf_stubs.o ABSOLUTE
    ../clib/printf.c                         0x00000000   Number         0  _printf_dec.o ABSOLUTE
    ../clib/printf.c                         0x00000000   Number         0  __printf_ss.o ABSOLUTE
    ../clib/printf.c                         0x00000000   Number         0  _printf_hex_ptr.o ABSOLUTE
    ../clib/printf.c                         0x00000000   Number         0  _printf_hex_int_ll.o ABSOLUTE
    ../clib/printf.c                         0x00000000   Number         0  _printf_hex_int.o ABSOLUTE
    ../clib/printf.c                         0x00000000   Number         0  _printf_hex_ll.o ABSOLUTE
    ../clib/printf.c                         0x00000000   Number         0  __printf_flags_wp.o ABSOLUTE
    ../clib/printf.c                         0x00000000   Number         0  __printf.o ABSOLUTE
    ../clib/printf.c                         0x00000000   Number         0  __printf_flags_ss.o ABSOLUTE
    ../clib/printf.c                         0x00000000   Number         0  __printf_wp.o ABSOLUTE
    ../clib/printf.c                         0x00000000   Number         0  noretval__2printf.o ABSOLUTE
    ../clib/printf.c                         0x00000000   Number         0  _printf_hex_ll_ptr.o ABSOLUTE
    ../clib/printf.c                         0x00000000   Number         0  _printf_char_common.o ABSOLUTE
    ../clib/printf.c                         0x00000000   Number         0  _printf_hex_int_ptr.o ABSOLUTE
    ../clib/printf.c                         0x00000000   Number         0  __printf_ss_wp.o ABSOLUTE
    ../clib/printf.c                         0x00000000   Number         0  __2printf.o ABSOLUTE
    ../clib/printf.c                         0x00000000   Number         0  _printf_intcommon.o ABSOLUTE
    ../clib/printf.c                         0x00000000   Number         0  __printf_flags_ss_wp.o ABSOLUTE
    ../clib/printf.c                         0x00000000   Number         0  _printf_char_file.o ABSOLUTE
    ../clib/printf.c                         0x00000000   Number         0  __printf_nopercent.o ABSOLUTE
    ../clib/printf.c                         0x00000000   Number         0  __printf_flags.o ABSOLUTE
    ../clib/printf.c                         0x00000000   Number         0  _printf_hex_int_ll_ptr.o ABSOLUTE
    ../clib/printf_percent.s                 0x00000000   Number         0  _printf_x.o ABSOLUTE
    ../clib/printf_percent.s                 0x00000000   Number         0  _printf_d.o ABSOLUTE
    ../clib/printf_percent.s                 0x00000000   Number         0  _printf_percent.o ABSOLUTE
    ../clib/printf_percent.s                 0x00000000   Number         0  _printf_percent_end.o ABSOLUTE
    ../clib/signal.c                         0x00000000   Number         0  defsig_pvfn_inner.o ABSOLUTE
    ../clib/signal.c                         0x00000000   Number         0  defsig_rtmem_inner.o ABSOLUTE
    ../clib/signal.c                         0x00000000   Number         0  defsig_fpe_formal.o ABSOLUTE
    ../clib/signal.c                         0x00000000   Number         0  defsig_rtmem_formal.o ABSOLUTE
    ../clib/signal.c                         0x00000000   Number         0  defsig_other.o ABSOLUTE
    ../clib/signal.c                         0x00000000   Number         0  defsig_segv_inner.o ABSOLUTE
    ../clib/signal.c                         0x00000000   Number         0  defsig_cppl_inner.o ABSOLUTE
    ../clib/signal.c                         0x00000000   Number         0  defsig_stak_inner.o ABSOLUTE
    ../clib/signal.c                         0x00000000   Number         0  __raise.o ABSOLUTE
    ../clib/signal.c                         0x00000000   Number         0  defsig_rtmem_outer.o ABSOLUTE
    ../clib/signal.c                         0x00000000   Number         0  defsig_rtred_inner.o ABSOLUTE
    ../clib/signal.c                         0x00000000   Number         0  defsig_general.o ABSOLUTE
    ../clib/signal.c                         0x00000000   Number         0  defsig_fpe_inner.o ABSOLUTE
    ../clib/signal.c                         0x00000000   Number         0  defsig_abrt_inner.o ABSOLUTE
    ../clib/signal.c                         0x00000000   Number         0  defsig_fpe_outer.o ABSOLUTE
    ../clib/signal.c                         0x00000000   Number         0  defsig_exit.o ABSOLUTE
    ../clib/signal.s                         0x00000000   Number         0  defsig.o ABSOLUTE
    ../clib/stdlib.c                         0x00000000   Number         0  exit.o ABSOLUTE
    ../clib/string.c                         0x00000000   Number         0  strcmp.o ABSOLUTE
    ../fplib/cfplib/fpinit.c                 0x00000000   Number         0  fpinit.o ABSOLUTE
    D:\Installation\keilpack\Keil\ARM_Compiler\1.6.1\Source\retarget_io.c 0x00000000   Number         0  retarget_io.o ABSOLUTE
    Drv\\src\\adc.c                          0x00000000   Number         0  adc.o ABSOLUTE
    Drv\\src\\bpwm.c                         0x00000000   Number         0  bpwm.o ABSOLUTE
    Drv\\src\\can.c                          0x00000000   Number         0  can.o ABSOLUTE
    Drv\\src\\clk.c                          0x00000000   Number         0  clk.o ABSOLUTE
    Drv\\src\\fmc.c                          0x00000000   Number         0  fmc.o ABSOLUTE
    Drv\\src\\gpio.c                         0x00000000   Number         0  gpio.o ABSOLUTE
    Drv\\src\\i2c.c                          0x00000000   Number         0  i2c.o ABSOLUTE
    Drv\\src\\pwm.c                          0x00000000   Number         0  pwm.o ABSOLUTE
    Drv\\src\\spi.c                          0x00000000   Number         0  spi.o ABSOLUTE
    Drv\\src\\sys.c                          0x00000000   Number         0  sys.o ABSOLUTE
    Drv\\src\\timer.c                        0x00000000   Number         0  timer.o ABSOLUTE
    Drv\\src\\uart.c                         0x00000000   Number         0  uart.o ABSOLUTE
    Drv\\src\\wdt.c                          0x00000000   Number         0  wdt.o ABSOLUTE
    Drv\\src\\wwdt.c                         0x00000000   Number         0  wwdt.o ABSOLUTE
    Drv\src\adc.c                            0x00000000   Number         0  adc.o ABSOLUTE
    Drv\src\bpwm.c                           0x00000000   Number         0  bpwm.o ABSOLUTE
    Drv\src\can.c                            0x00000000   Number         0  can.o ABSOLUTE
    Drv\src\clk.c                            0x00000000   Number         0  clk.o ABSOLUTE
    Drv\src\fmc.c                            0x00000000   Number         0  fmc.o ABSOLUTE
    Drv\src\gpio.c                           0x00000000   Number         0  gpio.o ABSOLUTE
    Drv\src\i2c.c                            0x00000000   Number         0  i2c.o ABSOLUTE
    Drv\src\pwm.c                            0x00000000   Number         0  pwm.o ABSOLUTE
    Drv\src\spi.c                            0x00000000   Number         0  spi.o ABSOLUTE
    Drv\src\sys.c                            0x00000000   Number         0  sys.o ABSOLUTE
    Drv\src\timer.c                          0x00000000   Number         0  timer.o ABSOLUTE
    Drv\src\uart.c                           0x00000000   Number         0  uart.o ABSOLUTE
    Drv\src\wdt.c                            0x00000000   Number         0  wdt.o ABSOLUTE
    Drv\src\wwdt.c                           0x00000000   Number         0  wwdt.o ABSOLUTE
    EthernetQuanGui\ENC28J60.C               0x00000000   Number         0  enc28j60.o ABSOLUTE
    EthernetQuanGui\\ENC28J60.C              0x00000000   Number         0  enc28j60.o ABSOLUTE
    Ethernet\STM_ENC28_J60.c                 0x00000000   Number         0  stm_enc28_j60.o ABSOLUTE
    Ethernet\\STM_ENC28_J60.c                0x00000000   Number         0  stm_enc28_j60.o ABSOLUTE
    InternetProtocol\\ip_arp_udp_tcp.c       0x00000000   Number         0  ip_arp_udp_tcp.o ABSOLUTE
    InternetProtocol\ip_arp_udp_tcp.c        0x00000000   Number         0  ip_arp_udp_tcp.o ABSOLUTE
    RTE\Device\NUC131SD2AE\retarget.c        0x00000000   Number         0  retarget.o ABSOLUTE
    RTE\Device\NUC131SD2AE\startup_NUC131.s  0x00000000   Number         0  startup_nuc131.o ABSOLUTE
    RTE\Device\NUC131SD2AE\system_NUC131.c   0x00000000   Number         0  system_nuc131.o ABSOLUTE
    RTE\\Device\\NUC131SD2AE\\retarget.c     0x00000000   Number         0  retarget.o ABSOLUTE
    RTE\\Device\\NUC131SD2AE\\system_NUC131.c 0x00000000   Number         0  system_nuc131.o ABSOLUTE
    RTOS\\portable\\RVDS\\ARM_CM0\\port.c    0x00000000   Number         0  port.o ABSOLUTE
    RTOS\event_groups.c                      0x00000000   Number         0  event_groups.o ABSOLUTE
    RTOS\list.c                              0x00000000   Number         0  list.o ABSOLUTE
    RTOS\portable\MemMang\heap_1.c           0x00000000   Number         0  heap_1.o ABSOLUTE
    RTOS\portable\RVDS\ARM_CM0\port.c        0x00000000   Number         0  port.o ABSOLUTE
    RTOS\queue.c                             0x00000000   Number         0  queue.o ABSOLUTE
    RTOS\tasks.c                             0x00000000   Number         0  tasks.o ABSOLUTE
    RTOS\timers.c                            0x00000000   Number         0  timers.o ABSOLUTE
    dc.s                                     0x00000000   Number         0  dc.o ABSOLUTE
    main.c                                   0x00000000   Number         0  main.o ABSOLUTE
    main.c                                   0x00000000   Number         0  main.o ABSOLUTE
    w5500\loopback.c                         0x00000000   Number         0  loopback.o ABSOLUTE
    w5500\socket.c                           0x00000000   Number         0  socket.o ABSOLUTE
    w5500\w5500.c                            0x00000000   Number         0  w5500.o ABSOLUTE
    w5500\wizchip_conf.c                     0x00000000   Number         0  wizchip_conf.o ABSOLUTE
    !!!main                                  0x000000c0   Section        8  __main.o(!!!main)
    !!!scatter                               0x000000c8   Section       60  __scatter.o(!!!scatter)
    !!handler_copy                           0x00000104   Section       26  __scatter_copy.o(!!handler_copy)
    !!handler_zi                             0x00000120   Section       28  __scatter_zi.o(!!handler_zi)
    .ARM.Collect$$_printf_percent$$00000000  0x0000013c   Section        2  _printf_percent.o(.ARM.Collect$$_printf_percent$$00000000)
    .ARM.Collect$$_printf_percent$$0000000C  0x0000013e   Section       10  _printf_x.o(.ARM.Collect$$_printf_percent$$0000000C)
    .ARM.Collect$$_printf_percent$$00000017  0x00000148   Section        4  _printf_percent_end.o(.ARM.Collect$$_printf_percent$$00000017)
    .ARM.Collect$$libinit$$00000000          0x0000014c   Section        2  libinit.o(.ARM.Collect$$libinit$$00000000)
    .ARM.Collect$$libinit$$00000002          0x0000014e   Section        0  libinit2.o(.ARM.Collect$$libinit$$00000002)
    .ARM.Collect$$libinit$$00000004          0x0000014e   Section        0  libinit2.o(.ARM.Collect$$libinit$$00000004)
    .ARM.Collect$$libinit$$0000000A          0x0000014e   Section        0  libinit2.o(.ARM.Collect$$libinit$$0000000A)
    .ARM.Collect$$libinit$$0000000C          0x0000014e   Section        0  libinit2.o(.ARM.Collect$$libinit$$0000000C)
    .ARM.Collect$$libinit$$0000000E          0x0000014e   Section        0  libinit2.o(.ARM.Collect$$libinit$$0000000E)
    .ARM.Collect$$libinit$$00000011          0x0000014e   Section        0  libinit2.o(.ARM.Collect$$libinit$$00000011)
    .ARM.Collect$$libinit$$00000013          0x0000014e   Section        0  libinit2.o(.ARM.Collect$$libinit$$00000013)
    .ARM.Collect$$libinit$$00000015          0x0000014e   Section        0  libinit2.o(.ARM.Collect$$libinit$$00000015)
    .ARM.Collect$$libinit$$00000017          0x0000014e   Section        0  libinit2.o(.ARM.Collect$$libinit$$00000017)
    .ARM.Collect$$libinit$$00000019          0x0000014e   Section        0  libinit2.o(.ARM.Collect$$libinit$$00000019)
    .ARM.Collect$$libinit$$0000001B          0x0000014e   Section        0  libinit2.o(.ARM.Collect$$libinit$$0000001B)
    .ARM.Collect$$libinit$$0000001D          0x0000014e   Section        0  libinit2.o(.ARM.Collect$$libinit$$0000001D)
    .ARM.Collect$$libinit$$0000001F          0x0000014e   Section        0  libinit2.o(.ARM.Collect$$libinit$$0000001F)
    .ARM.Collect$$libinit$$00000021          0x0000014e   Section        0  libinit2.o(.ARM.Collect$$libinit$$00000021)
    .ARM.Collect$$libinit$$00000023          0x0000014e   Section        0  libinit2.o(.ARM.Collect$$libinit$$00000023)
    .ARM.Collect$$libinit$$00000025          0x0000014e   Section        0  libinit2.o(.ARM.Collect$$libinit$$00000025)
    .ARM.Collect$$libinit$$0000002C          0x0000014e   Section        0  libinit2.o(.ARM.Collect$$libinit$$0000002C)
    .ARM.Collect$$libinit$$0000002E          0x0000014e   Section        0  libinit2.o(.ARM.Collect$$libinit$$0000002E)
    .ARM.Collect$$libinit$$00000030          0x0000014e   Section        0  libinit2.o(.ARM.Collect$$libinit$$00000030)
    .ARM.Collect$$libinit$$00000032          0x0000014e   Section        0  libinit2.o(.ARM.Collect$$libinit$$00000032)
    .ARM.Collect$$libinit$$00000033          0x0000014e   Section        2  libinit2.o(.ARM.Collect$$libinit$$00000033)
    .ARM.Collect$$libshutdown$$00000000      0x00000150   Section        2  libshutdown.o(.ARM.Collect$$libshutdown$$00000000)
    .ARM.Collect$$libshutdown$$00000002      0x00000152   Section        0  libshutdown2.o(.ARM.Collect$$libshutdown$$00000002)
    .ARM.Collect$$libshutdown$$00000004      0x00000152   Section        0  libshutdown2.o(.ARM.Collect$$libshutdown$$00000004)
    .ARM.Collect$$libshutdown$$00000007      0x00000152   Section        0  libshutdown2.o(.ARM.Collect$$libshutdown$$00000007)
    .ARM.Collect$$libshutdown$$0000000A      0x00000152   Section        0  libshutdown2.o(.ARM.Collect$$libshutdown$$0000000A)
    .ARM.Collect$$libshutdown$$0000000C      0x00000152   Section        0  libshutdown2.o(.ARM.Collect$$libshutdown$$0000000C)
    .ARM.Collect$$libshutdown$$0000000F      0x00000152   Section        0  libshutdown2.o(.ARM.Collect$$libshutdown$$0000000F)
    .ARM.Collect$$libshutdown$$00000010      0x00000152   Section        2  libshutdown2.o(.ARM.Collect$$libshutdown$$00000010)
    .ARM.Collect$$rtentry$$00000000          0x00000154   Section        0  __rtentry.o(.ARM.Collect$$rtentry$$00000000)
    .ARM.Collect$$rtentry$$00000002          0x00000154   Section        0  __rtentry2.o(.ARM.Collect$$rtentry$$00000002)
    .ARM.Collect$$rtentry$$00000004          0x00000154   Section        6  __rtentry4.o(.ARM.Collect$$rtentry$$00000004)
    .ARM.Collect$$rtentry$$00000009          0x0000015a   Section        0  __rtentry2.o(.ARM.Collect$$rtentry$$00000009)
    .ARM.Collect$$rtentry$$0000000A          0x0000015a   Section        4  __rtentry2.o(.ARM.Collect$$rtentry$$0000000A)
    .ARM.Collect$$rtentry$$0000000C          0x0000015e   Section        0  __rtentry2.o(.ARM.Collect$$rtentry$$0000000C)
    .ARM.Collect$$rtentry$$0000000D          0x0000015e   Section        8  __rtentry2.o(.ARM.Collect$$rtentry$$0000000D)
    .ARM.Collect$$rtexit$$00000000           0x00000166   Section        2  rtexit.o(.ARM.Collect$$rtexit$$00000000)
    .ARM.Collect$$rtexit$$00000002           0x00000168   Section        0  rtexit2.o(.ARM.Collect$$rtexit$$00000002)
    .ARM.Collect$$rtexit$$00000003           0x00000168   Section        4  rtexit2.o(.ARM.Collect$$rtexit$$00000003)
    .ARM.Collect$$rtexit$$00000004           0x0000016c   Section        6  rtexit2.o(.ARM.Collect$$rtexit$$00000004)
    .emb_text                                0x00000174   Section      120  port.o(.emb_text)
    .emb_text                                0x000001ec   Section       28  retarget.o(.emb_text)
    .emb_text                                0x00000208   Section       56  rt_memcpy.o(.emb_text)
    .text                                    0x00000240   Section      100  startup_nuc131.o(.text)
    Default_Handler                          0x0000026b   Thumb Code     2  startup_nuc131.o(.text)
    .text                                    0x000002a4   Section        0  noretval__2printf.o(.text)
    .text                                    0x000002c0   Section        0  _printf_hex_int.o(.text)
    .text                                    0x00000318   Section        0  __printf_ss_wp.o(.text)
    .text                                    0x00000478   Section        0  rt_memclr.o(.text)
    .text                                    0x000004b8   Section      346  aeabi_sdiv.o(.text)
    .text                                    0x00000612   Section        0  heapauxi.o(.text)
    .text                                    0x00000618   Section        0  _printf_intcommon.o(.text)
    .text                                    0x000006c8   Section        0  _printf_char_file.o(.text)
    .text                                    0x000006f0   Section        0  _printf_char_common.o(.text)
    _printf_input_char                       0x000006f1   Thumb Code    10  _printf_char_common.o(.text)
    .text                                    0x00000720   Section       62  sys_stackheap_outer.o(.text)
    .text                                    0x0000075e   Section        0  exit.o(.text)
    .text                                    0x00000770   Section        8  libspace.o(.text)
    .text                                    0x00000778   Section        0  sys_exit.o(.text)
    .text                                    0x00000784   Section        2  use_no_semi.o(.text)
    .text                                    0x00000786   Section        0  indicate_semi.o(.text)
    i.CLK_EnableModuleClock                  0x00000788   Section        0  clk.o(i.CLK_EnableModuleClock)
    i.CLK_EnableXtalRC                       0x000007c4   Section        0  clk.o(i.CLK_EnableXtalRC)
    i.CLK_GetHCLKFreq                        0x000007d4   Section        0  clk.o(i.CLK_GetHCLKFreq)
    i.CLK_GetPLLClockFreq                    0x000007e4   Section        0  spi.o(i.CLK_GetPLLClockFreq)
    CLK_GetPLLClockFreq                      0x000007e5   Thumb Code   112  spi.o(i.CLK_GetPLLClockFreq)
    i.CLK_GetPLLClockFreq                    0x00000864   Section        0  system_nuc131.o(i.CLK_GetPLLClockFreq)
    CLK_GetPLLClockFreq                      0x00000865   Thumb Code   112  system_nuc131.o(i.CLK_GetPLLClockFreq)
    i.CLK_SetHCLK                            0x000008e4   Section        0  clk.o(i.CLK_SetHCLK)
    i.CLK_SetModuleClock                     0x00000950   Section        0  clk.o(i.CLK_SetModuleClock)
    i.CLK_WaitClockReady                     0x000009c4   Section        0  clk.o(i.CLK_WaitClockReady)
    i.GPIO_SetMode                           0x000009ec   Section        0  gpio.o(i.GPIO_SetMode)
    i.Hard_Fault_Handler                     0x00000a1c   Section        0  retarget.o(i.Hard_Fault_Handler)
    __tagsym$$used                           0x00000a1d   Number         0  retarget.o(i.Hard_Fault_Handler)
    i.SPI_DisableAutoSS                      0x00000a48   Section        0  spi.o(i.SPI_DisableAutoSS)
    i.SPI_Init                               0x00000a54   Section        0  main.o(i.SPI_Init)
    i.SPI_Open                               0x00000a78   Section        0  spi.o(i.SPI_Open)
    i.SVC_Handler                            0x00000b98   Section        0  port.o(i.SVC_Handler)
    i.SYS_Init                               0x00000b9c   Section        0  main.o(i.SYS_Init)
    i.SendChar                               0x00000c28   Section        0  retarget.o(i.SendChar)
    i.SendChar_ToUART                        0x00000c34   Section        0  retarget.o(i.SendChar_ToUART)
    i.SysTick_Handler                        0x00000c68   Section        0  port.o(i.SysTick_Handler)
    i.SystemCoreClockUpdate                  0x00000c8c   Section        0  system_nuc131.o(i.SystemCoreClockUpdate)
    i.SystemInit                             0x00000cf0   Section        0  system_nuc131.o(i.SystemInit)
    i.WIZCHIP_READ                           0x00000cf4   Section        0  w5500.o(i.WIZCHIP_READ)
    i.WIZCHIP_READ_BUF                       0x00000d7c   Section        0  w5500.o(i.WIZCHIP_READ_BUF)
    i.WIZCHIP_WRITE                          0x00000e1c   Section        0  w5500.o(i.WIZCHIP_WRITE)
    i.WIZCHIP_WRITE_BUF                      0x00000ea0   Section        0  w5500.o(i.WIZCHIP_WRITE_BUF)
    i._is_digit                              0x00000f3c   Section        0  __printf_wp.o(i._is_digit)
    i.close                                  0x00000f4c   Section        0  socket.o(i.close)
    i.connect                                0x00000fe8   Section        0  socket.o(i.connect)
    i.cs_desel                               0x00001140   Section        0  main.o(i.cs_desel)
    i.cs_sel                                 0x0000114c   Section        0  main.o(i.cs_sel)
    i.ferror                                 0x00001158   Section        0  retarget.o(i.ferror)
    i.fputc                                  0x00001160   Section        0  retarget.o(i.fputc)
    i.getSn_RX_RSR                           0x00001170   Section        0  w5500.o(i.getSn_RX_RSR)
    i.getSn_TX_FSR                           0x000011de   Section        0  w5500.o(i.getSn_TX_FSR)
    i.main                                   0x0000124c   Section        0  main.o(i.main)
    i.prvResetNextTaskUnblockTime            0x00001340   Section        0  tasks.o(i.prvResetNextTaskUnblockTime)
    prvResetNextTaskUnblockTime              0x00001341   Thumb Code    46  tasks.o(i.prvResetNextTaskUnblockTime)
    i.rb                                     0x00001378   Section        0  main.o(i.rb)
    i.recv                                   0x000013a4   Section        0  socket.o(i.recv)
    i.reg_wizchip_cs_cbfunc                  0x000014c4   Section        0  wizchip_conf.o(i.reg_wizchip_cs_cbfunc)
    i.reg_wizchip_spi_cbfunc                 0x000014f0   Section        0  wizchip_conf.o(i.reg_wizchip_spi_cbfunc)
    i.send                                   0x0000152c   Section        0  socket.o(i.send)
    i.socket                                 0x000016a4   Section        0  socket.o(i.socket)
    i.stackDump                              0x00001840   Section        0  retarget.o(i.stackDump)
    stackDump                                0x00001841   Thumb Code    70  retarget.o(i.stackDump)
    i.uxListRemove                           0x000018e8   Section        0  list.o(i.uxListRemove)
    i.vListInsertEnd                         0x00001910   Section        0  list.o(i.vListInsertEnd)
    i.vTaskSwitchContext                     0x00001928   Section        0  tasks.o(i.vTaskSwitchContext)
    i.wb                                     0x000019a0   Section        0  main.o(i.wb)
    i.wiz_recv_data                          0x000019c4   Section        0  w5500.o(i.wiz_recv_data)
    i.wiz_send_data                          0x00001a4a   Section        0  w5500.o(i.wiz_send_data)
    i.wizchip_bus_readdata                   0x00001ad0   Section        0  wizchip_conf.o(i.wizchip_bus_readdata)
    i.wizchip_bus_writedata                  0x00001ad6   Section        0  wizchip_conf.o(i.wizchip_bus_writedata)
    i.wizchip_cris_enter                     0x00001ada   Section        0  wizchip_conf.o(i.wizchip_cris_enter)
    i.wizchip_cris_exit                      0x00001adc   Section        0  wizchip_conf.o(i.wizchip_cris_exit)
    i.wizchip_cs_deselect                    0x00001ade   Section        0  wizchip_conf.o(i.wizchip_cs_deselect)
    i.wizchip_cs_select                      0x00001ae0   Section        0  wizchip_conf.o(i.wizchip_cs_select)
    i.wizchip_getnetinfo                     0x00001ae4   Section        0  wizchip_conf.o(i.wizchip_getnetinfo)
    i.wizchip_init                           0x00001b40   Section        0  wizchip_conf.o(i.wizchip_init)
    i.wizchip_setnetinfo                     0x00001bd0   Section        0  wizchip_conf.o(i.wizchip_setnetinfo)
    i.wizchip_spi_readbyte                   0x00001c28   Section        0  wizchip_conf.o(i.wizchip_spi_readbyte)
    i.wizchip_spi_writebyte                  0x00001c2c   Section        0  wizchip_conf.o(i.wizchip_spi_writebyte)
    i.wizchip_sw_reset                       0x00001c2e   Section        0  wizchip_conf.o(i.wizchip_sw_reset)
    i.xTaskIncrementTick                     0x00001ca0   Section        0  tasks.o(i.xTaskIncrementTick)
    .constdata                               0x00001dc0   Section       23  main.o(.constdata)
    .constdata                               0x00001dd8   Section       48  clk.o(.constdata)
    .constdata                               0x00001e08   Section       40  _printf_hex_int.o(.constdata)
    uc_hextab                                0x00001e08   Data          20  _printf_hex_int.o(.constdata)
    lc_hextab                                0x00001e1c   Data          20  _printf_hex_int.o(.constdata)
    .data                                    0x20000000   Section       60  tasks.o(.data)
    pxDelayedTaskList                        0x20000004   Data           4  tasks.o(.data)
    pxOverflowDelayedTaskList                0x20000008   Data           4  tasks.o(.data)
    uxDeletedTasksWaitingCleanUp             0x2000000c   Data           4  tasks.o(.data)
    uxCurrentNumberOfTasks                   0x20000010   Data           4  tasks.o(.data)
    xTickCount                               0x20000014   Data           4  tasks.o(.data)
    uxTopReadyPriority                       0x20000018   Data           4  tasks.o(.data)
    xSchedulerRunning                        0x2000001c   Data           4  tasks.o(.data)
    uxPendedTicks                            0x20000020   Data           4  tasks.o(.data)
    xYieldPending                            0x20000024   Data           4  tasks.o(.data)
    xNumOfOverflows                          0x20000028   Data           4  tasks.o(.data)
    uxTaskNumber                             0x2000002c   Data           4  tasks.o(.data)
    xNextTaskUnblockTime                     0x20000030   Data           4  tasks.o(.data)
    xIdleTaskHandle                          0x20000034   Data           4  tasks.o(.data)
    uxSchedulerSuspended                     0x20000038   Data           4  tasks.o(.data)
    .data                                    0x2000003c   Section       14  socket.o(.data)
    sock_any_port                            0x2000003c   Data           2  socket.o(.data)
    sock_io_mode                             0x2000003e   Data           2  socket.o(.data)
    sock_is_sending                          0x20000040   Data           2  socket.o(.data)
    .data                                    0x2000004c   Section       49  wizchip_conf.o(.data)
    _DNS_                                    0x20000078   Data           4  wizchip_conf.o(.data)
    _DHCP_                                   0x2000007c   Data           1  wizchip_conf.o(.data)
    .data                                    0x20000080   Section        8  retarget.o(.data)
    .data                                    0x20000088   Section       44  system_nuc131.o(.data)
    .bss                                     0x200000b4   Section      200  tasks.o(.bss)
    pxReadyTasksLists                        0x200000b4   Data         100  tasks.o(.bss)
    xDelayedTaskList1                        0x20000118   Data          20  tasks.o(.bss)
    xDelayedTaskList2                        0x2000012c   Data          20  tasks.o(.bss)
    xPendingReadyList                        0x20000140   Data          20  tasks.o(.bss)
    xTasksWaitingTermination                 0x20000154   Data          20  tasks.o(.bss)
    xSuspendedTaskList                       0x20000168   Data          20  tasks.o(.bss)
    .bss                                     0x2000017c   Section       16  socket.o(.bss)
    sock_remained_size                       0x2000017c   Data          16  socket.o(.bss)
    .bss                                     0x2000018c   Section       96  libspace.o(.bss)
    HEAP                                     0x200001f0   Section        0  startup_nuc131.o(HEAP)
    STACK                                    0x200001f0   Section     1024  startup_nuc131.o(STACK)
    Heap_Mem                                 0x200001f0   Data           0  startup_nuc131.o(HEAP)
    Stack_Mem                                0x200001f0   Data        1024  startup_nuc131.o(STACK)
    __initial_sp                             0x200005f0   Data           0  startup_nuc131.o(STACK)

    Global Symbols

    Symbol Name                              Value     Ov Type        Size  Object(Section)

    BuildAttributes$$THM_ISAv3M$S$PE$A:L22$X:L11$S22$IEEE1$IW$USESV6$~STKCKD$USESV7$~SHL$OSPACE$ROPI$EBA8$UX$STANDARDLIB$REQ8$PRES8$EABIv2 0x00000000   Number         0  anon$$obj.o ABSOLUTE
    __ARM_use_no_argv                        0x00000000   Number         0  main.o ABSOLUTE
    __Vectors                                0x00000000   Data           4  startup_nuc131.o(RESET)
    _printf_flags                            0x00000000   Number         0  printf_stubs.o ABSOLUTE
    _printf_return_value                     0x00000000   Number         0  printf_stubs.o ABSOLUTE
    _printf_sizespec                         0x00000000   Number         0  printf_stubs.o ABSOLUTE
    _printf_widthprec                        0x00000000   Number         0  printf_stubs.o ABSOLUTE
    __ARM_exceptions_init                     - Undefined Weak Reference
    __alloca_initialize                       - Undefined Weak Reference
    __arm_preinit_                            - Undefined Weak Reference
    __cpp_initialize__aeabi_                  - Undefined Weak Reference
    __cxa_finalize                            - Undefined Weak Reference
    __rt_locale                               - Undefined Weak Reference
    __sigvec_lookup                           - Undefined Weak Reference
    _atexit_init                              - Undefined Weak Reference
    _call_atexit_fns                          - Undefined Weak Reference
    _clock_init                               - Undefined Weak Reference
    _fp_trap_init                             - Undefined Weak Reference
    _fp_trap_shutdown                         - Undefined Weak Reference
    _get_lc_collate                           - Undefined Weak Reference
    _get_lc_ctype                             - Undefined Weak Reference
    _get_lc_monetary                          - Undefined Weak Reference
    _get_lc_numeric                           - Undefined Weak Reference
    _get_lc_time                              - Undefined Weak Reference
    _getenv_init                              - Undefined Weak Reference
    _handle_redirection                       - Undefined Weak Reference
    _init_alloc                               - Undefined Weak Reference
    _init_user_alloc                          - Undefined Weak Reference
    _initio                                   - Undefined Weak Reference
    _printf_post_padding                      - Undefined Weak Reference
    _printf_pre_padding                       - Undefined Weak Reference
    _printf_truncate_signed                   - Undefined Weak Reference
    _printf_truncate_unsigned                 - Undefined Weak Reference
    _rand_init                                - Undefined Weak Reference
    _signal_finish                            - Undefined Weak Reference
    _signal_init                              - Undefined Weak Reference
    _terminate_alloc                          - Undefined Weak Reference
    _terminate_user_alloc                     - Undefined Weak Reference
    _terminateio                              - Undefined Weak Reference
    __main                                   0x000000c1   Thumb Code     8  __main.o(!!!main)
    __scatterload                            0x000000c9   Thumb Code     0  __scatter.o(!!!scatter)
    __scatterload_rt2                        0x000000c9   Thumb Code    52  __scatter.o(!!!scatter)
    __scatterload_rt2_thumb_only             0x000000c9   Thumb Code     0  __scatter.o(!!!scatter)
    __scatterload_null                       0x000000d9   Thumb Code     0  __scatter.o(!!!scatter)
    __scatterload_copy                       0x00000105   Thumb Code    26  __scatter_copy.o(!!handler_copy)
    __scatterload_zeroinit                   0x00000121   Thumb Code    28  __scatter_zi.o(!!handler_zi)
    _printf_percent                          0x0000013d   Thumb Code     0  _printf_percent.o(.ARM.Collect$$_printf_percent$$00000000)
    _printf_x                                0x0000013f   Thumb Code     0  _printf_x.o(.ARM.Collect$$_printf_percent$$0000000C)
    _printf_percent_end                      0x00000149   Thumb Code     0  _printf_percent_end.o(.ARM.Collect$$_printf_percent$$00000017)
    __rt_lib_init                            0x0000014d   Thumb Code     0  libinit.o(.ARM.Collect$$libinit$$00000000)
    __rt_lib_init_alloca_1                   0x0000014f   Thumb Code     0  libinit2.o(.ARM.Collect$$libinit$$0000002E)
    __rt_lib_init_argv_1                     0x0000014f   Thumb Code     0  libinit2.o(.ARM.Collect$$libinit$$0000002C)
    __rt_lib_init_atexit_1                   0x0000014f   Thumb Code     0  libinit2.o(.ARM.Collect$$libinit$$0000001B)
    __rt_lib_init_clock_1                    0x0000014f   Thumb Code     0  libinit2.o(.ARM.Collect$$libinit$$00000021)
    __rt_lib_init_cpp_1                      0x0000014f   Thumb Code     0  libinit2.o(.ARM.Collect$$libinit$$00000032)
    __rt_lib_init_exceptions_1               0x0000014f   Thumb Code     0  libinit2.o(.ARM.Collect$$libinit$$00000030)
    __rt_lib_init_fp_1                       0x0000014f   Thumb Code     0  libinit2.o(.ARM.Collect$$libinit$$00000002)
    __rt_lib_init_fp_trap_1                  0x0000014f   Thumb Code     0  libinit2.o(.ARM.Collect$$libinit$$0000001F)
    __rt_lib_init_getenv_1                   0x0000014f   Thumb Code     0  libinit2.o(.ARM.Collect$$libinit$$00000023)
    __rt_lib_init_heap_1                     0x0000014f   Thumb Code     0  libinit2.o(.ARM.Collect$$libinit$$0000000A)
    __rt_lib_init_lc_collate_1               0x0000014f   Thumb Code     0  libinit2.o(.ARM.Collect$$libinit$$00000011)
    __rt_lib_init_lc_ctype_1                 0x0000014f   Thumb Code     0  libinit2.o(.ARM.Collect$$libinit$$00000013)
    __rt_lib_init_lc_monetary_1              0x0000014f   Thumb Code     0  libinit2.o(.ARM.Collect$$libinit$$00000015)
    __rt_lib_init_lc_numeric_1               0x0000014f   Thumb Code     0  libinit2.o(.ARM.Collect$$libinit$$00000017)
    __rt_lib_init_lc_time_1                  0x0000014f   Thumb Code     0  libinit2.o(.ARM.Collect$$libinit$$00000019)
    __rt_lib_init_preinit_1                  0x0000014f   Thumb Code     0  libinit2.o(.ARM.Collect$$libinit$$00000004)
    __rt_lib_init_rand_1                     0x0000014f   Thumb Code     0  libinit2.o(.ARM.Collect$$libinit$$0000000E)
    __rt_lib_init_return                     0x0000014f   Thumb Code     0  libinit2.o(.ARM.Collect$$libinit$$00000033)
    __rt_lib_init_signal_1                   0x0000014f   Thumb Code     0  libinit2.o(.ARM.Collect$$libinit$$0000001D)
    __rt_lib_init_stdio_1                    0x0000014f   Thumb Code     0  libinit2.o(.ARM.Collect$$libinit$$00000025)
    __rt_lib_init_user_alloc_1               0x0000014f   Thumb Code     0  libinit2.o(.ARM.Collect$$libinit$$0000000C)
    __rt_lib_shutdown                        0x00000151   Thumb Code     0  libshutdown.o(.ARM.Collect$$libshutdown$$00000000)
    __rt_lib_shutdown_cpp_1                  0x00000153   Thumb Code     0  libshutdown2.o(.ARM.Collect$$libshutdown$$00000002)
    __rt_lib_shutdown_fp_trap_1              0x00000153   Thumb Code     0  libshutdown2.o(.ARM.Collect$$libshutdown$$00000007)
    __rt_lib_shutdown_heap_1                 0x00000153   Thumb Code     0  libshutdown2.o(.ARM.Collect$$libshutdown$$0000000F)
    __rt_lib_shutdown_return                 0x00000153   Thumb Code     0  libshutdown2.o(.ARM.Collect$$libshutdown$$00000010)
    __rt_lib_shutdown_signal_1               0x00000153   Thumb Code     0  libshutdown2.o(.ARM.Collect$$libshutdown$$0000000A)
    __rt_lib_shutdown_stdio_1                0x00000153   Thumb Code     0  libshutdown2.o(.ARM.Collect$$libshutdown$$00000004)
    __rt_lib_shutdown_user_alloc_1           0x00000153   Thumb Code     0  libshutdown2.o(.ARM.Collect$$libshutdown$$0000000C)
    __rt_entry                               0x00000155   Thumb Code     0  __rtentry.o(.ARM.Collect$$rtentry$$00000000)
    __rt_entry_presh_1                       0x00000155   Thumb Code     0  __rtentry2.o(.ARM.Collect$$rtentry$$00000002)
    __rt_entry_sh                            0x00000155   Thumb Code     0  __rtentry4.o(.ARM.Collect$$rtentry$$00000004)
    __rt_entry_li                            0x0000015b   Thumb Code     0  __rtentry2.o(.ARM.Collect$$rtentry$$0000000A)
    __rt_entry_postsh_1                      0x0000015b   Thumb Code     0  __rtentry2.o(.ARM.Collect$$rtentry$$00000009)
    __rt_entry_main                          0x0000015f   Thumb Code     0  __rtentry2.o(.ARM.Collect$$rtentry$$0000000D)
    __rt_entry_postli_1                      0x0000015f   Thumb Code     0  __rtentry2.o(.ARM.Collect$$rtentry$$0000000C)
    __rt_exit                                0x00000167   Thumb Code     0  rtexit.o(.ARM.Collect$$rtexit$$00000000)
    __rt_exit_ls                             0x00000169   Thumb Code     0  rtexit2.o(.ARM.Collect$$rtexit$$00000003)
    __rt_exit_prels_1                        0x00000169   Thumb Code     0  rtexit2.o(.ARM.Collect$$rtexit$$00000002)
    __rt_exit_exit                           0x0000016d   Thumb Code     0  rtexit2.o(.ARM.Collect$$rtexit$$00000004)
    __asm___6_port_c_39a90d8d__prvPortStartFirstTask 0x00000175   Thumb Code    36  port.o(.emb_text)
    ulSetInterruptMaskFromISR                0x0000019d   Thumb Code     8  port.o(.emb_text)
    vClearInterruptMaskFromISR               0x000001a5   Thumb Code     6  port.o(.emb_text)
    PendSV_Handler                           0x000001ab   Thumb Code    62  port.o(.emb_text)
    HardFault_Handler                        0x000001ed   Thumb Code    24  retarget.o(.emb_text)
    __aeabi_memcpy4                          0x00000209   Thumb Code    56  rt_memcpy.o(.emb_text)
    __aeabi_memcpy8                          0x00000209   Thumb Code     0  rt_memcpy.o(.emb_text)
    Reset_Handler                            0x00000241   Thumb Code    32  startup_nuc131.o(.text)
    NMI_Handler                              0x00000261   Thumb Code     2  startup_nuc131.o(.text)
    ADC_IRQHandler                           0x0000026b   Thumb Code     0  startup_nuc131.o(.text)
    BOD_IRQHandler                           0x0000026b   Thumb Code     0  startup_nuc131.o(.text)
    BPWM0_IRQHandler                         0x0000026b   Thumb Code     0  startup_nuc131.o(.text)
    BPWM1_IRQHandler                         0x0000026b   Thumb Code     0  startup_nuc131.o(.text)
    BRAKE0_IRQHandler                        0x0000026b   Thumb Code     0  startup_nuc131.o(.text)
    BRAKE1_IRQHandler                        0x0000026b   Thumb Code     0  startup_nuc131.o(.text)
    CAN0_IRQHandler                          0x0000026b   Thumb Code     0  startup_nuc131.o(.text)
    CAN1_IRQHandler                          0x0000026b   Thumb Code     0  startup_nuc131.o(.text)
    CKD_IRQHandler                           0x0000026b   Thumb Code     0  startup_nuc131.o(.text)
    EINT0_IRQHandler                         0x0000026b   Thumb Code     0  startup_nuc131.o(.text)
    EINT1_IRQHandler                         0x0000026b   Thumb Code     0  startup_nuc131.o(.text)
    GPAB_IRQHandler                          0x0000026b   Thumb Code     0  startup_nuc131.o(.text)
    GPCDEF_IRQHandler                        0x0000026b   Thumb Code     0  startup_nuc131.o(.text)
    I2C0_IRQHandler                          0x0000026b   Thumb Code     0  startup_nuc131.o(.text)
    I2C1_IRQHandler                          0x0000026b   Thumb Code     0  startup_nuc131.o(.text)
    PWM0_IRQHandler                          0x0000026b   Thumb Code     0  startup_nuc131.o(.text)
    PWM1_IRQHandler                          0x0000026b   Thumb Code     0  startup_nuc131.o(.text)
    PWRWU_IRQHandler                         0x0000026b   Thumb Code     0  startup_nuc131.o(.text)
    RTC_IRQHandler                           0x0000026b   Thumb Code     0  startup_nuc131.o(.text)
    SPI0_IRQHandler                          0x0000026b   Thumb Code     0  startup_nuc131.o(.text)
    TMR0_IRQHandler                          0x0000026b   Thumb Code     0  startup_nuc131.o(.text)
    TMR1_IRQHandler                          0x0000026b   Thumb Code     0  startup_nuc131.o(.text)
    TMR2_IRQHandler                          0x0000026b   Thumb Code     0  startup_nuc131.o(.text)
    TMR3_IRQHandler                          0x0000026b   Thumb Code     0  startup_nuc131.o(.text)
    UART02_IRQHandler                        0x0000026b   Thumb Code     0  startup_nuc131.o(.text)
    UART1_IRQHandler                         0x0000026b   Thumb Code     0  startup_nuc131.o(.text)
    UART3_IRQHandler                         0x0000026b   Thumb Code     0  startup_nuc131.o(.text)
    UART4_IRQHandler                         0x0000026b   Thumb Code     0  startup_nuc131.o(.text)
    UART5_IRQHandler                         0x0000026b   Thumb Code     0  startup_nuc131.o(.text)
    WDT_IRQHandler                           0x0000026b   Thumb Code     0  startup_nuc131.o(.text)
    __user_initial_stackheap                 0x0000026d   Thumb Code     0  startup_nuc131.o(.text)
    __2printf                                0x000002a5   Thumb Code    22  noretval__2printf.o(.text)
    _printf_int_hex                          0x000002c1   Thumb Code    84  _printf_hex_int.o(.text)
    _printf_longlong_hex                     0x000002c1   Thumb Code     0  _printf_hex_int.o(.text)
    __printf                                 0x00000319   Thumb Code   352  __printf_ss_wp.o(.text)
    _memset_w                                0x00000479   Thumb Code    26  rt_memclr.o(.text)
    _memset                                  0x00000493   Thumb Code    30  rt_memclr.o(.text)
    __aeabi_memclr                           0x000004b1   Thumb Code     4  rt_memclr.o(.text)
    __rt_memclr                              0x000004b1   Thumb Code     0  rt_memclr.o(.text)
    __aeabi_memclr4                          0x000004b5   Thumb Code     0  rt_memclr.o(.text)
    __aeabi_memclr8                          0x000004b5   Thumb Code     0  rt_memclr.o(.text)
    __rt_memclr_w                            0x000004b5   Thumb Code     4  rt_memclr.o(.text)
    __aeabi_uidiv                            0x000004b9   Thumb Code     0  aeabi_sdiv.o(.text)
    __aeabi_uidivmod                         0x000004b9   Thumb Code    20  aeabi_sdiv.o(.text)
    __aeabi_idiv                             0x000004cd   Thumb Code     0  aeabi_sdiv.o(.text)
    __aeabi_idivmod                          0x000004cd   Thumb Code   326  aeabi_sdiv.o(.text)
    __use_two_region_memory                  0x00000613   Thumb Code     2  heapauxi.o(.text)
    __rt_heap_escrow$2region                 0x00000615   Thumb Code     2  heapauxi.o(.text)
    __rt_heap_expand$2region                 0x00000617   Thumb Code     2  heapauxi.o(.text)
    _printf_int_common                       0x00000619   Thumb Code   176  _printf_intcommon.o(.text)
    _printf_char_file                        0x000006c9   Thumb Code    34  _printf_char_file.o(.text)
    _printf_char_common                      0x000006fb   Thumb Code    32  _printf_char_common.o(.text)
    __user_setup_stackheap                   0x00000721   Thumb Code    62  sys_stackheap_outer.o(.text)
    exit                                     0x0000075f   Thumb Code    16  exit.o(.text)
    __user_libspace                          0x00000771   Thumb Code     8  libspace.o(.text)
    __user_perproc_libspace                  0x00000771   Thumb Code     0  libspace.o(.text)
    __user_perthread_libspace                0x00000771   Thumb Code     0  libspace.o(.text)
    _sys_exit                                0x00000779   Thumb Code     8  sys_exit.o(.text)
    __I$use$semihosting                      0x00000785   Thumb Code     0  use_no_semi.o(.text)
    __use_no_semihosting_swi                 0x00000785   Thumb Code     2  use_no_semi.o(.text)
    __semihosting_library_function           0x00000787   Thumb Code     0  indicate_semi.o(.text)
    CLK_EnableModuleClock                    0x00000789   Thumb Code    52  clk.o(i.CLK_EnableModuleClock)
    CLK_EnableXtalRC                         0x000007c5   Thumb Code    12  clk.o(i.CLK_EnableXtalRC)
    CLK_GetHCLKFreq                          0x000007d5   Thumb Code    12  clk.o(i.CLK_GetHCLKFreq)
    CLK_SetHCLK                              0x000008e5   Thumb Code   102  clk.o(i.CLK_SetHCLK)
    CLK_SetModuleClock                       0x00000951   Thumb Code   108  clk.o(i.CLK_SetModuleClock)
    CLK_WaitClockReady                       0x000009c5   Thumb Code    32  clk.o(i.CLK_WaitClockReady)
    GPIO_SetMode                             0x000009ed   Thumb Code    46  gpio.o(i.GPIO_SetMode)
    Hard_Fault_Handler                       0x00000a1d   Thumb Code    18  retarget.o(i.Hard_Fault_Handler)
    SPI_DisableAutoSS                        0x00000a49   Thumb Code    10  spi.o(i.SPI_DisableAutoSS)
    SPI_Init                                 0x00000a55   Thumb Code    26  main.o(i.SPI_Init)
    SPI_Open                                 0x00000a79   Thumb Code   282  spi.o(i.SPI_Open)
    SVC_Handler                              0x00000b99   Thumb Code     2  port.o(i.SVC_Handler)
    SYS_Init                                 0x00000b9d   Thumb Code   128  main.o(i.SYS_Init)
    SendChar                                 0x00000c29   Thumb Code    12  retarget.o(i.SendChar)
    SendChar_ToUART                          0x00000c35   Thumb Code    48  retarget.o(i.SendChar_ToUART)
    SysTick_Handler                          0x00000c69   Thumb Code    32  port.o(i.SysTick_Handler)
    SystemCoreClockUpdate                    0x00000c8d   Thumb Code    76  system_nuc131.o(i.SystemCoreClockUpdate)
    SystemInit                               0x00000cf1   Thumb Code     2  system_nuc131.o(i.SystemInit)
    WIZCHIP_READ                             0x00000cf5   Thumb Code   132  w5500.o(i.WIZCHIP_READ)
    WIZCHIP_READ_BUF                         0x00000d7d   Thumb Code   156  w5500.o(i.WIZCHIP_READ_BUF)
    WIZCHIP_WRITE                            0x00000e1d   Thumb Code   128  w5500.o(i.WIZCHIP_WRITE)
    WIZCHIP_WRITE_BUF                        0x00000ea1   Thumb Code   150  w5500.o(i.WIZCHIP_WRITE_BUF)
    _is_digit                                0x00000f3d   Thumb Code    14  __printf_wp.o(i._is_digit)
    close                                    0x00000f4d   Thumb Code   138  socket.o(i.close)
    connect                                  0x00000fe9   Thumb Code   338  socket.o(i.connect)
    cs_desel                                 0x00001141   Thumb Code     8  main.o(i.cs_desel)
    cs_sel                                   0x0000114d   Thumb Code     8  main.o(i.cs_sel)
    ferror                                   0x00001159   Thumb Code     8  retarget.o(i.ferror)
    fputc                                    0x00001161   Thumb Code    16  retarget.o(i.fputc)
    getSn_RX_RSR                             0x00001171   Thumb Code   110  w5500.o(i.getSn_RX_RSR)
    getSn_TX_FSR                             0x000011df   Thumb Code   110  w5500.o(i.getSn_TX_FSR)
    main                                     0x0000124d   Thumb Code   182  main.o(i.main)
    rb                                       0x00001379   Thumb Code    40  main.o(i.rb)
    recv                                     0x000013a5   Thumb Code   284  socket.o(i.recv)
    reg_wizchip_cs_cbfunc                    0x000014c5   Thumb Code    30  wizchip_conf.o(i.reg_wizchip_cs_cbfunc)
    reg_wizchip_spi_cbfunc                   0x000014f1   Thumb Code    46  wizchip_conf.o(i.reg_wizchip_spi_cbfunc)
    send                                     0x0000152d   Thumb Code   366  socket.o(i.send)
    socket                                   0x000016a5   Thumb Code   386  socket.o(i.socket)
    uxListRemove                             0x000018e9   Thumb Code    40  list.o(i.uxListRemove)
    vListInsertEnd                           0x00001911   Thumb Code    24  list.o(i.vListInsertEnd)
    vTaskSwitchContext                       0x00001929   Thumb Code    98  tasks.o(i.vTaskSwitchContext)
    wb                                       0x000019a1   Thumb Code    30  main.o(i.wb)
    wiz_recv_data                            0x000019c5   Thumb Code   134  w5500.o(i.wiz_recv_data)
    wiz_send_data                            0x00001a4b   Thumb Code   134  w5500.o(i.wiz_send_data)
    wizchip_bus_readdata                     0x00001ad1   Thumb Code     6  wizchip_conf.o(i.wizchip_bus_readdata)
    wizchip_bus_writedata                    0x00001ad7   Thumb Code     4  wizchip_conf.o(i.wizchip_bus_writedata)
    wizchip_cris_enter                       0x00001adb   Thumb Code     2  wizchip_conf.o(i.wizchip_cris_enter)
    wizchip_cris_exit                        0x00001add   Thumb Code     2  wizchip_conf.o(i.wizchip_cris_exit)
    wizchip_cs_deselect                      0x00001adf   Thumb Code     2  wizchip_conf.o(i.wizchip_cs_deselect)
    wizchip_cs_select                        0x00001ae1   Thumb Code     2  wizchip_conf.o(i.wizchip_cs_select)
    wizchip_getnetinfo                       0x00001ae5   Thumb Code    82  wizchip_conf.o(i.wizchip_getnetinfo)
    wizchip_init                             0x00001b41   Thumb Code   144  wizchip_conf.o(i.wizchip_init)
    wizchip_setnetinfo                       0x00001bd1   Thumb Code    80  wizchip_conf.o(i.wizchip_setnetinfo)
    wizchip_spi_readbyte                     0x00001c29   Thumb Code     4  wizchip_conf.o(i.wizchip_spi_readbyte)
    wizchip_spi_writebyte                    0x00001c2d   Thumb Code     2  wizchip_conf.o(i.wizchip_spi_writebyte)
    wizchip_sw_reset                         0x00001c2f   Thumb Code   114  wizchip_conf.o(i.wizchip_sw_reset)
    xTaskIncrementTick                       0x00001ca1   Thumb Code   242  tasks.o(i.xTaskIncrementTick)
    Region$$Table$$Base                      0x00001e30   Number         0  anon$$obj.o(Region$$Table)
    Region$$Table$$Limit                     0x00001e50   Number         0  anon$$obj.o(Region$$Table)
    pxCurrentTCB                             0x20000000   Data           4  tasks.o(.data)
    sock_pack_info                           0x20000042   Data           8  socket.o(.data)
    WIZCHIP                                  0x2000004c   Data          44  wizchip_conf.o(.data)
    __stdout                                 0x20000080   Data           4  retarget.o(.data)
    __stdin                                  0x20000084   Data           4  retarget.o(.data)
    SystemCoreClock                          0x20000088   Data           4  system_nuc131.o(.data)
    CyclesPerUs                              0x2000008c   Data           4  system_nuc131.o(.data)
    PllClock                                 0x20000090   Data           4  system_nuc131.o(.data)
    gau32ClkSrcTbl                           0x20000094   Data          32  system_nuc131.o(.data)
    __libspace_start                         0x2000018c   Data          96  libspace.o(.bss)
    __temporary_stack_top$libspace           0x200001ec   Data           0  libspace.o(.bss)



==============================================================================

Memory Map of the image

  Image Entry point : 0x00000241

  Load Region LR_1 (Base: 0x00000000, Size: 0x00001f04, Max: 0xffffffff, ABSOLUTE)

    Execution Region ER_RO (Exec base: 0x00000000, Load base: 0x00000000, Size: 0x00001e50, Max: 0xffffffff, ABSOLUTE)

    Exec Addr    Load Addr    Size         Type   Attr      Idx    E Section Name        Object

    0x00000000   0x00000000   0x000000c0   Data   RO         3352    RESET               startup_nuc131.o
    0x000000c0   0x000000c0   0x00000008   Code   RO         3464  * !!!main             c_p.l(__main.o)
    0x000000c8   0x000000c8   0x0000003c   Code   RO         3646    !!!scatter          c_p.l(__scatter.o)
    0x00000104   0x00000104   0x0000001a   Code   RO         3648    !!handler_copy      c_p.l(__scatter_copy.o)
    0x0000011e   0x0000011e   0x00000002   PAD
    0x00000120   0x00000120   0x0000001c   Code   RO         3650    !!handler_zi        c_p.l(__scatter_zi.o)
    0x0000013c   0x0000013c   0x00000002   Code   RO         3449    .ARM.Collect$$_printf_percent$$00000000  c_p.l(_printf_percent.o)
    0x0000013e   0x0000013e   0x0000000a   Code   RO         3447    .ARM.Collect$$_printf_percent$$0000000C  c_p.l(_printf_x.o)
    0x00000148   0x00000148   0x00000004   Code   RO         3479    .ARM.Collect$$_printf_percent$$00000017  c_p.l(_printf_percent_end.o)
    0x0000014c   0x0000014c   0x00000002   Code   RO         3517    .ARM.Collect$$libinit$$00000000  c_p.l(libinit.o)
    0x0000014e   0x0000014e   0x00000000   Code   RO         3531    .ARM.Collect$$libinit$$00000002  c_p.l(libinit2.o)
    0x0000014e   0x0000014e   0x00000000   Code   RO         3533    .ARM.Collect$$libinit$$00000004  c_p.l(libinit2.o)
    0x0000014e   0x0000014e   0x00000000   Code   RO         3536    .ARM.Collect$$libinit$$0000000A  c_p.l(libinit2.o)
    0x0000014e   0x0000014e   0x00000000   Code   RO         3538    .ARM.Collect$$libinit$$0000000C  c_p.l(libinit2.o)
    0x0000014e   0x0000014e   0x00000000   Code   RO         3540    .ARM.Collect$$libinit$$0000000E  c_p.l(libinit2.o)
    0x0000014e   0x0000014e   0x00000000   Code   RO         3543    .ARM.Collect$$libinit$$00000011  c_p.l(libinit2.o)
    0x0000014e   0x0000014e   0x00000000   Code   RO         3545    .ARM.Collect$$libinit$$00000013  c_p.l(libinit2.o)
    0x0000014e   0x0000014e   0x00000000   Code   RO         3547    .ARM.Collect$$libinit$$00000015  c_p.l(libinit2.o)
    0x0000014e   0x0000014e   0x00000000   Code   RO         3549    .ARM.Collect$$libinit$$00000017  c_p.l(libinit2.o)
    0x0000014e   0x0000014e   0x00000000   Code   RO         3551    .ARM.Collect$$libinit$$00000019  c_p.l(libinit2.o)
    0x0000014e   0x0000014e   0x00000000   Code   RO         3553    .ARM.Collect$$libinit$$0000001B  c_p.l(libinit2.o)
    0x0000014e   0x0000014e   0x00000000   Code   RO         3555    .ARM.Collect$$libinit$$0000001D  c_p.l(libinit2.o)
    0x0000014e   0x0000014e   0x00000000   Code   RO         3557    .ARM.Collect$$libinit$$0000001F  c_p.l(libinit2.o)
    0x0000014e   0x0000014e   0x00000000   Code   RO         3559    .ARM.Collect$$libinit$$00000021  c_p.l(libinit2.o)
    0x0000014e   0x0000014e   0x00000000   Code   RO         3561    .ARM.Collect$$libinit$$00000023  c_p.l(libinit2.o)
    0x0000014e   0x0000014e   0x00000000   Code   RO         3563    .ARM.Collect$$libinit$$00000025  c_p.l(libinit2.o)
    0x0000014e   0x0000014e   0x00000000   Code   RO         3567    .ARM.Collect$$libinit$$0000002C  c_p.l(libinit2.o)
    0x0000014e   0x0000014e   0x00000000   Code   RO         3569    .ARM.Collect$$libinit$$0000002E  c_p.l(libinit2.o)
    0x0000014e   0x0000014e   0x00000000   Code   RO         3571    .ARM.Collect$$libinit$$00000030  c_p.l(libinit2.o)
    0x0000014e   0x0000014e   0x00000000   Code   RO         3573    .ARM.Collect$$libinit$$00000032  c_p.l(libinit2.o)
    0x0000014e   0x0000014e   0x00000002   Code   RO         3574    .ARM.Collect$$libinit$$00000033  c_p.l(libinit2.o)
    0x00000150   0x00000150   0x00000002   Code   RO         3603    .ARM.Collect$$libshutdown$$00000000  c_p.l(libshutdown.o)
    0x00000152   0x00000152   0x00000000   Code   RO         3629    .ARM.Collect$$libshutdown$$00000002  c_p.l(libshutdown2.o)
    0x00000152   0x00000152   0x00000000   Code   RO         3631    .ARM.Collect$$libshutdown$$00000004  c_p.l(libshutdown2.o)
    0x00000152   0x00000152   0x00000000   Code   RO         3634    .ARM.Collect$$libshutdown$$00000007  c_p.l(libshutdown2.o)
    0x00000152   0x00000152   0x00000000   Code   RO         3637    .ARM.Collect$$libshutdown$$0000000A  c_p.l(libshutdown2.o)
    0x00000152   0x00000152   0x00000000   Code   RO         3639    .ARM.Collect$$libshutdown$$0000000C  c_p.l(libshutdown2.o)
    0x00000152   0x00000152   0x00000000   Code   RO         3642    .ARM.Collect$$libshutdown$$0000000F  c_p.l(libshutdown2.o)
    0x00000152   0x00000152   0x00000002   Code   RO         3643    .ARM.Collect$$libshutdown$$00000010  c_p.l(libshutdown2.o)
    0x00000154   0x00000154   0x00000000   Code   RO         3466    .ARM.Collect$$rtentry$$00000000  c_p.l(__rtentry.o)
    0x00000154   0x00000154   0x00000000   Code   RO         3483    .ARM.Collect$$rtentry$$00000002  c_p.l(__rtentry2.o)
    0x00000154   0x00000154   0x00000006   Code   RO         3495    .ARM.Collect$$rtentry$$00000004  c_p.l(__rtentry4.o)
    0x0000015a   0x0000015a   0x00000000   Code   RO         3485    .ARM.Collect$$rtentry$$00000009  c_p.l(__rtentry2.o)
    0x0000015a   0x0000015a   0x00000004   Code   RO         3486    .ARM.Collect$$rtentry$$0000000A  c_p.l(__rtentry2.o)
    0x0000015e   0x0000015e   0x00000000   Code   RO         3488    .ARM.Collect$$rtentry$$0000000C  c_p.l(__rtentry2.o)
    0x0000015e   0x0000015e   0x00000008   Code   RO         3489    .ARM.Collect$$rtentry$$0000000D  c_p.l(__rtentry2.o)
    0x00000166   0x00000166   0x00000002   Code   RO         3522    .ARM.Collect$$rtexit$$00000000  c_p.l(rtexit.o)
    0x00000168   0x00000168   0x00000000   Code   RO         3578    .ARM.Collect$$rtexit$$00000002  c_p.l(rtexit2.o)
    0x00000168   0x00000168   0x00000004   Code   RO         3579    .ARM.Collect$$rtexit$$00000003  c_p.l(rtexit2.o)
    0x0000016c   0x0000016c   0x00000006   Code   RO         3580    .ARM.Collect$$rtexit$$00000004  c_p.l(rtexit2.o)
    0x00000172   0x00000172   0x00000002   PAD
    0x00000174   0x00000174   0x00000078   Code   RO          717    .emb_text           port.o
    0x000001ec   0x000001ec   0x0000001c   Code   RO         3262    .emb_text           retarget.o
    0x00000208   0x00000208   0x00000038   Code   RO         3450    .emb_text           c_p.l(rt_memcpy.o)
    0x00000240   0x00000240   0x00000064   Code   RO         3353  * .text               startup_nuc131.o
    0x000002a4   0x000002a4   0x0000001c   Code   RO         3400    .text               c_p.l(noretval__2printf.o)
    0x000002c0   0x000002c0   0x00000058   Code   RO         3409    .text               c_p.l(_printf_hex_int.o)
    0x00000318   0x00000318   0x00000160   Code   RO         3442    .text               c_p.l(__printf_ss_wp.o)
    0x00000478   0x00000478   0x00000040   Code   RO         3454    .text               c_p.l(rt_memclr.o)
    0x000004b8   0x000004b8   0x0000015a   Code   RO         3458    .text               c_p.l(aeabi_sdiv.o)
    0x00000612   0x00000612   0x00000006   Code   RO         3462    .text               c_p.l(heapauxi.o)
    0x00000618   0x00000618   0x000000b0   Code   RO         3475    .text               c_p.l(_printf_intcommon.o)
    0x000006c8   0x000006c8   0x00000028   Code   RO         3477    .text               c_p.l(_printf_char_file.o)
    0x000006f0   0x000006f0   0x00000030   Code   RO         3499    .text               c_p.l(_printf_char_common.o)
    0x00000720   0x00000720   0x0000003e   Code   RO         3501    .text               c_p.l(sys_stackheap_outer.o)
    0x0000075e   0x0000075e   0x00000010   Code   RO         3506    .text               c_p.l(exit.o)
    0x0000076e   0x0000076e   0x00000002   PAD
    0x00000770   0x00000770   0x00000008   Code   RO         3518    .text               c_p.l(libspace.o)
    0x00000778   0x00000778   0x0000000c   Code   RO         3575    .text               c_p.l(sys_exit.o)
    0x00000784   0x00000784   0x00000002   Code   RO         3592    .text               c_p.l(use_no_semi.o)
    0x00000786   0x00000786   0x00000000   Code   RO         3594    .text               c_p.l(indicate_semi.o)
    0x00000786   0x00000786   0x00000002   PAD
    0x00000788   0x00000788   0x0000003c   Code   RO         1296    i.CLK_EnableModuleClock  clk.o
    0x000007c4   0x000007c4   0x00000010   Code   RO         1299    i.CLK_EnableXtalRC  clk.o
    0x000007d4   0x000007d4   0x00000010   Code   RO         1301    i.CLK_GetHCLKFreq   clk.o
    0x000007e4   0x000007e4   0x00000080   Code   RO         1992    i.CLK_GetPLLClockFreq  spi.o
    0x00000864   0x00000864   0x00000080   Code   RO         3359    i.CLK_GetPLLClockFreq  system_nuc131.o
    0x000008e4   0x000008e4   0x0000006c   Code   RO         1308    i.CLK_SetHCLK       clk.o
    0x00000950   0x00000950   0x00000074   Code   RO         1309    i.CLK_SetModuleClock  clk.o
    0x000009c4   0x000009c4   0x00000028   Code   RO         1311    i.CLK_WaitClockReady  clk.o
    0x000009ec   0x000009ec   0x0000002e   Code   RO         1545    i.GPIO_SetMode      gpio.o
    0x00000a1a   0x00000a1a   0x00000002   PAD
    0x00000a1c   0x00000a1c   0x0000002c   Code   RO         3264    i.Hard_Fault_Handler  retarget.o
    0x00000a48   0x00000a48   0x0000000a   Code   RO         1997    i.SPI_DisableAutoSS  spi.o
    0x00000a52   0x00000a52   0x00000002   PAD
    0x00000a54   0x00000a54   0x00000024   Code   RO            3    i.SPI_Init          main.o
    0x00000a78   0x00000a78   0x00000120   Code   RO         2006    i.SPI_Open          spi.o
    0x00000b98   0x00000b98   0x00000002   Code   RO          718    i.SVC_Handler       port.o
    0x00000b9a   0x00000b9a   0x00000002   PAD
    0x00000b9c   0x00000b9c   0x0000008c   Code   RO            4    i.SYS_Init          main.o
    0x00000c28   0x00000c28   0x0000000c   Code   RO         3266    i.SendChar          retarget.o
    0x00000c34   0x00000c34   0x00000034   Code   RO         3267    i.SendChar_ToUART   retarget.o
    0x00000c68   0x00000c68   0x00000024   Code   RO          719    i.SysTick_Handler   port.o
    0x00000c8c   0x00000c8c   0x00000064   Code   RO         3360    i.SystemCoreClockUpdate  system_nuc131.o
    0x00000cf0   0x00000cf0   0x00000002   Code   RO         3361    i.SystemInit        system_nuc131.o
    0x00000cf2   0x00000cf2   0x00000002   PAD
    0x00000cf4   0x00000cf4   0x00000088   Code   RO         2889    i.WIZCHIP_READ      w5500.o
    0x00000d7c   0x00000d7c   0x000000a0   Code   RO         2890    i.WIZCHIP_READ_BUF  w5500.o
    0x00000e1c   0x00000e1c   0x00000084   Code   RO         2891    i.WIZCHIP_WRITE     w5500.o
    0x00000ea0   0x00000ea0   0x0000009c   Code   RO         2892    i.WIZCHIP_WRITE_BUF  w5500.o
    0x00000f3c   0x00000f3c   0x0000000e   Code   RO         3437    i._is_digit         c_p.l(__printf_wp.o)
    0x00000f4a   0x00000f4a   0x00000002   PAD
    0x00000f4c   0x00000f4c   0x0000009c   Code   RO         2807    i.close             socket.o
    0x00000fe8   0x00000fe8   0x00000158   Code   RO         2808    i.connect           socket.o
    0x00001140   0x00001140   0x0000000c   Code   RO            5    i.cs_desel          main.o
    0x0000114c   0x0000114c   0x0000000c   Code   RO            6    i.cs_sel            main.o
    0x00001158   0x00001158   0x00000008   Code   RO         3269    i.ferror            retarget.o
    0x00001160   0x00001160   0x00000010   Code   RO         3271    i.fputc             retarget.o
    0x00001170   0x00001170   0x0000006e   Code   RO         2893    i.getSn_RX_RSR      w5500.o
    0x000011de   0x000011de   0x0000006e   Code   RO         2894    i.getSn_TX_FSR      w5500.o
    0x0000124c   0x0000124c   0x000000f4   Code   RO            7    i.main              main.o
    0x00001340   0x00001340   0x00000038   Code   RO          443    i.prvResetNextTaskUnblockTime  tasks.o
    0x00001378   0x00001378   0x0000002c   Code   RO            8    i.rb                main.o
    0x000013a4   0x000013a4   0x00000120   Code   RO         2813    i.recv              socket.o
    0x000014c4   0x000014c4   0x0000002c   Code   RO         2956    i.reg_wizchip_cs_cbfunc  wizchip_conf.o
    0x000014f0   0x000014f0   0x0000003c   Code   RO         2957    i.reg_wizchip_spi_cbfunc  wizchip_conf.o
    0x0000152c   0x0000152c   0x00000178   Code   RO         2815    i.send              socket.o
    0x000016a4   0x000016a4   0x0000019c   Code   RO         2818    i.socket            socket.o
    0x00001840   0x00001840   0x000000a8   Code   RO         3273    i.stackDump         retarget.o
    0x000018e8   0x000018e8   0x00000028   Code   RO          264    i.uxListRemove      list.o
    0x00001910   0x00001910   0x00000018   Code   RO          268    i.vListInsertEnd    list.o
    0x00001928   0x00001928   0x00000078   Code   RO          466    i.vTaskSwitchContext  tasks.o
    0x000019a0   0x000019a0   0x00000024   Code   RO            9    i.wb                main.o
    0x000019c4   0x000019c4   0x00000086   Code   RO         2895    i.wiz_recv_data     w5500.o
    0x00001a4a   0x00001a4a   0x00000086   Code   RO         2897    i.wiz_send_data     w5500.o
    0x00001ad0   0x00001ad0   0x00000006   Code   RO         2959    i.wizchip_bus_readdata  wizchip_conf.o
    0x00001ad6   0x00001ad6   0x00000004   Code   RO         2960    i.wizchip_bus_writedata  wizchip_conf.o
    0x00001ada   0x00001ada   0x00000002   Code   RO         2962    i.wizchip_cris_enter  wizchip_conf.o
    0x00001adc   0x00001adc   0x00000002   Code   RO         2963    i.wizchip_cris_exit  wizchip_conf.o
    0x00001ade   0x00001ade   0x00000002   Code   RO         2964    i.wizchip_cs_deselect  wizchip_conf.o
    0x00001ae0   0x00001ae0   0x00000002   Code   RO         2965    i.wizchip_cs_select  wizchip_conf.o
    0x00001ae2   0x00001ae2   0x00000002   PAD
    0x00001ae4   0x00001ae4   0x0000005c   Code   RO         2968    i.wizchip_getnetinfo  wizchip_conf.o
    0x00001b40   0x00001b40   0x00000090   Code   RO         2971    i.wizchip_init      wizchip_conf.o
    0x00001bd0   0x00001bd0   0x00000058   Code   RO         2973    i.wizchip_setnetinfo  wizchip_conf.o
    0x00001c28   0x00001c28   0x00000004   Code   RO         2977    i.wizchip_spi_readbyte  wizchip_conf.o
    0x00001c2c   0x00001c2c   0x00000002   Code   RO         2979    i.wizchip_spi_writebyte  wizchip_conf.o
    0x00001c2e   0x00001c2e   0x00000072   Code   RO         2980    i.wizchip_sw_reset  wizchip_conf.o
    0x00001ca0   0x00001ca0   0x00000120   Code   RO          473    i.xTaskIncrementTick  tasks.o
    0x00001dc0   0x00001dc0   0x00000017   Data   RO           10    .constdata          main.o
    0x00001dd7   0x00001dd7   0x00000001   PAD
    0x00001dd8   0x00001dd8   0x00000030   Data   RO         1312    .constdata          clk.o
    0x00001e08   0x00001e08   0x00000028   Data   RO         3410    .constdata          c_p.l(_printf_hex_int.o)
    0x00001e30   0x00001e30   0x00000020   Data   RO         3644    Region$$Table       anon$$obj.o


    Execution Region ER_RW (Exec base: 0x20000000, Load base: 0x00001e50, Size: 0x000000b4, Max: 0xffffffff, ABSOLUTE)

    Exec Addr    Load Addr    Size         Type   Attr      Idx    E Section Name        Object

    0x20000000   0x00001e50   0x0000003c   Data   RW          480    .data               tasks.o
    0x2000003c   0x00001e8c   0x0000000e   Data   RW         2820    .data               socket.o
    0x2000004a   0x00001e9a   0x00000002   PAD
    0x2000004c   0x00001e9c   0x00000031   Data   RW         2988    .data               wizchip_conf.o
    0x2000007d   0x00001ecd   0x00000003   PAD
    0x20000080   0x00001ed0   0x00000008   Data   RW         3274    .data               retarget.o
    0x20000088   0x00001ed8   0x0000002c   Data   RW         3362    .data               system_nuc131.o


    Execution Region ER_ZI (Exec base: 0x200000b4, Load base: 0x00001f04, Size: 0x0000053c, Max: 0xffffffff, ABSOLUTE)

    Exec Addr    Load Addr    Size         Type   Attr      Idx    E Section Name        Object

    0x200000b4        -       0x000000c8   Zero   RW          479    .bss                tasks.o
    0x2000017c        -       0x00000010   Zero   RW         2819    .bss                socket.o
    0x2000018c        -       0x00000060   Zero   RW         3519    .bss                c_p.l(libspace.o)
    0x200001ec   0x00001f04   0x00000004   PAD
    0x200001f0        -       0x00000000   Zero   RW         3351    HEAP                startup_nuc131.o
    0x200001f0        -       0x00000400   Zero   RW         3350    STACK               startup_nuc131.o


==============================================================================

Image component sizes


      Code (inc. data)   RO Data    RW Data    ZI Data      Debug   Object Name

         0          0          0          0          0     111968   adc.o
       356         38         48          0          0      14605   clk.o
         0          0          0          0          0       6224   event_groups.o
        46          0          0          0          0       1015   gpio.o
        64          0          0          0          0       1484   list.o
       524        102         23          0          0      55765   main.o
       158         14          0          0          0       1532   port.o
       328        132          0          8          0       5481   retarget.o
      1576         64          0         14         16       5086   socket.o
       426         22          0          0          0       2651   spi.o
       100         46        192          0       1024        644   startup_nuc131.o
       230         40          0         44          0       2591   system_nuc131.o
       464         78          0         60        200       8517   tasks.o
      1072         18          0          0          0       5600   w5500.o
       566         46          0         49          0      10540   wizchip_conf.o

    ----------------------------------------------------------------------
      5920        600        296        180       1240     233703   Object Totals
         0          0         32          0          0          0   (incl. Generated)
        10          0          1          5          0          0   (incl. Padding)

    ----------------------------------------------------------------------

      Code (inc. data)   RO Data    RW Data    ZI Data      Debug   Library Member Name

         8          0          0          0          0         68   __main.o
       352          0          0          0          0         76   __printf_ss_wp.o
        14          0          0          0          0         60   __printf_wp.o
         0          0          0          0          0          0   __rtentry.o
        12          0          0          0          0          0   __rtentry2.o
         6          0          0          0          0          0   __rtentry4.o
        60          8          0          0          0          0   __scatter.o
        26          0          0          0          0          0   __scatter_copy.o
        28          0          0          0          0          0   __scatter_zi.o
        48          6          0          0          0         88   _printf_char_common.o
        40          6          0          0          0         72   _printf_char_file.o
        88          4         40          0          0         72   _printf_hex_int.o
       176          0          0          0          0         84   _printf_intcommon.o
         2          0          0          0          0          0   _printf_percent.o
         4          0          0          0          0          0   _printf_percent_end.o
        10          0          0          0          0          0   _printf_x.o
       346          0          0          0          0         92   aeabi_sdiv.o
        16          0          0          0          0         68   exit.o
         6          0          0          0          0        136   heapauxi.o
         0          0          0          0          0          0   indicate_semi.o
         2          0          0          0          0          0   libinit.o
         2          0          0          0          0          0   libinit2.o
         2          0          0          0          0          0   libshutdown.o
         2          0          0          0          0          0   libshutdown2.o
         8          4          0          0         96         68   libspace.o
        28          6          0          0          0         84   noretval__2printf.o
        64          0          0          0          0        108   rt_memclr.o
        56          0          0          0          0         68   rt_memcpy.o
         2          0          0          0          0          0   rtexit.o
        10          0          0          0          0          0   rtexit2.o
        12          4          0          0          0         60   sys_exit.o
        62          0          0          0          0         80   sys_stackheap_outer.o
         2          0          0          0          0         68   use_no_semi.o

    ----------------------------------------------------------------------
      1504         38         40          0        100       1352   Library Totals
        10          0          0          0          4          0   (incl. Padding)

    ----------------------------------------------------------------------

      Code (inc. data)   RO Data    RW Data    ZI Data      Debug   Library Name

      1494         38         40          0         96       1352   c_p.l

    ----------------------------------------------------------------------
      1504         38         40          0        100       1352   Library Totals

    ----------------------------------------------------------------------

==============================================================================


      Code (inc. data)   RO Data    RW Data    ZI Data      Debug   

      7424        638        336        180       1340     231939   Grand Totals
      7424        638        336        180       1340     231939   ELF Image Totals
      7424        638        336        180          0          0   ROM Totals

==============================================================================

    Total RO  Size (Code + RO Data)                 7760 (   7.58kB)
    Total RW  Size (RW Data + ZI Data)              1520 (   1.48kB)
    Total ROM Size (Code + RO Data + RW Data)       7940 (   7.75kB)

==============================================================================

