Component: ARM Compiler 5.06 update 6 (build 750) Tool: armlink [4d35ed]

==============================================================================

Section Cross References

    main.o(i.SYS_Init) refers to clk.o(i.CLK_EnableXtalRC) for CLK_EnableXtalRC
    main.o(i.SYS_Init) refers to clk.o(i.CLK_WaitClockReady) for CLK_WaitClockReady
    main.o(i.SYS_Init) refers to clk.o(i.CLK_SetHCLK) for CLK_SetHCLK
    main.o(i.SYS_Init) refers to clk.o(i.CLK_SetCoreClock) for CLK_SetCoreClock
    main.o(i.main) refers to main.o(i.SYS_Init) for SYS_Init
    main.o(i.main) refers to gpio.o(i.GPIO_SetMode) for GPIO_SetMode
    main.o(i.main) refers to tasks.o(i.xTaskCreate) for xTaskCreate
    main.o(i.main) refers to queue.o(i.xQueueGenericCreate) for xQueueGenericCreate
    main.o(i.main) refers to queue.o(i.xQueueGenericSend) for xQueueGenericSend
    main.o(i.main) refers to tasks.o(i.vTaskStartScheduler) for vTaskStartScheduler
    main.o(i.main) refers to main.o(.data) for pvTask1
    main.o(i.main) refers to main.o(i.vTask1) for vTask1
    main.o(i.main) refers to main.o(i.vTask2) for vTask2
    main.o(i.main) refers to main.o(i.vTask3) for vTask3
    main.o(i.vTask1) refers to tasks.o(i.vTaskDelay) for vTaskDelay
    main.o(.data) refers to main.o(.conststring) for .conststring
    event_groups.o(i.vEventGroupClearBitsCallback) refers to event_groups.o(i.xEventGroupClearBits) for xEventGroupClearBits
    event_groups.o(i.vEventGroupDelete) refers to tasks.o(i.vTaskSuspendAll) for vTaskSuspendAll
    event_groups.o(i.vEventGroupDelete) refers to tasks.o(i.vTaskRemoveFromUnorderedEventList) for vTaskRemoveFromUnorderedEventList
    event_groups.o(i.vEventGroupDelete) refers to heap_1.o(i.vPortFree) for vPortFree
    event_groups.o(i.vEventGroupDelete) refers to tasks.o(i.xTaskResumeAll) for xTaskResumeAll
    event_groups.o(i.vEventGroupSetBitsCallback) refers to event_groups.o(i.xEventGroupSetBits) for xEventGroupSetBits
    event_groups.o(i.xEventGroupClearBits) refers to port.o(i.vPortEnterCritical) for vPortEnterCritical
    event_groups.o(i.xEventGroupClearBits) refers to port.o(i.vPortExitCritical) for vPortExitCritical
    event_groups.o(i.xEventGroupCreate) refers to heap_1.o(i.pvPortMalloc) for pvPortMalloc
    event_groups.o(i.xEventGroupCreate) refers to list.o(i.vListInitialise) for vListInitialise
    event_groups.o(i.xEventGroupGetBitsFromISR) refers to port.o(.emb_text) for ulSetInterruptMaskFromISR
    event_groups.o(i.xEventGroupSetBits) refers to tasks.o(i.vTaskSuspendAll) for vTaskSuspendAll
    event_groups.o(i.xEventGroupSetBits) refers to tasks.o(i.vTaskRemoveFromUnorderedEventList) for vTaskRemoveFromUnorderedEventList
    event_groups.o(i.xEventGroupSetBits) refers to tasks.o(i.xTaskResumeAll) for xTaskResumeAll
    event_groups.o(i.xEventGroupSync) refers to tasks.o(i.vTaskSuspendAll) for vTaskSuspendAll
    event_groups.o(i.xEventGroupSync) refers to event_groups.o(i.xEventGroupSetBits) for xEventGroupSetBits
    event_groups.o(i.xEventGroupSync) refers to tasks.o(i.vTaskPlaceOnUnorderedEventList) for vTaskPlaceOnUnorderedEventList
    event_groups.o(i.xEventGroupSync) refers to tasks.o(i.xTaskResumeAll) for xTaskResumeAll
    event_groups.o(i.xEventGroupSync) refers to port.o(i.vPortYield) for vPortYield
    event_groups.o(i.xEventGroupSync) refers to tasks.o(i.uxTaskResetEventItemValue) for uxTaskResetEventItemValue
    event_groups.o(i.xEventGroupSync) refers to port.o(i.vPortEnterCritical) for vPortEnterCritical
    event_groups.o(i.xEventGroupSync) refers to port.o(i.vPortExitCritical) for vPortExitCritical
    event_groups.o(i.xEventGroupWaitBits) refers to tasks.o(i.vTaskSuspendAll) for vTaskSuspendAll
    event_groups.o(i.xEventGroupWaitBits) refers to event_groups.o(i.prvTestWaitCondition) for prvTestWaitCondition
    event_groups.o(i.xEventGroupWaitBits) refers to tasks.o(i.vTaskPlaceOnUnorderedEventList) for vTaskPlaceOnUnorderedEventList
    event_groups.o(i.xEventGroupWaitBits) refers to tasks.o(i.xTaskResumeAll) for xTaskResumeAll
    event_groups.o(i.xEventGroupWaitBits) refers to port.o(i.vPortYield) for vPortYield
    event_groups.o(i.xEventGroupWaitBits) refers to tasks.o(i.uxTaskResetEventItemValue) for uxTaskResetEventItemValue
    event_groups.o(i.xEventGroupWaitBits) refers to port.o(i.vPortEnterCritical) for vPortEnterCritical
    event_groups.o(i.xEventGroupWaitBits) refers to port.o(i.vPortExitCritical) for vPortExitCritical
    queue.o(i.prvCopyDataFromQueue) refers to rt_memcpy.o(.text) for __aeabi_memcpy
    queue.o(i.prvCopyDataToQueue) refers to rt_memcpy.o(.text) for __aeabi_memcpy
    queue.o(i.prvInitialiseNewQueue) refers to queue.o(i.xQueueGenericReset) for xQueueGenericReset
    queue.o(i.prvIsQueueEmpty) refers to port.o(i.vPortEnterCritical) for vPortEnterCritical
    queue.o(i.prvIsQueueEmpty) refers to port.o(i.vPortExitCritical) for vPortExitCritical
    queue.o(i.prvIsQueueFull) refers to port.o(i.vPortEnterCritical) for vPortEnterCritical
[...]
    Removing queue.o(i.xQueuePeek), (242 bytes).
    Removing queue.o(i.xQueuePeekFromISR), (48 bytes).
    Removing queue.o(i.xQueueReceive), (238 bytes).
    Removing queue.o(i.xQueueReceiveFromISR), (120 bytes).
    Removing queue.o(i.xQueueSemaphoreTake), (230 bytes).
    Removing tasks.o(i.pcTaskGetName), (28 bytes).
    Removing tasks.o(i.prvTaskIsTaskSuspended), (72 bytes).
    Removing tasks.o(i.ulTaskNotifyTake), (108 bytes).
    Removing tasks.o(i.uxTaskGetNumberOfTasks), (12 bytes).
    Removing tasks.o(i.uxTaskPriorityGet), (36 bytes).
    Removing tasks.o(i.uxTaskPriorityGetFromISR), (40 bytes).
    Removing tasks.o(i.uxTaskResetEventItemValue), (28 bytes).
    Removing tasks.o(i.vTaskDelayUntil), (96 bytes).
    Removing tasks.o(i.vTaskDelete), (152 bytes).
    Removing tasks.o(i.vTaskEndScheduler), (20 bytes).
    Removing tasks.o(i.vTaskNotifyGiveFromISR), (148 bytes).
    Removing tasks.o(i.vTaskPlaceOnUnorderedEventList), (48 bytes).
    Removing tasks.o(i.vTaskPrioritySet), (196 bytes).
    Removing tasks.o(i.vTaskRemoveFromUnorderedEventList), (96 bytes).
    Removing tasks.o(i.vTaskResume), (104 bytes).
    Removing tasks.o(i.vTaskSetTimeOutState), (36 bytes).
    Removing tasks.o(i.vTaskSuspend), (152 bytes).
    Removing tasks.o(i.xTaskGenericNotify), (180 bytes).
    Removing tasks.o(i.xTaskGenericNotifyFromISR), (228 bytes).
    Removing tasks.o(i.xTaskGetTickCount), (12 bytes).
    Removing tasks.o(i.xTaskGetTickCountFromISR), (12 bytes).
    Removing tasks.o(i.xTaskNotifyStateClear), (56 bytes).
    Removing tasks.o(i.xTaskNotifyWait), (144 bytes).
    Removing tasks.o(i.xTaskResumeFromISR), (128 bytes).
    Removing port.o(i.vPortEndScheduler), (2 bytes).
    Removing heap_1.o(i.vPortInitialiseBlocks), (12 bytes).
    Removing heap_1.o(i.xPortGetFreeHeapSize), (16 bytes).
    Removing adc.o(.rev16_text), (4 bytes).
    Removing adc.o(.revsh_text), (4 bytes).
    Removing adc.o(i.ADC_Close), (20 bytes).
    Removing adc.o(i.ADC_DisableHWTrigger), (20 bytes).
    Removing adc.o(i.ADC_DisableInt), (68 bytes).
    Removing adc.o(i.ADC_EnableHWTrigger), (44 bytes).
    Removing adc.o(i.ADC_EnableInt), (68 bytes).
    Removing adc.o(i.ADC_Open), (44 bytes).
    Removing bpwm.o(.rev16_text), (4 bytes).
    Removing bpwm.o(.revsh_text), (4 bytes).
    Removing bpwm.o(i.BPWM_ClearADCTriggerFlag), (16 bytes).
    Removing bpwm.o(i.BPWM_ClearCaptureIntFlag), (14 bytes).
    Removing bpwm.o(i.BPWM_ClearDutyIntFlag), (16 bytes).
    Removing bpwm.o(i.BPWM_ClearPeriodIntFlag), (10 bytes).
    Removing bpwm.o(i.BPWM_ClearWrapAroundFlag), (10 bytes).
    Removing bpwm.o(i.BPWM_ClearZeroIntFlag), (8 bytes).
    Removing bpwm.o(i.BPWM_ConfigCaptureChannel), (188 bytes).
    Removing bpwm.o(i.BPWM_ConfigOutputChannel), (360 bytes).
    Removing bpwm.o(i.BPWM_DisableADCTrigger), (44 bytes).
    Removing bpwm.o(i.BPWM_DisableCapture), (26 bytes).
    Removing bpwm.o(i.BPWM_DisableCaptureInt), (22 bytes).
    Removing bpwm.o(i.BPWM_DisableDutyInt), (20 bytes).
    Removing bpwm.o(i.BPWM_DisableLoadMode), (14 bytes).
    Removing bpwm.o(i.BPWM_DisableOutput), (12 bytes).
    Removing bpwm.o(i.BPWM_DisablePeriodInt), (16 bytes).
    Removing bpwm.o(i.BPWM_DisableZeroInt), (14 bytes).
    Removing bpwm.o(i.BPWM_EnableADCTrigger), (82 bytes).
    Removing bpwm.o(i.BPWM_EnableCapture), (26 bytes).
    Removing bpwm.o(i.BPWM_EnableCaptureInt), (22 bytes).
    Removing bpwm.o(i.BPWM_EnableDutyInt), (18 bytes).
    Removing bpwm.o(i.BPWM_EnableLoadMode), (14 bytes).
    Removing bpwm.o(i.BPWM_EnableOutput), (12 bytes).
    Removing bpwm.o(i.BPWM_EnablePeriodInt), (18 bytes).
    Removing bpwm.o(i.BPWM_EnableZeroInt), (14 bytes).
    Removing bpwm.o(i.BPWM_ForceStop), (10 bytes).
    Removing bpwm.o(i.BPWM_GetADCTriggerFlag), (28 bytes).
    Removing bpwm.o(i.BPWM_GetCaptureIntFlag), (56 bytes).
    Removing bpwm.o(i.BPWM_GetDutyIntFlag), (28 bytes).
    Removing bpwm.o(i.BPWM_GetPeriodIntFlag), (16 bytes).
    Removing bpwm.o(i.BPWM_GetWrapAroundFlag), (14 bytes).
    Removing bpwm.o(i.BPWM_GetZeroIntFlag), (12 bytes).
    Removing bpwm.o(i.BPWM_SetClockSource), (4 bytes).
    Removing bpwm.o(i.BPWM_Start), (6 bytes).
    Removing bpwm.o(i.BPWM_Stop), (6 bytes).
    Removing bpwm.o(i.CLK_GetPLLClockFreq), (128 bytes).
    Removing can.o(.rev16_text), (4 bytes).
    Removing can.o(.revsh_text), (4 bytes).
    Removing can.o(i.CAN_BasicReceiveMsg), (196 bytes).
    Removing can.o(i.CAN_BasicSendMsg), (232 bytes).
    Removing can.o(i.CAN_CLR_INT_PENDING_BIT), (78 bytes).
    Removing can.o(i.CAN_Close), (14 bytes).
    Removing can.o(i.CAN_DisableInt), (60 bytes).
    Removing can.o(i.CAN_EnableInt), (76 bytes).
    Removing can.o(i.CAN_EnterInitMode), (18 bytes).
    Removing can.o(i.CAN_EnterTestMode), (12 bytes).
    Removing can.o(i.CAN_GetCANBitRate), (68 bytes).
    Removing can.o(i.CAN_IsNewDataReceived), (40 bytes).
    Removing can.o(i.CAN_LeaveInitMode), (22 bytes).
    Removing can.o(i.CAN_LeaveTestMode), (26 bytes).
    Removing can.o(i.CAN_Open), (34 bytes).
    Removing can.o(i.CAN_ReadMsgObj), (212 bytes).
    Removing can.o(i.CAN_Receive), (52 bytes).
    Removing can.o(i.CAN_SetBaudRate), (428 bytes).
    Removing can.o(i.CAN_SetMultiRxMsg), (90 bytes).
    Removing can.o(i.CAN_SetRxMsg), (54 bytes).
    Removing can.o(i.CAN_SetRxMsgObj), (244 bytes).
    Removing can.o(i.CAN_SetRxMsgObjAndMsk), (304 bytes).
    Removing can.o(i.CAN_SetTxMsg), (316 bytes).
    Removing can.o(i.CAN_Transmit), (66 bytes).
    Removing can.o(i.CAN_TriggerTxMsg), (50 bytes).
    Removing can.o(i.CAN_WaitMsg), (32 bytes).
    Removing can.o(i.GetFreeIF), (38 bytes).
    Removing can.o(i.can_update_spt), (94 bytes).
    Removing clk.o(.rev16_text), (4 bytes).
    Removing clk.o(.revsh_text), (4 bytes).
    Removing clk.o(i.CLK_DisableCKO), (16 bytes).
    Removing clk.o(i.CLK_DisableModuleClock), (60 bytes).
    Removing clk.o(i.CLK_DisablePLL), (20 bytes).
    Removing clk.o(i.CLK_DisableSysTick), (12 bytes).
    Removing clk.o(i.CLK_DisableXtalRC), (16 bytes).
    Removing clk.o(i.CLK_EnableCKO), (48 bytes).
    Removing clk.o(i.CLK_EnableModuleClock), (60 bytes).
    Removing clk.o(i.CLK_EnableSysTick), (72 bytes).
    Removing clk.o(i.CLK_GetCPUFreq), (16 bytes).
    Removing clk.o(i.CLK_GetHCLKFreq), (16 bytes).
    Removing clk.o(i.CLK_GetHXTFreq), (28 bytes).
    Removing clk.o(i.CLK_GetPCLKFreq), (16 bytes).
    Removing clk.o(i.CLK_Idle), (36 bytes).
    Removing clk.o(i.CLK_PowerDown), (40 bytes).
    Removing clk.o(i.CLK_SetModuleClock), (116 bytes).
    Removing clk.o(i.CLK_SetSysTickClockSrc), (20 bytes).
    Removing clk.o(.constdata), (48 bytes).
    Removing fmc.o(.rev16_text), (4 bytes).
    Removing fmc.o(.revsh_text), (4 bytes).
    Removing fmc.o(i.FMC_Close), (20 bytes).
    Removing fmc.o(i.FMC_DisableAPUpdate), (20 bytes).
    Removing fmc.o(i.FMC_DisableConfigUpdate), (20 bytes).
    Removing fmc.o(i.FMC_DisableLDUpdate), (20 bytes).
    Removing fmc.o(i.FMC_EnableAPUpdate), (20 bytes).
    Removing fmc.o(i.FMC_EnableConfigUpdate), (20 bytes).
    Removing fmc.o(i.FMC_EnableLDUpdate), (20 bytes).
    Removing fmc.o(i.FMC_GetBootSource), (24 bytes).
    Removing fmc.o(i.FMC_Open), (20 bytes).
    Removing fmc.o(i.FMC_Read), (52 bytes).
    Removing fmc.o(i.FMC_ReadConfig), (36 bytes).
    Removing fmc.o(i.FMC_ReadDataFlashBaseAddr), (12 bytes).
    Removing fmc.o(i.FMC_SetBootSource), (36 bytes).
    Removing fmc.o(i.FMC_WriteConfig), (112 bytes).
    Removing gpio.o(.rev16_text), (4 bytes).
    Removing gpio.o(.revsh_text), (4 bytes).
    Removing gpio.o(i.GPIO_DisableInt), (28 bytes).
    Removing gpio.o(i.GPIO_EnableInt), (26 bytes).
    Removing i2c.o(.rev16_text), (4 bytes).
    Removing i2c.o(.revsh_text), (4 bytes).
    Removing i2c.o(i.I2C_ClearTimeoutFlag), (10 bytes).
    Removing i2c.o(i.I2C_Close), (92 bytes).
    Removing i2c.o(i.I2C_DisableInt), (10 bytes).
    Removing i2c.o(i.I2C_DisableTimeout), (10 bytes).
    Removing i2c.o(i.I2C_DisableWakeup), (10 bytes).
    Removing i2c.o(i.I2C_EnableInt), (10 bytes).
    Removing i2c.o(i.I2C_EnableTimeout), (32 bytes).
    Removing i2c.o(i.I2C_EnableWakeup), (10 bytes).
    Removing i2c.o(i.I2C_GetBusClockFreq), (24 bytes).
    Removing i2c.o(i.I2C_GetData), (8 bytes).
    Removing i2c.o(i.I2C_GetIntFlag), (12 bytes).
    Removing i2c.o(i.I2C_GetStatus), (6 bytes).
    Removing i2c.o(i.I2C_Open), (64 bytes).
    Removing i2c.o(i.I2C_SetBusClockFreq), (56 bytes).
    Removing i2c.o(i.I2C_SetData), (4 bytes).
    Removing i2c.o(i.I2C_SetSlaveAddr), (58 bytes).
    Removing i2c.o(i.I2C_SetSlaveAddrMask), (48 bytes).
    Removing i2c.o(i.I2C_Trigger), (50 bytes).
    Removing pwm.o(.rev16_text), (4 bytes).
    Removing pwm.o(.revsh_text), (4 bytes).
    Removing pwm.o(i.CLK_GetPLLClockFreq), (128 bytes).
    Removing pwm.o(i.PWM_ClearADCTriggerFlag), (16 bytes).
    Removing pwm.o(i.PWM_ClearCaptureIntFlag), (14 bytes).
    Removing pwm.o(i.PWM_ClearDutyIntFlag), (16 bytes).
    Removing pwm.o(i.PWM_ClearFaultBrakeIntFlag), (10 bytes).
    Removing pwm.o(i.PWM_ClearPeriodIntFlag), (16 bytes).
    Removing pwm.o(i.PWM_ClearWrapAroundFlag), (16 bytes).
    Removing pwm.o(i.PWM_ClearZeroIntFlag), (14 bytes).
    Removing pwm.o(i.PWM_ConfigCaptureChannel), (228 bytes).
    Removing pwm.o(i.PWM_ConfigOutputChannel), (396 bytes).
    Removing pwm.o(i.PWM_DisableADCTrigger), (44 bytes).
    Removing pwm.o(i.PWM_DisableBrakeNoiseFilter), (20 bytes).
    Removing pwm.o(i.PWM_DisableBrakePinInverse), (20 bytes).
    Removing pwm.o(i.PWM_DisableCapture), (26 bytes).
    Removing pwm.o(i.PWM_DisableCaptureInt), (22 bytes).
    Removing pwm.o(i.PWM_DisableDeadZone), (30 bytes).
    Removing pwm.o(i.PWM_DisableDutyInt), (20 bytes).
    Removing pwm.o(i.PWM_DisableFaultBrakeInt), (16 bytes).
    Removing pwm.o(i.PWM_DisableLoadMode), (14 bytes).
    Removing pwm.o(i.PWM_DisableOutput), (12 bytes).
    Removing pwm.o(i.PWM_DisablePeriodInt), (24 bytes).
    Removing pwm.o(i.PWM_DisableZeroInt), (22 bytes).
    Removing pwm.o(i.PWM_EnableADCTrigger), (82 bytes).
    Removing pwm.o(i.PWM_EnableBrakeNoiseFilter), (34 bytes).
    Removing pwm.o(i.PWM_EnableBrakePinInverse), (20 bytes).
    Removing pwm.o(i.PWM_EnableCapture), (26 bytes).
    Removing pwm.o(i.PWM_EnableCaptureInt), (22 bytes).
    Removing pwm.o(i.PWM_EnableDeadZone), (56 bytes).
    Removing pwm.o(i.PWM_EnableDutyInt), (18 bytes).
    Removing pwm.o(i.PWM_EnableFaultBrake), (356 bytes).
    Removing pwm.o(i.PWM_EnableFaultBrakeInt), (16 bytes).
    Removing pwm.o(i.PWM_EnableLoadMode), (14 bytes).
    Removing pwm.o(i.PWM_EnableOutput), (12 bytes).
    Removing pwm.o(i.PWM_EnablePeriodInt), (24 bytes).
    Removing pwm.o(i.PWM_EnableZeroInt), (22 bytes).
    Removing pwm.o(i.PWM_ForceStop), (40 bytes).
    Removing pwm.o(i.PWM_GetADCTriggerFlag), (28 bytes).
    Removing pwm.o(i.PWM_GetCaptureIntFlag), (56 bytes).
    Removing pwm.o(i.PWM_GetDutyIntFlag), (28 bytes).
    Removing pwm.o(i.PWM_GetFaultBrakeIntFlag), (24 bytes).
    Removing pwm.o(i.PWM_GetPeriodIntFlag), (32 bytes).
    Removing pwm.o(i.PWM_GetWrapAroundFlag), (32 bytes).
    Removing pwm.o(i.PWM_GetZeroIntFlag), (30 bytes).
    Removing pwm.o(i.PWM_SetBrakePinSource), (32 bytes).
    Removing pwm.o(i.PWM_SetClockSource), (28 bytes).
    Removing pwm.o(i.PWM_Start), (40 bytes).
    Removing pwm.o(i.PWM_Stop), (38 bytes).
    Removing spi.o(.rev16_text), (4 bytes).
    Removing spi.o(.revsh_text), (4 bytes).
    Removing spi.o(i.CLK_GetPLLClockFreq), (128 bytes).
    Removing spi.o(i.SPI_ClearIntFlag), (64 bytes).
    Removing spi.o(i.SPI_ClearRxFIFO), (10 bytes).
    Removing spi.o(i.SPI_ClearTxFIFO), (10 bytes).
    Removing spi.o(i.SPI_Close), (36 bytes).
    Removing spi.o(i.SPI_DisableAutoSS), (10 bytes).
    Removing spi.o(i.SPI_DisableFIFO), (12 bytes).
    Removing spi.o(i.SPI_DisableInt), (104 bytes).
    Removing spi.o(i.SPI_EnableAutoSS), (22 bytes).
    Removing spi.o(i.SPI_EnableFIFO), (32 bytes).
    Removing spi.o(i.SPI_EnableInt), (104 bytes).
    Removing spi.o(i.SPI_GetBusClock), (72 bytes).
    Removing spi.o(i.SPI_GetIntFlag), (146 bytes).
    Removing spi.o(i.SPI_GetStatus), (126 bytes).
    Removing spi.o(i.SPI_Open), (288 bytes).
    Removing spi.o(i.SPI_SetBusClock), (224 bytes).
    Removing sys.o(.rev16_text), (4 bytes).
    Removing sys.o(.revsh_text), (4 bytes).
    Removing sys.o(i.SYS_ClearResetSrc), (16 bytes).
    Removing sys.o(i.SYS_DisableBOD), (18 bytes).
    Removing sys.o(i.SYS_EnableBOD), (50 bytes).
    Removing sys.o(i.SYS_GetBODStatus), (14 bytes).
    Removing sys.o(i.SYS_GetResetSrc), (8 bytes).
    Removing sys.o(i.SYS_IsRegLocked), (20 bytes).
    Removing sys.o(i.SYS_ReadPDID), (8 bytes).
    Removing sys.o(i.SYS_ResetCPU), (18 bytes).
    Removing sys.o(i.SYS_ResetChip), (18 bytes).
    Removing sys.o(i.SYS_ResetModule), (48 bytes).
    Removing timer.o(.rev16_text), (4 bytes).
    Removing timer.o(.revsh_text), (4 bytes).
    Removing timer.o(i.TIMER_Close), (8 bytes).
    Removing timer.o(i.TIMER_Delay), (272 bytes).
    Removing timer.o(i.TIMER_DisableCapture), (10 bytes).
    Removing timer.o(i.TIMER_DisableEventCounter), (12 bytes).
    Removing timer.o(i.TIMER_EnableCapture), (20 bytes).
    Removing timer.o(i.TIMER_EnableEventCounter), (22 bytes).
    Removing timer.o(i.TIMER_GetModuleClock), (132 bytes).
    Removing timer.o(i.TIMER_Open), (124 bytes).
    Removing timer.o(.constdata), (32 bytes).
    Removing uart.o(.rev16_text), (4 bytes).
    Removing uart.o(.revsh_text), (4 bytes).
    Removing uart.o(i.CLK_GetPLLClockFreq), (128 bytes).
    Removing uart.o(i.UART_ClearIntFlag), (112 bytes).
    Removing uart.o(i.UART_Close), (6 bytes).
    Removing uart.o(i.UART_DisableFlowCtrl), (12 bytes).
    Removing uart.o(i.UART_DisableInt), (112 bytes).
    Removing uart.o(i.UART_EnableFlowCtrl), (30 bytes).
    Removing uart.o(i.UART_EnableInt), (112 bytes).
    Removing uart.o(i.UART_Open), (184 bytes).
    Removing uart.o(i.UART_Read), (54 bytes).
    Removing uart.o(i.UART_SelectIrDAMode), (164 bytes).
    Removing uart.o(i.UART_SelectLINMode), (26 bytes).
    Removing uart.o(i.UART_SelectRS485Mode), (32 bytes).
    Removing uart.o(i.UART_SetLine_Config), (184 bytes).
    Removing uart.o(i.UART_SetTimeoutCnt), (22 bytes).
    Removing uart.o(i.UART_Write), (54 bytes).
    Removing uart.o(i.__NVIC_DisableIRQ), (56 bytes).
    Removing uart.o(i.__NVIC_EnableIRQ), (32 bytes).
    Removing uart.o(.constdata), (48 bytes).
    Removing wdt.o(.rev16_text), (4 bytes).
    Removing wdt.o(.revsh_text), (4 bytes).
    Removing wdt.o(i.WDT_Open), (28 bytes).
    Removing wwdt.o(.rev16_text), (4 bytes).
    Removing wwdt.o(.revsh_text), (4 bytes).
    Removing wwdt.o(i.WWDT_Open), (32 bytes).
    Removing stm_enc28_j60.o(.rev16_text), (4 bytes).
    Removing stm_enc28_j60.o(.revsh_text), (4 bytes).
    Removing stm_enc28_j60.o(i.ENC28_Init), (356 bytes).
    Removing stm_enc28_j60.o(i.ENC28_packetSend), (170 bytes).
    Removing stm_enc28_j60.o(i.ENC28_readOp), (80 bytes).
    Removing stm_enc28_j60.o(i.ENC28_readPhy), (66 bytes).
    Removing stm_enc28_j60.o(i.ENC28_readReg16), (28 bytes).
    Removing stm_enc28_j60.o(i.ENC28_readReg8), (20 bytes).
    Removing stm_enc28_j60.o(i.ENC28_setBank), (56 bytes).
    Removing stm_enc28_j60.o(i.ENC28_writeBuf), (132 bytes).
    Removing stm_enc28_j60.o(i.ENC28_writeOp), (88 bytes).
    Removing stm_enc28_j60.o(i.ENC28_writePhy), (40 bytes).
    Removing stm_enc28_j60.o(i.ENC28_writeReg16), (26 bytes).
    Removing stm_enc28_j60.o(i.ENC28_writeReg8), (24 bytes).
    Removing stm_enc28_j60.o(.data), (4 bytes).
    Removing retarget.o(.rev16_text), (4 bytes).
    Removing retarget.o(.revsh_text), (4 bytes).
    Removing retarget.o(i.GetChar), (32 bytes).
    Removing retarget.o(i.IsDebugFifoEmpty), (20 bytes).
    Removing retarget.o(i._ttywrch), (12 bytes).
    Removing retarget.o(i.fgetc), (10 bytes).
    Removing retarget.o(i.kbhit), (20 bytes).
    Removing system_nuc131.o(.rev16_text), (4 bytes).
    Removing system_nuc131.o(.revsh_text), (4 bytes).
    Removing tasks.o(i.__ARM_common_switch8), (28 bytes).

328 unused section(s) (total 17518 bytes) removed from the image.

==============================================================================

Image Symbol Table

    Local Symbols

    Symbol Name                              Value     Ov Type        Size  Object(Section)

    RESET                                    0x00000000   Section      192  startup_nuc131.o(RESET)
    ../clib/angel/boardlib.s                 0x00000000   Number         0  boardinit1.o ABSOLUTE
    ../clib/angel/boardlib.s                 0x00000000   Number         0  boardinit2.o ABSOLUTE
    ../clib/angel/boardlib.s                 0x00000000   Number         0  boardinit3.o ABSOLUTE
    ../clib/angel/boardlib.s                 0x00000000   Number         0  boardshut.o ABSOLUTE
    ../clib/angel/handlers.s                 0x00000000   Number         0  __scatter_copy.o ABSOLUTE
    ../clib/angel/handlers.s                 0x00000000   Number         0  __scatter_zi.o ABSOLUTE
    ../clib/angel/kernel.s                   0x00000000   Number         0  __rtentry2.o ABSOLUTE
    ../clib/angel/kernel.s                   0x00000000   Number         0  __rtentry4.o ABSOLUTE
    ../clib/angel/kernel.s                   0x00000000   Number         0  rtexit2.o ABSOLUTE
    ../clib/angel/kernel.s                   0x00000000   Number         0  rtexit.o ABSOLUTE
    ../clib/angel/kernel.s                   0x00000000   Number         0  __rtentry.o ABSOLUTE
    ../clib/angel/rt.s                       0x00000000   Number         0  aeabi_idiv0_sigfpe.o ABSOLUTE
    ../clib/angel/rt.s                       0x00000000   Number         0  rt_div0.o ABSOLUTE
    ../clib/angel/rt.s                       0x00000000   Number         0  aeabi_ldiv0.o ABSOLUTE
    ../clib/angel/rt.s                       0x00000000   Number         0  aeabi_ldiv0_sigfpe.o ABSOLUTE
    ../clib/angel/rt.s                       0x00000000   Number         0  rt_raise.o ABSOLUTE
    ../clib/angel/rt.s                       0x00000000   Number         0  aeabi_idiv0.o ABSOLUTE
    ../clib/angel/scatterp.s                 0x00000000   Number         0  __scatter.o ABSOLUTE
    ../clib/angel/startup.s                  0x00000000   Number         0  __main.o ABSOLUTE
    ../clib/angel/sys.s                      0x00000000   Number         0  use_no_semi.o ABSOLUTE
    ../clib/angel/sys.s                      0x00000000   Number         0  sys_stackheap_outer.o ABSOLUTE
    ../clib/angel/sys.s                      0x00000000   Number         0  libspace.o ABSOLUTE
    ../clib/angel/sys.s                      0x00000000   Number         0  tempstk.o ABSOLUTE
    ../clib/angel/sys.s                      0x00000000   Number         0  indicate_semi.o ABSOLUTE
    ../clib/angel/sysapp.c                   0x00000000   Number         0  sys_exit.o ABSOLUTE
    ../clib/angel/sysapp.c                   0x00000000   Number         0  sys_command.o ABSOLUTE
    ../clib/armsys.c                         0x00000000   Number         0  argv_veneer.o ABSOLUTE
    ../clib/armsys.c                         0x00000000   Number         0  no_argv.o ABSOLUTE
    ../clib/armsys.c                         0x00000000   Number         0  _get_argv_nomalloc.o ABSOLUTE
    ../clib/division.c                       0x00000000   Number         0  lludiv.o ABSOLUTE
    ../clib/division.s                       0x00000000   Number         0  aeabi_sdiv_div0.o ABSOLUTE
    ../clib/division.s                       0x00000000   Number         0  aeabi_sdiv.o ABSOLUTE
    ../clib/heapalloc.c                      0x00000000   Number         0  hrguard.o ABSOLUTE
    ../clib/heapaux.c                        0x00000000   Number         0  heapauxi.o ABSOLUTE
    ../clib/libinit.s                        0x00000000   Number         0  libinit2.o ABSOLUTE
    ../clib/libinit.s                        0x00000000   Number         0  libshutdown2.o ABSOLUTE
    ../clib/libinit.s                        0x00000000   Number         0  libshutdown.o ABSOLUTE
    ../clib/libinit.s                        0x00000000   Number         0  libinit.o ABSOLUTE
    ../clib/memcpset.c                       0x00000000   Number         0  rt_memcpy.o ABSOLUTE
    ../clib/memcpset.c                       0x00000000   Number         0  rt_memcpy.o ABSOLUTE
    ../clib/misc.s                           0x00000000   Number         0  printf_stubs.o ABSOLUTE
    ../clib/printf.c                         0x00000000   Number         0  _printf_hex_int.o ABSOLUTE
    ../clib/printf.c                         0x00000000   Number         0  _printf_hex_ll.o ABSOLUTE
    ../clib/printf.c                         0x00000000   Number         0  __printf.o ABSOLUTE
    ../clib/printf.c                         0x00000000   Number         0  noretval__2printf.o ABSOLUTE
    ../clib/printf.c                         0x00000000   Number         0  __2printf.o ABSOLUTE
    ../clib/printf.c                         0x00000000   Number         0  _printf_char_file.o ABSOLUTE
    ../clib/printf.c                         0x00000000   Number         0  _printf_intcommon.o ABSOLUTE
    ../clib/printf.c                         0x00000000   Number         0  _printf_char_common.o ABSOLUTE
    ../clib/printf.c                         0x00000000   Number         0  __printf_nopercent.o ABSOLUTE
    ../clib/printf.c                         0x00000000   Number         0  __printf_ss.o ABSOLUTE
    ../clib/printf.c                         0x00000000   Number         0  __printf_flags.o ABSOLUTE
    ../clib/printf.c                         0x00000000   Number         0  _printf_hex_int_ll_ptr.o ABSOLUTE
    ../clib/printf.c                         0x00000000   Number         0  _printf_hex_ll_ptr.o ABSOLUTE
    ../clib/printf.c                         0x00000000   Number         0  _printf_hex_int_ptr.o ABSOLUTE
    ../clib/printf.c                         0x00000000   Number         0  _printf_hex_ptr.o ABSOLUTE
    ../clib/printf.c                         0x00000000   Number         0  __printf_flags_ss_wp.o ABSOLUTE
    ../clib/printf.c                         0x00000000   Number         0  __printf_ss_wp.o ABSOLUTE
    ../clib/printf.c                         0x00000000   Number         0  __printf_flags_wp.o ABSOLUTE
    ../clib/printf.c                         0x00000000   Number         0  __printf_wp.o ABSOLUTE
    ../clib/printf.c                         0x00000000   Number         0  _printf_hex_int_ll.o ABSOLUTE
    ../clib/printf.c                         0x00000000   Number         0  __printf_flags_ss.o ABSOLUTE
    ../clib/printf_percent.s                 0x00000000   Number         0  _printf_percent_end.o ABSOLUTE
    ../clib/printf_percent.s                 0x00000000   Number         0  _printf_percent.o ABSOLUTE
    ../clib/printf_percent.s                 0x00000000   Number         0  _printf_x.o ABSOLUTE
    ../clib/signal.c                         0x00000000   Number         0  defsig_fpe_formal.o ABSOLUTE
    ../clib/signal.c                         0x00000000   Number         0  defsig_stak_inner.o ABSOLUTE
    ../clib/signal.c                         0x00000000   Number         0  defsig_rtmem_formal.o ABSOLUTE
    ../clib/signal.c                         0x00000000   Number         0  defsig_fpe_outer.o ABSOLUTE
    ../clib/signal.c                         0x00000000   Number         0  defsig_rtmem_outer.o ABSOLUTE
    ../clib/signal.c                         0x00000000   Number         0  defsig_rtmem_inner.o ABSOLUTE
    ../clib/signal.c                         0x00000000   Number         0  defsig_rtred_inner.o ABSOLUTE
    ../clib/signal.c                         0x00000000   Number         0  defsig_abrt_inner.o ABSOLUTE
    ../clib/signal.c                         0x00000000   Number         0  defsig_cppl_inner.o ABSOLUTE
    ../clib/signal.c                         0x00000000   Number         0  defsig_segv_inner.o ABSOLUTE
    ../clib/signal.c                         0x00000000   Number         0  defsig_other.o ABSOLUTE
    ../clib/signal.c                         0x00000000   Number         0  __raise.o ABSOLUTE
    ../clib/signal.c                         0x00000000   Number         0  defsig_pvfn_inner.o ABSOLUTE
    ../clib/signal.c                         0x00000000   Number         0  defsig_fpe_inner.o ABSOLUTE
    ../clib/signal.c                         0x00000000   Number         0  defsig_exit.o ABSOLUTE
    ../clib/signal.c                         0x00000000   Number         0  defsig_general.o ABSOLUTE
    ../clib/signal.s                         0x00000000   Number         0  defsig.o ABSOLUTE
    ../clib/stdlib.c                         0x00000000   Number         0  exit.o ABSOLUTE
    ../fplib/cfplib/fpinit.c                 0x00000000   Number         0  fpinit.o ABSOLUTE
    Drv\\src\\adc.c                          0x00000000   Number         0  adc.o ABSOLUTE
    Drv\\src\\bpwm.c                         0x00000000   Number         0  bpwm.o ABSOLUTE
    Drv\\src\\can.c                          0x00000000   Number         0  can.o ABSOLUTE
    Drv\\src\\clk.c                          0x00000000   Number         0  clk.o ABSOLUTE
    Drv\\src\\fmc.c                          0x00000000   Number         0  fmc.o ABSOLUTE
    Drv\\src\\gpio.c                         0x00000000   Number         0  gpio.o ABSOLUTE
    Drv\\src\\i2c.c                          0x00000000   Number         0  i2c.o ABSOLUTE
    Drv\\src\\pwm.c                          0x00000000   Number         0  pwm.o ABSOLUTE
    Drv\\src\\spi.c                          0x00000000   Number         0  spi.o ABSOLUTE
    Drv\\src\\sys.c                          0x00000000   Number         0  sys.o ABSOLUTE
    Drv\\src\\timer.c                        0x00000000   Number         0  timer.o ABSOLUTE
    Drv\\src\\uart.c                         0x00000000   Number         0  uart.o ABSOLUTE
    Drv\\src\\wdt.c                          0x00000000   Number         0  wdt.o ABSOLUTE
    Drv\\src\\wwdt.c                         0x00000000   Number         0  wwdt.o ABSOLUTE
    Drv\src\adc.c                            0x00000000   Number         0  adc.o ABSOLUTE
    Drv\src\bpwm.c                           0x00000000   Number         0  bpwm.o ABSOLUTE
    Drv\src\can.c                            0x00000000   Number         0  can.o ABSOLUTE
    Drv\src\clk.c                            0x00000000   Number         0  clk.o ABSOLUTE
    Drv\src\fmc.c                            0x00000000   Number         0  fmc.o ABSOLUTE
    Drv\src\gpio.c                           0x00000000   Number         0  gpio.o ABSOLUTE
    Drv\src\i2c.c                            0x00000000   Number         0  i2c.o ABSOLUTE
    Drv\src\pwm.c                            0x00000000   Number         0  pwm.o ABSOLUTE
    Drv\src\spi.c                            0x00000000   Number         0  spi.o ABSOLUTE
    Drv\src\sys.c                            0x00000000   Number         0  sys.o ABSOLUTE
    Drv\src\timer.c                          0x00000000   Number         0  timer.o ABSOLUTE
    Drv\src\uart.c                           0x00000000   Number         0  uart.o ABSOLUTE
    Drv\src\wdt.c                            0x00000000   Number         0  wdt.o ABSOLUTE
    Drv\src\wwdt.c                           0x00000000   Number         0  wwdt.o ABSOLUTE
    Ethernet\STM_ENC28_J60.c                 0x00000000   Number         0  stm_enc28_j60.o ABSOLUTE
    Ethernet\\STM_ENC28_J60.c                0x00000000   Number         0  stm_enc28_j60.o ABSOLUTE
    RTE\Device\NUC131SD2AE\retarget.c        0x00000000   Number         0  retarget.o ABSOLUTE
    RTE\Device\NUC131SD2AE\startup_NUC131.s  0x00000000   Number         0  startup_nuc131.o ABSOLUTE
    RTE\Device\NUC131SD2AE\system_NUC131.c   0x00000000   Number         0  system_nuc131.o ABSOLUTE
    RTE\\Device\\NUC131SD2AE\\retarget.c     0x00000000   Number         0  retarget.o ABSOLUTE
    RTE\\Device\\NUC131SD2AE\\system_NUC131.c 0x00000000   Number         0  system_nuc131.o ABSOLUTE
    RTOS\\portable\\RVDS\\ARM_CM0\\port.c    0x00000000   Number         0  port.o ABSOLUTE
    RTOS\event_groups.c                      0x00000000   Number         0  event_groups.o ABSOLUTE
    RTOS\list.c                              0x00000000   Number         0  list.o ABSOLUTE
    RTOS\portable\MemMang\heap_1.c           0x00000000   Number         0  heap_1.o ABSOLUTE
    RTOS\portable\RVDS\ARM_CM0\port.c        0x00000000   Number         0  port.o ABSOLUTE
    RTOS\queue.c                             0x00000000   Number         0  queue.o ABSOLUTE
    RTOS\tasks.c                             0x00000000   Number         0  tasks.o ABSOLUTE
    RTOS\timers.c                            0x00000000   Number         0  timers.o ABSOLUTE
    dc.s                                     0x00000000   Number         0  dc.o ABSOLUTE
    main.c                                   0x00000000   Number         0  main.o ABSOLUTE
    main.c                                   0x00000000   Number         0  main.o ABSOLUTE
    !!!main                                  0x000000c0   Section        8  __main.o(!!!main)
    !!!scatter                               0x000000c8   Section       60  __scatter.o(!!!scatter)
    !!handler_copy                           0x00000104   Section       26  __scatter_copy.o(!!handler_copy)
    !!handler_zi                             0x00000120   Section       28  __scatter_zi.o(!!handler_zi)
    .ARM.Collect$$_printf_percent$$00000000  0x0000013c   Section        2  _printf_percent.o(.ARM.Collect$$_printf_percent$$00000000)
    .ARM.Collect$$_printf_percent$$0000000C  0x0000013e   Section       10  _printf_x.o(.ARM.Collect$$_printf_percent$$0000000C)
    .ARM.Collect$$_printf_percent$$00000017  0x00000148   Section        4  _printf_percent_end.o(.ARM.Collect$$_printf_percent$$00000017)
    .ARM.Collect$$libinit$$00000000          0x0000014c   Section        2  libinit.o(.ARM.Collect$$libinit$$00000000)
    .ARM.Collect$$libinit$$00000002          0x0000014e   Section        0  libinit2.o(.ARM.Collect$$libinit$$00000002)
    .ARM.Collect$$libinit$$00000004          0x0000014e   Section        0  libinit2.o(.ARM.Collect$$libinit$$00000004)
    .ARM.Collect$$libinit$$0000000A          0x0000014e   Section        0  libinit2.o(.ARM.Collect$$libinit$$0000000A)
    .ARM.Collect$$libinit$$0000000C          0x0000014e   Section        0  libinit2.o(.ARM.Collect$$libinit$$0000000C)
    .ARM.Collect$$libinit$$0000000E          0x0000014e   Section        0  libinit2.o(.ARM.Collect$$libinit$$0000000E)
    .ARM.Collect$$libinit$$00000011          0x0000014e   Section        0  libinit2.o(.ARM.Collect$$libinit$$00000011)
    .ARM.Collect$$libinit$$00000013          0x0000014e   Section        0  libinit2.o(.ARM.Collect$$libinit$$00000013)
    .ARM.Collect$$libinit$$00000015          0x0000014e   Section        0  libinit2.o(.ARM.Collect$$libinit$$00000015)
    .ARM.Collect$$libinit$$00000017          0x0000014e   Section        0  libinit2.o(.ARM.Collect$$libinit$$00000017)
    .ARM.Collect$$libinit$$00000019          0x0000014e   Section        0  libinit2.o(.ARM.Collect$$libinit$$00000019)
    .ARM.Collect$$libinit$$0000001B          0x0000014e   Section        0  libinit2.o(.ARM.Collect$$libinit$$0000001B)
    .ARM.Collect$$libinit$$0000001D          0x0000014e   Section        0  libinit2.o(.ARM.Collect$$libinit$$0000001D)
    .ARM.Collect$$libinit$$0000001F          0x0000014e   Section        0  libinit2.o(.ARM.Collect$$libinit$$0000001F)
    .ARM.Collect$$libinit$$00000021          0x0000014e   Section        0  libinit2.o(.ARM.Collect$$libinit$$00000021)
    .ARM.Collect$$libinit$$00000023          0x0000014e   Section        0  libinit2.o(.ARM.Collect$$libinit$$00000023)
    .ARM.Collect$$libinit$$00000025          0x0000014e   Section        0  libinit2.o(.ARM.Collect$$libinit$$00000025)
    .ARM.Collect$$libinit$$0000002C          0x0000014e   Section        0  libinit2.o(.ARM.Collect$$libinit$$0000002C)
    .ARM.Collect$$libinit$$0000002E          0x0000014e   Section        0  libinit2.o(.ARM.Collect$$libinit$$0000002E)
    .ARM.Collect$$libinit$$00000030          0x0000014e   Section        0  libinit2.o(.ARM.Collect$$libinit$$00000030)
    .ARM.Collect$$libinit$$00000032          0x0000014e   Section        0  libinit2.o(.ARM.Collect$$libinit$$00000032)
    .ARM.Collect$$libinit$$00000033          0x0000014e   Section        2  libinit2.o(.ARM.Collect$$libinit$$00000033)
    .ARM.Collect$$libshutdown$$00000000      0x00000150   Section        2  libshutdown.o(.ARM.Collect$$libshutdown$$00000000)
    .ARM.Collect$$libshutdown$$00000002      0x00000152   Section        0  libshutdown2.o(.ARM.Collect$$libshutdown$$00000002)
    .ARM.Collect$$libshutdown$$00000004      0x00000152   Section        0  libshutdown2.o(.ARM.Collect$$libshutdown$$00000004)
    .ARM.Collect$$libshutdown$$00000007      0x00000152   Section        0  libshutdown2.o(.ARM.Collect$$libshutdown$$00000007)
    .ARM.Collect$$libshutdown$$0000000A      0x00000152   Section        0  libshutdown2.o(.ARM.Collect$$libshutdown$$0000000A)
    .ARM.Collect$$libshutdown$$0000000C      0x00000152   Section        0  libshutdown2.o(.ARM.Collect$$libshutdown$$0000000C)
    .ARM.Collect$$libshutdown$$0000000F      0x00000152   Section        0  libshutdown2.o(.ARM.Collect$$libshutdown$$0000000F)
    .ARM.Collect$$libshutdown$$00000010      0x00000152   Section        2  libshutdown2.o(.ARM.Collect$$libshutdown$$00000010)
    .ARM.Collect$$rtentry$$00000000          0x00000154   Section        0  __rtentry.o(.ARM.Collect$$rtentry$$00000000)
    .ARM.Collect$$rtentry$$00000002          0x00000154   Section        0  __rtentry2.o(.ARM.Collect$$rtentry$$00000002)
    .ARM.Collect$$rtentry$$00000004          0x00000154   Section        6  __rtentry4.o(.ARM.Collect$$rtentry$$00000004)
    .ARM.Collect$$rtentry$$00000009          0x0000015a   Section        0  __rtentry2.o(.ARM.Collect$$rtentry$$00000009)
    .ARM.Collect$$rtentry$$0000000A          0x0000015a   Section        4  __rtentry2.o(.ARM.Collect$$rtentry$$0000000A)
    .ARM.Collect$$rtentry$$0000000C          0x0000015e   Section        0  __rtentry2.o(.ARM.Collect$$rtentry$$0000000C)
    .ARM.Collect$$rtentry$$0000000D          0x0000015e   Section        8  __rtentry2.o(.ARM.Collect$$rtentry$$0000000D)
    .ARM.Collect$$rtexit$$00000000           0x00000166   Section        2  rtexit.o(.ARM.Collect$$rtexit$$00000000)
    .ARM.Collect$$rtexit$$00000002           0x00000168   Section        0  rtexit2.o(.ARM.Collect$$rtexit$$00000002)
    .ARM.Collect$$rtexit$$00000003           0x00000168   Section        4  rtexit2.o(.ARM.Collect$$rtexit$$00000003)
    .ARM.Collect$$rtexit$$00000004           0x0000016c   Section        6  rtexit2.o(.ARM.Collect$$rtexit$$00000004)
    .emb_text                                0x00000174   Section      120  port.o(.emb_text)
    .emb_text                                0x000001ec   Section       28  retarget.o(.emb_text)
    .emb_text                                0x00000208   Section       56  rt_memcpy.o(.emb_text)
    .text                                    0x00000240   Section      100  startup_nuc131.o(.text)
    Default_Handler                          0x0000026b   Thumb Code     2  startup_nuc131.o(.text)
    .text                                    0x000002a4   Section        0  noretval__2printf.o(.text)
    .text                                    0x000002c0   Section        0  _printf_hex_int.o(.text)
    .text                                    0x00000318   Section        0  __printf_wp.o(.text)
    .text                                    0x00000426   Section        0  rt_memcpy.o(.text)
    .text                                    0x000004a8   Section      346  aeabi_sdiv.o(.text)
    .text                                    0x00000602   Section        0  heapauxi.o(.text)
    .text                                    0x00000608   Section        0  _printf_intcommon.o(.text)
    .text                                    0x000006b8   Section        0  _printf_char_file.o(.text)
    .text                                    0x000006e0   Section        0  _printf_char_common.o(.text)
    _printf_input_char                       0x000006e1   Thumb Code    10  _printf_char_common.o(.text)
    .text                                    0x00000710   Section       62  sys_stackheap_outer.o(.text)
    .text                                    0x0000074e   Section        0  exit.o(.text)
    .text                                    0x00000760   Section        8  libspace.o(.text)
    .text                                    0x00000768   Section        0  sys_exit.o(.text)
    .text                                    0x00000774   Section        2  use_no_semi.o(.text)
    .text                                    0x00000776   Section        0  indicate_semi.o(.text)
    i.CLK_EnablePLL                          0x00000778   Section        0  clk.o(i.CLK_EnablePLL)
    i.CLK_EnableXtalRC                       0x000008fc   Section        0  clk.o(i.CLK_EnableXtalRC)
    i.CLK_GetPLLClockFreq                    0x0000090c   Section        0  clk.o(i.CLK_GetPLLClockFreq)
    CLK_GetPLLClockFreq                      0x0000090d   Thumb Code   112  clk.o(i.CLK_GetPLLClockFreq)
    i.CLK_GetPLLClockFreq                    0x0000098c   Section        0  system_nuc131.o(i.CLK_GetPLLClockFreq)
    CLK_GetPLLClockFreq                      0x0000098d   Thumb Code   112  system_nuc131.o(i.CLK_GetPLLClockFreq)
    i.CLK_SetCoreClock                       0x00000a0c   Section        0  clk.o(i.CLK_SetCoreClock)
    i.CLK_SetHCLK                            0x00000aa8   Section        0  clk.o(i.CLK_SetHCLK)
    i.CLK_WaitClockReady                     0x00000b14   Section        0  clk.o(i.CLK_WaitClockReady)
    i.GPIO_SetMode                           0x00000b3c   Section        0  gpio.o(i.GPIO_SetMode)
    i.Hard_Fault_Handler                     0x00000b6c   Section        0  retarget.o(i.Hard_Fault_Handler)
    __tagsym$$used                           0x00000b6d   Number         0  retarget.o(i.Hard_Fault_Handler)
    i.SVC_Handler                            0x00000b98   Section        0  port.o(i.SVC_Handler)
    i.SYS_Init                               0x00000b9c   Section        0  main.o(i.SYS_Init)
    i.SendChar                               0x00000bcc   Section        0  retarget.o(i.SendChar)
    i.SendChar_ToUART                        0x00000bd8   Section        0  retarget.o(i.SendChar_ToUART)
    i.SysTick_Handler                        0x00000c0c   Section        0  port.o(i.SysTick_Handler)
    i.SystemCoreClockUpdate                  0x00000c30   Section        0  system_nuc131.o(i.SystemCoreClockUpdate)
    i.SystemInit                             0x00000c94   Section        0  system_nuc131.o(i.SystemInit)
    i._is_digit                              0x00000c96   Section        0  __printf_wp.o(i._is_digit)
    i.ferror                                 0x00000ca4   Section        0  retarget.o(i.ferror)
    i.fputc                                  0x00000cac   Section        0  retarget.o(i.fputc)
    i.main                                   0x00000cbc   Section        0  main.o(i.main)
    i.prvAddCurrentTaskToDelayedList         0x00000db8   Section        0  tasks.o(i.prvAddCurrentTaskToDelayedList)
    prvAddCurrentTaskToDelayedList           0x00000db9   Thumb Code   100  tasks.o(i.prvAddCurrentTaskToDelayedList)
    i.prvAddNewTaskToReadyList               0x00000e34   Section        0  tasks.o(i.prvAddNewTaskToReadyList)
    prvAddNewTaskToReadyList                 0x00000e35   Thumb Code   140  tasks.o(i.prvAddNewTaskToReadyList)
    i.prvCheckTasksWaitingTermination        0x00000ed8   Section        0  tasks.o(i.prvCheckTasksWaitingTermination)
    prvCheckTasksWaitingTermination          0x00000ed9   Thumb Code    60  tasks.o(i.prvCheckTasksWaitingTermination)
    i.prvCopyDataToQueue                     0x00000f20   Section        0  queue.o(i.prvCopyDataToQueue)
    prvCopyDataToQueue                       0x00000f21   Thumb Code   108  queue.o(i.prvCopyDataToQueue)
    i.prvDeleteTCB                           0x00000f8c   Section        0  tasks.o(i.prvDeleteTCB)
    prvDeleteTCB                             0x00000f8d   Thumb Code    18  tasks.o(i.prvDeleteTCB)
    i.prvIdleTask                            0x00000fa0   Section        0  tasks.o(i.prvIdleTask)
    prvIdleTask                              0x00000fa1   Thumb Code    20  tasks.o(i.prvIdleTask)
    i.prvInitialiseNewQueue                  0x00000fb8   Section        0  queue.o(i.prvInitialiseNewQueue)
    prvInitialiseNewQueue                    0x00000fb9   Thumb Code    34  queue.o(i.prvInitialiseNewQueue)
    i.prvInitialiseNewTask                   0x00000fda   Section        0  tasks.o(i.prvInitialiseNewTask)
    prvInitialiseNewTask                     0x00000fdb   Thumb Code   144  tasks.o(i.prvInitialiseNewTask)
    i.prvInitialiseTaskLists                 0x0000106c   Section        0  tasks.o(i.prvInitialiseTaskLists)
    prvInitialiseTaskLists                   0x0000106d   Thumb Code    68  tasks.o(i.prvInitialiseTaskLists)
    i.prvIsQueueFull                         0x000010d0   Section        0  queue.o(i.prvIsQueueFull)
    prvIsQueueFull                           0x000010d1   Thumb Code    30  queue.o(i.prvIsQueueFull)
    i.prvResetNextTaskUnblockTime            0x000010f0   Section        0  tasks.o(i.prvResetNextTaskUnblockTime)
    prvResetNextTaskUnblockTime              0x000010f1   Thumb Code    46  tasks.o(i.prvResetNextTaskUnblockTime)
    i.prvSetupTimerInterrupt                 0x00001128   Section        0  port.o(i.prvSetupTimerInterrupt)
    prvSetupTimerInterrupt                   0x00001129   Thumb Code    18  port.o(i.prvSetupTimerInterrupt)
    i.prvTaskExitError                       0x00001144   Section        0  port.o(i.prvTaskExitError)
    prvTaskExitError                         0x00001145   Thumb Code     6  port.o(i.prvTaskExitError)
    i.prvUnlockQueue                         0x0000114a   Section        0  queue.o(i.prvUnlockQueue)
    prvUnlockQueue                           0x0000114b   Thumb Code   142  queue.o(i.prvUnlockQueue)
    i.pvPortMalloc                           0x000011d8   Section        0  heap_1.o(i.pvPortMalloc)
    i.pxPortInitialiseStack                  0x0000124c   Section        0  port.o(i.pxPortInitialiseStack)
    i.stackDump                              0x0000126c   Section        0  retarget.o(i.stackDump)
    stackDump                                0x0000126d   Thumb Code    70  retarget.o(i.stackDump)
    i.uxListRemove                           0x00001314   Section        0  list.o(i.uxListRemove)
    i.vListInitialise                        0x0000133c   Section        0  list.o(i.vListInitialise)
    i.vListInitialiseItem                    0x00001356   Section        0  list.o(i.vListInitialiseItem)
    i.vListInsert                            0x0000135c   Section        0  list.o(i.vListInsert)
    i.vListInsertEnd                         0x00001392   Section        0  list.o(i.vListInsertEnd)
    i.vPortEnterCritical                     0x000013ac   Section        0  port.o(i.vPortEnterCritical)
    i.vPortExitCritical                      0x000013c8   Section        0  port.o(i.vPortExitCritical)
    i.vPortFree                              0x000013e4   Section        0  heap_1.o(i.vPortFree)
    i.vPortYield                             0x000013e8   Section        0  port.o(i.vPortYield)
    i.vTask1                                 0x00001400   Section        0  main.o(i.vTask1)
    i.vTask2                                 0x0000141c   Section        0  main.o(i.vTask2)
    i.vTask3                                 0x0000142c   Section        0  main.o(i.vTask3)
    i.vTaskDelay                             0x00001444   Section        0  tasks.o(i.vTaskDelay)
    i.vTaskInternalSetTimeOutState           0x0000146c   Section        0  tasks.o(i.vTaskInternalSetTimeOutState)
    i.vTaskMissedYield                       0x00001484   Section        0  tasks.o(i.vTaskMissedYield)
    i.vTaskPlaceOnEventList                  0x00001490   Section        0  tasks.o(i.vTaskPlaceOnEventList)
    i.vTaskStartScheduler                    0x000014b0   Section        0  tasks.o(i.vTaskStartScheduler)
    i.vTaskSuspendAll                        0x00001504   Section        0  tasks.o(i.vTaskSuspendAll)
    i.vTaskSwitchContext                     0x00001514   Section        0  tasks.o(i.vTaskSwitchContext)
    i.xPortStartScheduler                    0x0000158c   Section        0  port.o(i.xPortStartScheduler)
    i.xQueueGenericCreate                    0x000015c4   Section        0  queue.o(i.xQueueGenericCreate)
    i.xQueueGenericReset                     0x00001604   Section        0  queue.o(i.xQueueGenericReset)
    i.xQueueGenericSend                      0x0000167c   Section        0  queue.o(i.xQueueGenericSend)
    i.xTaskCheckForTimeOut                   0x00001778   Section        0  tasks.o(i.xTaskCheckForTimeOut)
    i.xTaskCreate                            0x000017d8   Section        0  tasks.o(i.xTaskCreate)
    i.xTaskIncrementTick                     0x00001834   Section        0  tasks.o(i.xTaskIncrementTick)
    i.xTaskRemoveFromEventList               0x00001954   Section        0  tasks.o(i.xTaskRemoveFromEventList)
    i.xTaskResumeAll                         0x000019d4   Section        0  tasks.o(i.xTaskResumeAll)
    .constdata                               0x00001ab4   Section       40  _printf_hex_int.o(.constdata)
    uc_hextab                                0x00001ab4   Data          20  _printf_hex_int.o(.constdata)
    lc_hextab                                0x00001ac8   Data          20  _printf_hex_int.o(.constdata)
    .conststring                             0x00001adc   Section       58  main.o(.conststring)
    .data                                    0x20000000   Section       16  main.o(.data)
    .data                                    0x20000010   Section       60  tasks.o(.data)
    pxDelayedTaskList                        0x20000014   Data           4  tasks.o(.data)
    pxOverflowDelayedTaskList                0x20000018   Data           4  tasks.o(.data)
    uxDeletedTasksWaitingCleanUp             0x2000001c   Data           4  tasks.o(.data)
    uxCurrentNumberOfTasks                   0x20000020   Data           4  tasks.o(.data)
    xTickCount                               0x20000024   Data           4  tasks.o(.data)
    uxTopReadyPriority                       0x20000028   Data           4  tasks.o(.data)
    xSchedulerRunning                        0x2000002c   Data           4  tasks.o(.data)
    uxPendedTicks                            0x20000030   Data           4  tasks.o(.data)
    xYieldPending                            0x20000034   Data           4  tasks.o(.data)
    xNumOfOverflows                          0x20000038   Data           4  tasks.o(.data)
    uxTaskNumber                             0x2000003c   Data           4  tasks.o(.data)
    xNextTaskUnblockTime                     0x20000040   Data           4  tasks.o(.data)
    xIdleTaskHandle                          0x20000044   Data           4  tasks.o(.data)
    uxSchedulerSuspended                     0x20000048   Data           4  tasks.o(.data)
    .data                                    0x2000004c   Section        4  port.o(.data)
    uxCriticalNesting                        0x2000004c   Data           4  port.o(.data)
    .data                                    0x20000050   Section        8  heap_1.o(.data)
    xNextFreeByte                            0x20000050   Data           4  heap_1.o(.data)
    pucAlignedHeap                           0x20000054   Data           4  heap_1.o(.data)
    .data                                    0x20000058   Section        8  retarget.o(.data)
    .data                                    0x20000060   Section       44  system_nuc131.o(.data)
    .bss                                     0x2000008c   Section      200  tasks.o(.bss)
    pxReadyTasksLists                        0x2000008c   Data         100  tasks.o(.bss)
    xDelayedTaskList1                        0x200000f0   Data          20  tasks.o(.bss)
    xDelayedTaskList2                        0x20000104   Data          20  tasks.o(.bss)
    xPendingReadyList                        0x20000118   Data          20  tasks.o(.bss)
    xTasksWaitingTermination                 0x2000012c   Data          20  tasks.o(.bss)
    xSuspendedTaskList                       0x20000140   Data          20  tasks.o(.bss)
    .bss                                     0x20000154   Section     5000  heap_1.o(.bss)
    ucHeap                                   0x20000154   Data        5000  heap_1.o(.bss)
    .bss                                     0x200014dc   Section       96  libspace.o(.bss)
    HEAP                                     0x20001540   Section        0  startup_nuc131.o(HEAP)
    STACK                                    0x20001540   Section     1024  startup_nuc131.o(STACK)
    Heap_Mem                                 0x20001540   Data           0  startup_nuc131.o(HEAP)
    Stack_Mem                                0x20001540   Data        1024  startup_nuc131.o(STACK)
    __initial_sp                             0x20001940   Data           0  startup_nuc131.o(STACK)

    Global Symbols

    Symbol Name                              Value     Ov Type        Size  Object(Section)

    BuildAttributes$$THM_ISAv3M$S$PE$A:L22$X:L11$S22$IEEE1$IW$USESV6$~STKCKD$USESV7$~SHL$OSPACE$ROPI$EBA8$UX$STANDARDLIB$REQ8$PRES8$EABIv2 0x00000000   Number         0  anon$$obj.o ABSOLUTE
    __ARM_use_no_argv                        0x00000000   Number         0  main.o ABSOLUTE
    __Vectors                                0x00000000   Data           4  startup_nuc131.o(RESET)
    _printf_flags                            0x00000000   Number         0  printf_stubs.o ABSOLUTE
    _printf_return_value                     0x00000000   Number         0  printf_stubs.o ABSOLUTE
    _printf_sizespec                         0x00000000   Number         0  printf_stubs.o ABSOLUTE
    _printf_widthprec                        0x00000000   Number         0  printf_stubs.o ABSOLUTE
    __ARM_exceptions_init                     - Undefined Weak Reference
    __alloca_initialize                       - Undefined Weak Reference
    __arm_preinit_                            - Undefined Weak Reference
    __cpp_initialize__aeabi_                  - Undefined Weak Reference
    __cxa_finalize                            - Undefined Weak Reference
    __rt_locale                               - Undefined Weak Reference
    __sigvec_lookup                           - Undefined Weak Reference
    _atexit_init                              - Undefined Weak Reference
    _call_atexit_fns                          - Undefined Weak Reference
    _clock_init                               - Undefined Weak Reference
    _fp_trap_init                             - Undefined Weak Reference
    _fp_trap_shutdown                         - Undefined Weak Reference
    _get_lc_collate                           - Undefined Weak Reference
    _get_lc_ctype                             - Undefined Weak Reference
    _get_lc_monetary                          - Undefined Weak Reference
    _get_lc_numeric                           - Undefined Weak Reference
    _get_lc_time                              - Undefined Weak Reference
    _getenv_init                              - Undefined Weak Reference
    _handle_redirection                       - Undefined Weak Reference
    _init_alloc                               - Undefined Weak Reference
    _init_user_alloc                          - Undefined Weak Reference
    _initio                                   - Undefined Weak Reference
    _printf_post_padding                      - Undefined Weak Reference
    _printf_pre_padding                       - Undefined Weak Reference
    _printf_truncate_unsigned                 - Undefined Weak Reference
    _rand_init                                - Undefined Weak Reference
    _signal_finish                            - Undefined Weak Reference
    _signal_init                              - Undefined Weak Reference
    _terminate_alloc                          - Undefined Weak Reference
    _terminate_user_alloc                     - Undefined Weak Reference
    _terminateio                              - Undefined Weak Reference
    __main                                   0x000000c1   Thumb Code     8  __main.o(!!!main)
    __scatterload                            0x000000c9   Thumb Code     0  __scatter.o(!!!scatter)
    __scatterload_rt2                        0x000000c9   Thumb Code    52  __scatter.o(!!!scatter)
    __scatterload_rt2_thumb_only             0x000000c9   Thumb Code     0  __scatter.o(!!!scatter)
    __scatterload_null                       0x000000d9   Thumb Code     0  __scatter.o(!!!scatter)
    __scatterload_copy                       0x00000105   Thumb Code    26  __scatter_copy.o(!!handler_copy)
    __scatterload_zeroinit                   0x00000121   Thumb Code    28  __scatter_zi.o(!!handler_zi)
    _printf_percent                          0x0000013d   Thumb Code     0  _printf_percent.o(.ARM.Collect$$_printf_percent$$00000000)
    _printf_x                                0x0000013f   Thumb Code     0  _printf_x.o(.ARM.Collect$$_printf_percent$$0000000C)
    _printf_percent_end                      0x00000149   Thumb Code     0  _printf_percent_end.o(.ARM.Collect$$_printf_percent$$00000017)
    __rt_lib_init                            0x0000014d   Thumb Code     0  libinit.o(.ARM.Collect$$libinit$$00000000)
    __rt_lib_init_alloca_1                   0x0000014f   Thumb Code     0  libinit2.o(.ARM.Collect$$libinit$$0000002E)
    __rt_lib_init_argv_1                     0x0000014f   Thumb Code     0  libinit2.o(.ARM.Collect$$libinit$$0000002C)
    __rt_lib_init_atexit_1                   0x0000014f   Thumb Code     0  libinit2.o(.ARM.Collect$$libinit$$0000001B)
    __rt_lib_init_clock_1                    0x0000014f   Thumb Code     0  libinit2.o(.ARM.Collect$$libinit$$00000021)
    __rt_lib_init_cpp_1                      0x0000014f   Thumb Code     0  libinit2.o(.ARM.Collect$$libinit$$00000032)
    __rt_lib_init_exceptions_1               0x0000014f   Thumb Code     0  libinit2.o(.ARM.Collect$$libinit$$00000030)
    __rt_lib_init_fp_1                       0x0000014f   Thumb Code     0  libinit2.o(.ARM.Collect$$libinit$$00000002)
    __rt_lib_init_fp_trap_1                  0x0000014f   Thumb Code     0  libinit2.o(.ARM.Collect$$libinit$$0000001F)
    __rt_lib_init_getenv_1                   0x0000014f   Thumb Code     0  libinit2.o(.ARM.Collect$$libinit$$00000023)
    __rt_lib_init_heap_1                     0x0000014f   Thumb Code     0  libinit2.o(.ARM.Collect$$libinit$$0000000A)
    __rt_lib_init_lc_collate_1               0x0000014f   Thumb Code     0  libinit2.o(.ARM.Collect$$libinit$$00000011)
    __rt_lib_init_lc_ctype_1                 0x0000014f   Thumb Code     0  libinit2.o(.ARM.Collect$$libinit$$00000013)
    __rt_lib_init_lc_monetary_1              0x0000014f   Thumb Code     0  libinit2.o(.ARM.Collect$$libinit$$00000015)
    __rt_lib_init_lc_numeric_1               0x0000014f   Thumb Code     0  libinit2.o(.ARM.Collect$$libinit$$00000017)
    __rt_lib_init_lc_time_1                  0x0000014f   Thumb Code     0  libinit2.o(.ARM.Collect$$libinit$$00000019)
    __rt_lib_init_preinit_1                  0x0000014f   Thumb Code     0  libinit2.o(.ARM.Collect$$libinit$$00000004)
    __rt_lib_init_rand_1                     0x0000014f   Thumb Code     0  libinit2.o(.ARM.Collect$$libinit$$0000000E)
    __rt_lib_init_return                     0x0000014f   Thumb Code     0  libinit2.o(.ARM.Collect$$libinit$$00000033)
    __rt_lib_init_signal_1                   0x0000014f   Thumb Code     0  libinit2.o(.ARM.Collect$$libinit$$0000001D)
    __rt_lib_init_stdio_1                    0x0000014f   Thumb Code     0  libinit2.o(.ARM.Collect$$libinit$$00000025)
    __rt_lib_init_user_alloc_1               0x0000014f   Thumb Code     0  libinit2.o(.ARM.Collect$$libinit$$0000000C)
    __rt_lib_shutdown                        0x00000151   Thumb Code     0  libshutdown.o(.ARM.Collect$$libshutdown$$00000000)
    __rt_lib_shutdown_cpp_1                  0x00000153   Thumb Code     0  libshutdown2.o(.ARM.Collect$$libshutdown$$00000002)
    __rt_lib_shutdown_fp_trap_1              0x00000153   Thumb Code     0  libshutdown2.o(.ARM.Collect$$libshutdown$$00000007)
    __rt_lib_shutdown_heap_1                 0x00000153   Thumb Code     0  libshutdown2.o(.ARM.Collect$$libshutdown$$0000000F)
    __rt_lib_shutdown_return                 0x00000153   Thumb Code     0  libshutdown2.o(.ARM.Collect$$libshutdown$$00000010)
    __rt_lib_shutdown_signal_1               0x00000153   Thumb Code     0  libshutdown2.o(.ARM.Collect$$libshutdown$$0000000A)
    __rt_lib_shutdown_stdio_1                0x00000153   Thumb Code     0  libshutdown2.o(.ARM.Collect$$libshutdown$$00000004)
    __rt_lib_shutdown_user_alloc_1           0x00000153   Thumb Code     0  libshutdown2.o(.ARM.Collect$$libshutdown$$0000000C)
    __rt_entry                               0x00000155   Thumb Code     0  __rtentry.o(.ARM.Collect$$rtentry$$00000000)
    __rt_entry_presh_1                       0x00000155   Thumb Code     0  __rtentry2.o(.ARM.Collect$$rtentry$$00000002)
    __rt_entry_sh                            0x00000155   Thumb Code     0  __rtentry4.o(.ARM.Collect$$rtentry$$00000004)
    __rt_entry_li                            0x0000015b   Thumb Code     0  __rtentry2.o(.ARM.Collect$$rtentry$$0000000A)
    __rt_entry_postsh_1                      0x0000015b   Thumb Code     0  __rtentry2.o(.ARM.Collect$$rtentry$$00000009)
    __rt_entry_main                          0x0000015f   Thumb Code     0  __rtentry2.o(.ARM.Collect$$rtentry$$0000000D)
    __rt_entry_postli_1                      0x0000015f   Thumb Code     0  __rtentry2.o(.ARM.Collect$$rtentry$$0000000C)
    __rt_exit                                0x00000167   Thumb Code     0  rtexit.o(.ARM.Collect$$rtexit$$00000000)
    __rt_exit_ls                             0x00000169   Thumb Code     0  rtexit2.o(.ARM.Collect$$rtexit$$00000003)
    __rt_exit_prels_1                        0x00000169   Thumb Code     0  rtexit2.o(.ARM.Collect$$rtexit$$00000002)
    __rt_exit_exit                           0x0000016d   Thumb Code     0  rtexit2.o(.ARM.Collect$$rtexit$$00000004)
    __asm___6_port_c_39a90d8d__prvPortStartFirstTask 0x00000175   Thumb Code    36  port.o(.emb_text)
    ulSetInterruptMaskFromISR                0x0000019d   Thumb Code     8  port.o(.emb_text)
    vClearInterruptMaskFromISR               0x000001a5   Thumb Code     6  port.o(.emb_text)
    PendSV_Handler                           0x000001ab   Thumb Code    62  port.o(.emb_text)
    HardFault_Handler                        0x000001ed   Thumb Code    24  retarget.o(.emb_text)
    __aeabi_memcpy4                          0x00000209   Thumb Code    56  rt_memcpy.o(.emb_text)
    __aeabi_memcpy8                          0x00000209   Thumb Code     0  rt_memcpy.o(.emb_text)
    Reset_Handler                            0x00000241   Thumb Code    32  startup_nuc131.o(.text)
    NMI_Handler                              0x00000261   Thumb Code     2  startup_nuc131.o(.text)
    ADC_IRQHandler                           0x0000026b   Thumb Code     0  startup_nuc131.o(.text)
    BOD_IRQHandler                           0x0000026b   Thumb Code     0  startup_nuc131.o(.text)
    BPWM0_IRQHandler                         0x0000026b   Thumb Code     0  startup_nuc131.o(.text)
    BPWM1_IRQHandler                         0x0000026b   Thumb Code     0  startup_nuc131.o(.text)
    BRAKE0_IRQHandler                        0x0000026b   Thumb Code     0  startup_nuc131.o(.text)
    BRAKE1_IRQHandler                        0x0000026b   Thumb Code     0  startup_nuc131.o(.text)
    CAN0_IRQHandler                          0x0000026b   Thumb Code     0  startup_nuc131.o(.text)
    CAN1_IRQHandler                          0x0000026b   Thumb Code     0  startup_nuc131.o(.text)
    CKD_IRQHandler                           0x0000026b   Thumb Code     0  startup_nuc131.o(.text)
    EINT0_IRQHandler                         0x0000026b   Thumb Code     0  startup_nuc131.o(.text)
    EINT1_IRQHandler                         0x0000026b   Thumb Code     0  startup_nuc131.o(.text)
    GPAB_IRQHandler                          0x0000026b   Thumb Code     0  startup_nuc131.o(.text)
    GPCDEF_IRQHandler                        0x0000026b   Thumb Code     0  startup_nuc131.o(.text)
    I2C0_IRQHandler                          0x0000026b   Thumb Code     0  startup_nuc131.o(.text)
    I2C1_IRQHandler                          0x0000026b   Thumb Code     0  startup_nuc131.o(.text)
    PWM0_IRQHandler                          0x0000026b   Thumb Code     0  startup_nuc131.o(.text)
    PWM1_IRQHandler                          0x0000026b   Thumb Code     0  startup_nuc131.o(.text)
    PWRWU_IRQHandler                         0x0000026b   Thumb Code     0  startup_nuc131.o(.text)
    RTC_IRQHandler                           0x0000026b   Thumb Code     0  startup_nuc131.o(.text)
    SPI0_IRQHandler                          0x0000026b   Thumb Code     0  startup_nuc131.o(.text)
    TMR0_IRQHandler                          0x0000026b   Thumb Code     0  startup_nuc131.o(.text)
    TMR1_IRQHandler                          0x0000026b   Thumb Code     0  startup_nuc131.o(.text)
    TMR2_IRQHandler                          0x0000026b   Thumb Code     0  startup_nuc131.o(.text)
    TMR3_IRQHandler                          0x0000026b   Thumb Code     0  startup_nuc131.o(.text)
    UART02_IRQHandler                        0x0000026b   Thumb Code     0  startup_nuc131.o(.text)
    UART1_IRQHandler                         0x0000026b   Thumb Code     0  startup_nuc131.o(.text)
    UART3_IRQHandler                         0x0000026b   Thumb Code     0  startup_nuc131.o(.text)
    UART4_IRQHandler                         0x0000026b   Thumb Code     0  startup_nuc131.o(.text)
    UART5_IRQHandler                         0x0000026b   Thumb Code     0  startup_nuc131.o(.text)
    WDT_IRQHandler                           0x0000026b   Thumb Code     0  startup_nuc131.o(.text)
    __user_initial_stackheap                 0x0000026d   Thumb Code     0  startup_nuc131.o(.text)
    __2printf                                0x000002a5   Thumb Code    22  noretval__2printf.o(.text)
    _printf_int_hex                          0x000002c1   Thumb Code    84  _printf_hex_int.o(.text)
    _printf_longlong_hex                     0x000002c1   Thumb Code     0  _printf_hex_int.o(.text)
    __printf                                 0x00000319   Thumb Code   270  __printf_wp.o(.text)
    __aeabi_memcpy                           0x00000427   Thumb Code   130  rt_memcpy.o(.text)
    __rt_memcpy                              0x00000427   Thumb Code     0  rt_memcpy.o(.text)
    __aeabi_uidiv                            0x000004a9   Thumb Code     0  aeabi_sdiv.o(.text)
    __aeabi_uidivmod                         0x000004a9   Thumb Code    20  aeabi_sdiv.o(.text)
    __aeabi_idiv                             0x000004bd   Thumb Code     0  aeabi_sdiv.o(.text)
    __aeabi_idivmod                          0x000004bd   Thumb Code   326  aeabi_sdiv.o(.text)
    __use_two_region_memory                  0x00000603   Thumb Code     2  heapauxi.o(.text)
    __rt_heap_escrow$2region                 0x00000605   Thumb Code     2  heapauxi.o(.text)
    __rt_heap_expand$2region                 0x00000607   Thumb Code     2  heapauxi.o(.text)
    _printf_int_common                       0x00000609   Thumb Code   176  _printf_intcommon.o(.text)
    _printf_char_file                        0x000006b9   Thumb Code    34  _printf_char_file.o(.text)
    _printf_char_common                      0x000006eb   Thumb Code    32  _printf_char_common.o(.text)
    __user_setup_stackheap                   0x00000711   Thumb Code    62  sys_stackheap_outer.o(.text)
    exit                                     0x0000074f   Thumb Code    16  exit.o(.text)
    __user_libspace                          0x00000761   Thumb Code     8  libspace.o(.text)
    __user_perproc_libspace                  0x00000761   Thumb Code     0  libspace.o(.text)
    __user_perthread_libspace                0x00000761   Thumb Code     0  libspace.o(.text)
    _sys_exit                                0x00000769   Thumb Code     8  sys_exit.o(.text)
    __I$use$semihosting                      0x00000775   Thumb Code     0  use_no_semi.o(.text)
    __use_no_semihosting_swi                 0x00000775   Thumb Code     2  use_no_semi.o(.text)
    __semihosting_library_function           0x00000777   Thumb Code     0  indicate_semi.o(.text)
    CLK_EnablePLL                            0x00000779   Thumb Code   342  clk.o(i.CLK_EnablePLL)
    CLK_EnableXtalRC                         0x000008fd   Thumb Code    12  clk.o(i.CLK_EnableXtalRC)
    CLK_SetCoreClock                         0x00000a0d   Thumb Code   144  clk.o(i.CLK_SetCoreClock)
    CLK_SetHCLK                              0x00000aa9   Thumb Code   102  clk.o(i.CLK_SetHCLK)
    CLK_WaitClockReady                       0x00000b15   Thumb Code    32  clk.o(i.CLK_WaitClockReady)
    GPIO_SetMode                             0x00000b3d   Thumb Code    46  gpio.o(i.GPIO_SetMode)
    Hard_Fault_Handler                       0x00000b6d   Thumb Code    18  retarget.o(i.Hard_Fault_Handler)
    SVC_Handler                              0x00000b99   Thumb Code     2  port.o(i.SVC_Handler)
    SYS_Init                                 0x00000b9d   Thumb Code    42  main.o(i.SYS_Init)
    SendChar                                 0x00000bcd   Thumb Code    12  retarget.o(i.SendChar)
    SendChar_ToUART                          0x00000bd9   Thumb Code    48  retarget.o(i.SendChar_ToUART)
    SysTick_Handler                          0x00000c0d   Thumb Code    32  port.o(i.SysTick_Handler)
    SystemCoreClockUpdate                    0x00000c31   Thumb Code    76  system_nuc131.o(i.SystemCoreClockUpdate)
    SystemInit                               0x00000c95   Thumb Code     2  system_nuc131.o(i.SystemInit)
    _is_digit                                0x00000c97   Thumb Code    14  __printf_wp.o(i._is_digit)
    ferror                                   0x00000ca5   Thumb Code     8  retarget.o(i.ferror)
    fputc                                    0x00000cad   Thumb Code    16  retarget.o(i.fputc)
    main                                     0x00000cbd   Thumb Code   192  main.o(i.main)
    pvPortMalloc                             0x000011d9   Thumb Code   102  heap_1.o(i.pvPortMalloc)
    pxPortInitialiseStack                    0x0000124d   Thumb Code    26  port.o(i.pxPortInitialiseStack)
    uxListRemove                             0x00001315   Thumb Code    40  list.o(i.uxListRemove)
    vListInitialise                          0x0000133d   Thumb Code    26  list.o(i.vListInitialise)
    vListInitialiseItem                      0x00001357   Thumb Code     6  list.o(i.vListInitialiseItem)
    vListInsert                              0x0000135d   Thumb Code    54  list.o(i.vListInsert)
    vListInsertEnd                           0x00001393   Thumb Code    24  list.o(i.vListInsertEnd)
    vPortEnterCritical                       0x000013ad   Thumb Code    22  port.o(i.vPortEnterCritical)
    vPortExitCritical                        0x000013c9   Thumb Code    22  port.o(i.vPortExitCritical)
    vPortFree                                0x000013e5   Thumb Code     2  heap_1.o(i.vPortFree)
    vPortYield                               0x000013e9   Thumb Code    18  port.o(i.vPortYield)
    vTask1                                   0x00001401   Thumb Code    24  main.o(i.vTask1)
    vTask2                                   0x0000141d   Thumb Code    10  main.o(i.vTask2)
    vTask3                                   0x0000142d   Thumb Code    20  main.o(i.vTask3)
    vTaskDelay                               0x00001445   Thumb Code    38  tasks.o(i.vTaskDelay)
    vTaskInternalSetTimeOutState             0x0000146d   Thumb Code    14  tasks.o(i.vTaskInternalSetTimeOutState)
    vTaskMissedYield                         0x00001485   Thumb Code     8  tasks.o(i.vTaskMissedYield)
    vTaskPlaceOnEventList                    0x00001491   Thumb Code    28  tasks.o(i.vTaskPlaceOnEventList)
    vTaskStartScheduler                      0x000014b1   Thumb Code    56  tasks.o(i.vTaskStartScheduler)
    vTaskSuspendAll                          0x00001505   Thumb Code    12  tasks.o(i.vTaskSuspendAll)
    vTaskSwitchContext                       0x00001515   Thumb Code    98  tasks.o(i.vTaskSwitchContext)
    xPortStartScheduler                      0x0000158d   Thumb Code    48  port.o(i.xPortStartScheduler)
    xQueueGenericCreate                      0x000015c5   Thumb Code    64  queue.o(i.xQueueGenericCreate)
    xQueueGenericReset                       0x00001605   Thumb Code   120  queue.o(i.xQueueGenericReset)
    xQueueGenericSend                        0x0000167d   Thumb Code   252  queue.o(i.xQueueGenericSend)
    xTaskCheckForTimeOut                     0x00001779   Thumb Code    86  tasks.o(i.xTaskCheckForTimeOut)
    xTaskCreate                              0x000017d9   Thumb Code    92  tasks.o(i.xTaskCreate)
    xTaskIncrementTick                       0x00001835   Thumb Code   242  tasks.o(i.xTaskIncrementTick)
    xTaskRemoveFromEventList                 0x00001955   Thumb Code   102  tasks.o(i.xTaskRemoveFromEventList)
    xTaskResumeAll                           0x000019d5   Thumb Code   192  tasks.o(i.xTaskResumeAll)
    Region$$Table$$Base                      0x00001b18   Number         0  anon$$obj.o(Region$$Table)
    Region$$Table$$Limit                     0x00001b38   Number         0  anon$$obj.o(Region$$Table)
    pvTask1                                  0x20000000   Data           4  main.o(.data)
    pvTask2                                  0x20000004   Data           4  main.o(.data)
    pvTask3                                  0x20000008   Data           4  main.o(.data)
    xSemaphore                               0x2000000c   Data           4  main.o(.data)
    pxCurrentTCB                             0x20000010   Data           4  tasks.o(.data)
    __stdout                                 0x20000058   Data           4  retarget.o(.data)
    __stdin                                  0x2000005c   Data           4  retarget.o(.data)
    SystemCoreClock                          0x20000060   Data           4  system_nuc131.o(.data)
    CyclesPerUs                              0x20000064   Data           4  system_nuc131.o(.data)
    PllClock                                 0x20000068   Data           4  system_nuc131.o(.data)
    gau32ClkSrcTbl                           0x2000006c   Data          32  system_nuc131.o(.data)
    __libspace_start                         0x200014dc   Data          96  libspace.o(.bss)
    __temporary_stack_top$libspace           0x2000153c   Data           0  libspace.o(.bss)



==============================================================================

Memory Map of the image

  Image Entry point : 0x00000241

  Load Region LR_1 (Base: 0x00000000, Size: 0x00001bc4, Max: 0xffffffff, ABSOLUTE)

    Execution Region ER_RO (Exec base: 0x00000000, Load base: 0x00000000, Size: 0x00001b38, Max: 0xffffffff, ABSOLUTE)

    Exec Addr    Load Addr    Size         Type   Attr      Idx    E Section Name        Object

    0x00000000   0x00000000   0x000000c0   Data   RO         2566    RESET               startup_nuc131.o
    0x000000c0   0x000000c0   0x00000008   Code   RO         2671  * !!!main             c_p.l(__main.o)
    0x000000c8   0x000000c8   0x0000003c   Code   RO         2851    !!!scatter          c_p.l(__scatter.o)
    0x00000104   0x00000104   0x0000001a   Code   RO         2853    !!handler_copy      c_p.l(__scatter_copy.o)
    0x0000011e   0x0000011e   0x00000002   PAD
    0x00000120   0x00000120   0x0000001c   Code   RO         2855    !!handler_zi        c_p.l(__scatter_zi.o)
    0x0000013c   0x0000013c   0x00000002   Code   RO         2660    .ARM.Collect$$_printf_percent$$00000000  c_p.l(_printf_percent.o)
    0x0000013e   0x0000013e   0x0000000a   Code   RO         2659    .ARM.Collect$$_printf_percent$$0000000C  c_p.l(_printf_x.o)
    0x00000148   0x00000148   0x00000004   Code   RO         2686    .ARM.Collect$$_printf_percent$$00000017  c_p.l(_printf_percent_end.o)
    0x0000014c   0x0000014c   0x00000002   Code   RO         2722    .ARM.Collect$$libinit$$00000000  c_p.l(libinit.o)
    0x0000014e   0x0000014e   0x00000000   Code   RO         2736    .ARM.Collect$$libinit$$00000002  c_p.l(libinit2.o)
    0x0000014e   0x0000014e   0x00000000   Code   RO         2738    .ARM.Collect$$libinit$$00000004  c_p.l(libinit2.o)
    0x0000014e   0x0000014e   0x00000000   Code   RO         2741    .ARM.Collect$$libinit$$0000000A  c_p.l(libinit2.o)
    0x0000014e   0x0000014e   0x00000000   Code   RO         2743    .ARM.Collect$$libinit$$0000000C  c_p.l(libinit2.o)
    0x0000014e   0x0000014e   0x00000000   Code   RO         2745    .ARM.Collect$$libinit$$0000000E  c_p.l(libinit2.o)
    0x0000014e   0x0000014e   0x00000000   Code   RO         2748    .ARM.Collect$$libinit$$00000011  c_p.l(libinit2.o)
    0x0000014e   0x0000014e   0x00000000   Code   RO         2750    .ARM.Collect$$libinit$$00000013  c_p.l(libinit2.o)
    0x0000014e   0x0000014e   0x00000000   Code   RO         2752    .ARM.Collect$$libinit$$00000015  c_p.l(libinit2.o)
    0x0000014e   0x0000014e   0x00000000   Code   RO         2754    .ARM.Collect$$libinit$$00000017  c_p.l(libinit2.o)
    0x0000014e   0x0000014e   0x00000000   Code   RO         2756    .ARM.Collect$$libinit$$00000019  c_p.l(libinit2.o)
    0x0000014e   0x0000014e   0x00000000   Code   RO         2758    .ARM.Collect$$libinit$$0000001B  c_p.l(libinit2.o)
    0x0000014e   0x0000014e   0x00000000   Code   RO         2760    .ARM.Collect$$libinit$$0000001D  c_p.l(libinit2.o)
    0x0000014e   0x0000014e   0x00000000   Code   RO         2762    .ARM.Collect$$libinit$$0000001F  c_p.l(libinit2.o)
    0x0000014e   0x0000014e   0x00000000   Code   RO         2764    .ARM.Collect$$libinit$$00000021  c_p.l(libinit2.o)
    0x0000014e   0x0000014e   0x00000000   Code   RO         2766    .ARM.Collect$$libinit$$00000023  c_p.l(libinit2.o)
    0x0000014e   0x0000014e   0x00000000   Code   RO         2768    .ARM.Collect$$libinit$$00000025  c_p.l(libinit2.o)
    0x0000014e   0x0000014e   0x00000000   Code   RO         2772    .ARM.Collect$$libinit$$0000002C  c_p.l(libinit2.o)
    0x0000014e   0x0000014e   0x00000000   Code   RO         2774    .ARM.Collect$$libinit$$0000002E  c_p.l(libinit2.o)
    0x0000014e   0x0000014e   0x00000000   Code   RO         2776    .ARM.Collect$$libinit$$00000030  c_p.l(libinit2.o)
    0x0000014e   0x0000014e   0x00000000   Code   RO         2778    .ARM.Collect$$libinit$$00000032  c_p.l(libinit2.o)
    0x0000014e   0x0000014e   0x00000002   Code   RO         2779    .ARM.Collect$$libinit$$00000033  c_p.l(libinit2.o)
    0x00000150   0x00000150   0x00000002   Code   RO         2808    .ARM.Collect$$libshutdown$$00000000  c_p.l(libshutdown.o)
    0x00000152   0x00000152   0x00000000   Code   RO         2834    .ARM.Collect$$libshutdown$$00000002  c_p.l(libshutdown2.o)
    0x00000152   0x00000152   0x00000000   Code   RO         2836    .ARM.Collect$$libshutdown$$00000004  c_p.l(libshutdown2.o)
    0x00000152   0x00000152   0x00000000   Code   RO         2839    .ARM.Collect$$libshutdown$$00000007  c_p.l(libshutdown2.o)
    0x00000152   0x00000152   0x00000000   Code   RO         2842    .ARM.Collect$$libshutdown$$0000000A  c_p.l(libshutdown2.o)
    0x00000152   0x00000152   0x00000000   Code   RO         2844    .ARM.Collect$$libshutdown$$0000000C  c_p.l(libshutdown2.o)
    0x00000152   0x00000152   0x00000000   Code   RO         2847    .ARM.Collect$$libshutdown$$0000000F  c_p.l(libshutdown2.o)
    0x00000152   0x00000152   0x00000002   Code   RO         2848    .ARM.Collect$$libshutdown$$00000010  c_p.l(libshutdown2.o)
    0x00000154   0x00000154   0x00000000   Code   RO         2673    .ARM.Collect$$rtentry$$00000000  c_p.l(__rtentry.o)
    0x00000154   0x00000154   0x00000000   Code   RO         2688    .ARM.Collect$$rtentry$$00000002  c_p.l(__rtentry2.o)
    0x00000154   0x00000154   0x00000006   Code   RO         2700    .ARM.Collect$$rtentry$$00000004  c_p.l(__rtentry4.o)
    0x0000015a   0x0000015a   0x00000000   Code   RO         2690    .ARM.Collect$$rtentry$$00000009  c_p.l(__rtentry2.o)
    0x0000015a   0x0000015a   0x00000004   Code   RO         2691    .ARM.Collect$$rtentry$$0000000A  c_p.l(__rtentry2.o)
    0x0000015e   0x0000015e   0x00000000   Code   RO         2693    .ARM.Collect$$rtentry$$0000000C  c_p.l(__rtentry2.o)
    0x0000015e   0x0000015e   0x00000008   Code   RO         2694    .ARM.Collect$$rtentry$$0000000D  c_p.l(__rtentry2.o)
    0x00000166   0x00000166   0x00000002   Code   RO         2727    .ARM.Collect$$rtexit$$00000000  c_p.l(rtexit.o)
    0x00000168   0x00000168   0x00000000   Code   RO         2783    .ARM.Collect$$rtexit$$00000002  c_p.l(rtexit2.o)
    0x00000168   0x00000168   0x00000004   Code   RO         2784    .ARM.Collect$$rtexit$$00000003  c_p.l(rtexit2.o)
    0x0000016c   0x0000016c   0x00000006   Code   RO         2785    .ARM.Collect$$rtexit$$00000004  c_p.l(rtexit2.o)
    0x00000172   0x00000172   0x00000002   PAD
    0x00000174   0x00000174   0x00000078   Code   RO          698    .emb_text           port.o
    0x000001ec   0x000001ec   0x0000001c   Code   RO         2476    .emb_text           retarget.o
    0x00000208   0x00000208   0x00000038   Code   RO         2661    .emb_text           c_p.l(rt_memcpy.o)
    0x00000240   0x00000240   0x00000064   Code   RO         2567  * .text               startup_nuc131.o
    0x000002a4   0x000002a4   0x0000001c   Code   RO         2614    .text               c_p.l(noretval__2printf.o)
    0x000002c0   0x000002c0   0x00000058   Code   RO         2621    .text               c_p.l(_printf_hex_int.o)
    0x00000318   0x00000318   0x0000010e   Code   RO         2647    .text               c_p.l(__printf_wp.o)
    0x00000426   0x00000426   0x00000082   Code   RO         2662    .text               c_p.l(rt_memcpy.o)
    0x000004a8   0x000004a8   0x0000015a   Code   RO         2665    .text               c_p.l(aeabi_sdiv.o)
    0x00000602   0x00000602   0x00000006   Code   RO         2669    .text               c_p.l(heapauxi.o)
    0x00000608   0x00000608   0x000000b0   Code   RO         2682    .text               c_p.l(_printf_intcommon.o)
    0x000006b8   0x000006b8   0x00000028   Code   RO         2684    .text               c_p.l(_printf_char_file.o)
    0x000006e0   0x000006e0   0x00000030   Code   RO         2704    .text               c_p.l(_printf_char_common.o)
    0x00000710   0x00000710   0x0000003e   Code   RO         2706    .text               c_p.l(sys_stackheap_outer.o)
    0x0000074e   0x0000074e   0x00000010   Code   RO         2711    .text               c_p.l(exit.o)
    0x0000075e   0x0000075e   0x00000002   PAD
    0x00000760   0x00000760   0x00000008   Code   RO         2723    .text               c_p.l(libspace.o)
    0x00000768   0x00000768   0x0000000c   Code   RO         2780    .text               c_p.l(sys_exit.o)
    0x00000774   0x00000774   0x00000002   Code   RO         2797    .text               c_p.l(use_no_semi.o)
    0x00000776   0x00000776   0x00000000   Code   RO         2799    .text               c_p.l(indicate_semi.o)
    0x00000776   0x00000776   0x00000002   PAD
    0x00000778   0x00000778   0x00000184   Code   RO         1278    i.CLK_EnablePLL     clk.o
    0x000008fc   0x000008fc   0x00000010   Code   RO         1280    i.CLK_EnableXtalRC  clk.o
    0x0000090c   0x0000090c   0x00000080   Code   RO         1285    i.CLK_GetPLLClockFreq  clk.o
    0x0000098c   0x0000098c   0x00000080   Code   RO         2573    i.CLK_GetPLLClockFreq  system_nuc131.o
    0x00000a0c   0x00000a0c   0x0000009c   Code   RO         1288    i.CLK_SetCoreClock  clk.o
    0x00000aa8   0x00000aa8   0x0000006c   Code   RO         1289    i.CLK_SetHCLK       clk.o
    0x00000b14   0x00000b14   0x00000028   Code   RO         1292    i.CLK_WaitClockReady  clk.o
    0x00000b3c   0x00000b3c   0x0000002e   Code   RO         1526    i.GPIO_SetMode      gpio.o
    0x00000b6a   0x00000b6a   0x00000002   PAD
    0x00000b6c   0x00000b6c   0x0000002c   Code   RO         2478    i.Hard_Fault_Handler  retarget.o
    0x00000b98   0x00000b98   0x00000002   Code   RO          699    i.SVC_Handler       port.o
    0x00000b9a   0x00000b9a   0x00000002   PAD
    0x00000b9c   0x00000b9c   0x00000030   Code   RO            3    i.SYS_Init          main.o
    0x00000bcc   0x00000bcc   0x0000000c   Code   RO         2480    i.SendChar          retarget.o
    0x00000bd8   0x00000bd8   0x00000034   Code   RO         2481    i.SendChar_ToUART   retarget.o
    0x00000c0c   0x00000c0c   0x00000024   Code   RO          700    i.SysTick_Handler   port.o
    0x00000c30   0x00000c30   0x00000064   Code   RO         2574    i.SystemCoreClockUpdate  system_nuc131.o
    0x00000c94   0x00000c94   0x00000002   Code   RO         2575    i.SystemInit        system_nuc131.o
    0x00000c96   0x00000c96   0x0000000e   Code   RO         2649    i._is_digit         c_p.l(__printf_wp.o)
    0x00000ca4   0x00000ca4   0x00000008   Code   RO         2483    i.ferror            retarget.o
    0x00000cac   0x00000cac   0x00000010   Code   RO         2485    i.fputc             retarget.o
    0x00000cbc   0x00000cbc   0x000000fc   Code   RO            5    i.main              main.o
    0x00000db8   0x00000db8   0x0000007c   Code   RO          420    i.prvAddCurrentTaskToDelayedList  tasks.o
    0x00000e34   0x00000e34   0x000000a4   Code   RO          421    i.prvAddNewTaskToReadyList  tasks.o
    0x00000ed8   0x00000ed8   0x00000048   Code   RO          422    i.prvCheckTasksWaitingTermination  tasks.o
    0x00000f20   0x00000f20   0x0000006c   Code   RO          282    i.prvCopyDataToQueue  queue.o
    0x00000f8c   0x00000f8c   0x00000012   Code   RO          423    i.prvDeleteTCB      tasks.o
    0x00000f9e   0x00000f9e   0x00000002   PAD
    0x00000fa0   0x00000fa0   0x00000018   Code   RO          424    i.prvIdleTask       tasks.o
    0x00000fb8   0x00000fb8   0x00000022   Code   RO          283    i.prvInitialiseNewQueue  queue.o
    0x00000fda   0x00000fda   0x00000090   Code   RO          425    i.prvInitialiseNewTask  tasks.o
    0x0000106a   0x0000106a   0x00000002   PAD
    0x0000106c   0x0000106c   0x00000064   Code   RO          426    i.prvInitialiseTaskLists  tasks.o
    0x000010d0   0x000010d0   0x0000001e   Code   RO          285    i.prvIsQueueFull    queue.o
    0x000010ee   0x000010ee   0x00000002   PAD
    0x000010f0   0x000010f0   0x00000038   Code   RO          427    i.prvResetNextTaskUnblockTime  tasks.o
    0x00001128   0x00001128   0x0000001c   Code   RO          701    i.prvSetupTimerInterrupt  port.o
    0x00001144   0x00001144   0x00000006   Code   RO          702    i.prvTaskExitError  port.o
    0x0000114a   0x0000114a   0x0000008e   Code   RO          286    i.prvUnlockQueue    queue.o
    0x000011d8   0x000011d8   0x00000074   Code   RO          777    i.pvPortMalloc      heap_1.o
    0x0000124c   0x0000124c   0x00000020   Code   RO          703    i.pxPortInitialiseStack  port.o
    0x0000126c   0x0000126c   0x000000a8   Code   RO         2487    i.stackDump         retarget.o
    0x00001314   0x00001314   0x00000028   Code   RO          245    i.uxListRemove      list.o
    0x0000133c   0x0000133c   0x0000001a   Code   RO          246    i.vListInitialise   list.o
    0x00001356   0x00001356   0x00000006   Code   RO          247    i.vListInitialiseItem  list.o
    0x0000135c   0x0000135c   0x00000036   Code   RO          248    i.vListInsert       list.o
    0x00001392   0x00001392   0x00000018   Code   RO          249    i.vListInsertEnd    list.o
    0x000013aa   0x000013aa   0x00000002   PAD
    0x000013ac   0x000013ac   0x0000001c   Code   RO          705    i.vPortEnterCritical  port.o
    0x000013c8   0x000013c8   0x0000001c   Code   RO          706    i.vPortExitCritical  port.o
    0x000013e4   0x000013e4   0x00000002   Code   RO          778    i.vPortFree         heap_1.o
    0x000013e6   0x000013e6   0x00000002   PAD
    0x000013e8   0x000013e8   0x00000018   Code   RO          707    i.vPortYield        port.o
    0x00001400   0x00001400   0x0000001c   Code   RO            6    i.vTask1            main.o
    0x0000141c   0x0000141c   0x00000010   Code   RO            7    i.vTask2            main.o
    0x0000142c   0x0000142c   0x00000018   Code   RO            8    i.vTask3            main.o
    0x00001444   0x00001444   0x00000026   Code   RO          434    i.vTaskDelay        tasks.o
    0x0000146a   0x0000146a   0x00000002   PAD
    0x0000146c   0x0000146c   0x00000018   Code   RO          438    i.vTaskInternalSetTimeOutState  tasks.o
    0x00001484   0x00001484   0x0000000c   Code   RO          439    i.vTaskMissedYield  tasks.o
    0x00001490   0x00001490   0x00000020   Code   RO          441    i.vTaskPlaceOnEventList  tasks.o
    0x000014b0   0x000014b0   0x00000054   Code   RO          447    i.vTaskStartScheduler  tasks.o
    0x00001504   0x00001504   0x00000010   Code   RO          449    i.vTaskSuspendAll   tasks.o
    0x00001514   0x00001514   0x00000078   Code   RO          450    i.vTaskSwitchContext  tasks.o
    0x0000158c   0x0000158c   0x00000038   Code   RO          708    i.xPortStartScheduler  port.o
    0x000015c4   0x000015c4   0x00000040   Code   RO          291    i.xQueueGenericCreate  queue.o
    0x00001604   0x00001604   0x00000078   Code   RO          292    i.xQueueGenericReset  queue.o
    0x0000167c   0x0000167c   0x000000fc   Code   RO          293    i.xQueueGenericSend  queue.o
    0x00001778   0x00001778   0x00000060   Code   RO          451    i.xTaskCheckForTimeOut  tasks.o
    0x000017d8   0x000017d8   0x0000005c   Code   RO          452    i.xTaskCreate       tasks.o
    0x00001834   0x00001834   0x00000120   Code   RO          457    i.xTaskIncrementTick  tasks.o
    0x00001954   0x00001954   0x00000080   Code   RO          460    i.xTaskRemoveFromEventList  tasks.o
    0x000019d4   0x000019d4   0x000000e0   Code   RO          461    i.xTaskResumeAll    tasks.o
    0x00001ab4   0x00001ab4   0x00000028   Data   RO         2622    .constdata          c_p.l(_printf_hex_int.o)
    0x00001adc   0x00001adc   0x0000003a   Data   RO            9    .conststring        main.o
    0x00001b16   0x00001b16   0x00000002   PAD
    0x00001b18   0x00001b18   0x00000020   Data   RO         2849    Region$$Table       anon$$obj.o


    Execution Region ER_RW (Exec base: 0x20000000, Load base: 0x00001b38, Size: 0x0000008c, Max: 0xffffffff, ABSOLUTE)

    Exec Addr    Load Addr    Size         Type   Attr      Idx    E Section Name        Object

    0x20000000   0x00001b38   0x00000010   Data   RW           10    .data               main.o
    0x20000010   0x00001b48   0x0000003c   Data   RW          464    .data               tasks.o
    0x2000004c   0x00001b84   0x00000004   Data   RW          709    .data               port.o
    0x20000050   0x00001b88   0x00000008   Data   RW          782    .data               heap_1.o
    0x20000058   0x00001b90   0x00000008   Data   RW         2488    .data               retarget.o
    0x20000060   0x00001b98   0x0000002c   Data   RW         2576    .data               system_nuc131.o


    Execution Region ER_ZI (Exec base: 0x2000008c, Load base: 0x00001bc4, Size: 0x000018b4, Max: 0xffffffff, ABSOLUTE)

    Exec Addr    Load Addr    Size         Type   Attr      Idx    E Section Name        Object

    0x2000008c        -       0x000000c8   Zero   RW          463    .bss                tasks.o
    0x20000154        -       0x00001388   Zero   RW          781    .bss                heap_1.o
    0x200014dc        -       0x00000060   Zero   RW         2724    .bss                c_p.l(libspace.o)
    0x2000153c   0x00001bc4   0x00000004   PAD
    0x20001540        -       0x00000000   Zero   RW         2565    HEAP                startup_nuc131.o
    0x20001540        -       0x00000400   Zero   RW         2564    STACK               startup_nuc131.o


==============================================================================

Image component sizes


      Code (inc. data)   RO Data    RW Data    ZI Data      Debug   Object Name

         0          0          0          0          0     111968   adc.o
       836         92          0          0          0      15533   clk.o
         0          0          0          0          0       1440   event_groups.o
        46          0          0          0          0       1015   gpio.o
       118         14          0          8       5000       1955   heap_1.o
       150          0          0          0          0       2954   list.o
       368         80         58         16          0      65658   main.o
       360         56          0          4          0       6104   port.o
       750          0          0          0          0       8895   queue.o
       328        132          0          8          0       5481   retarget.o
       100         46        192          0       1024        644   startup_nuc131.o
       230         40          0         44          0       2591   system_nuc131.o
      1856        292          0         60        200      18349   tasks.o

    ----------------------------------------------------------------------
      5158        752        284        140       6224     242587   Object Totals
         0          0         32          0          0          0   (incl. Generated)
        16          0          2          0          0          0   (incl. Padding)

    ----------------------------------------------------------------------

      Code (inc. data)   RO Data    RW Data    ZI Data      Debug   Library Member Name

         8          0          0          0          0         68   __main.o
       284          0          0          0          0        136   __printf_wp.o
         0          0          0          0          0          0   __rtentry.o
        12          0          0          0          0          0   __rtentry2.o
         6          0          0          0          0          0   __rtentry4.o
        60          8          0          0          0          0   __scatter.o
        26          0          0          0          0          0   __scatter_copy.o
        28          0          0          0          0          0   __scatter_zi.o
        48          6          0          0          0         88   _printf_char_common.o
        40          6          0          0          0         72   _printf_char_file.o
        88          4         40          0          0         72   _printf_hex_int.o
       176          0          0          0          0         84   _printf_intcommon.o
         2          0          0          0          0          0   _printf_percent.o
         4          0          0          0          0          0   _printf_percent_end.o
        10          0          0          0          0          0   _printf_x.o
       346          0          0          0          0         92   aeabi_sdiv.o
        16          0          0          0          0         68   exit.o
         6          0          0          0          0        136   heapauxi.o
         0          0          0          0          0          0   indicate_semi.o
         2          0          0          0          0          0   libinit.o
         2          0          0          0          0          0   libinit2.o
         2          0          0          0          0          0   libshutdown.o
         2          0          0          0          0          0   libshutdown2.o
         8          4          0          0         96         68   libspace.o
        28          6          0          0          0         84   noretval__2printf.o
       186          0          0          0          0        144   rt_memcpy.o
         2          0          0          0          0          0   rtexit.o
        10          0          0          0          0          0   rtexit2.o
        12          4          0          0          0         60   sys_exit.o
        62          0          0          0          0         80   sys_stackheap_outer.o
         2          0          0          0          0         68   use_no_semi.o

    ----------------------------------------------------------------------
      1486         38         40          0        100       1320   Library Totals
         8          0          0          0          4          0   (incl. Padding)

    ----------------------------------------------------------------------

      Code (inc. data)   RO Data    RW Data    ZI Data      Debug   Library Name

      1478         38         40          0         96       1320   c_p.l

    ----------------------------------------------------------------------
      1486         38         40          0        100       1320   Library Totals

    ----------------------------------------------------------------------

==============================================================================


      Code (inc. data)   RO Data    RW Data    ZI Data      Debug   

      6644        790        324        140       6324     240615   Grand Totals
      6644        790        324        140       6324     240615   ELF Image Totals
      6644        790        324        140          0          0   ROM Totals

==============================================================================

    Total RO  Size (Code + RO Data)                 6968 (   6.80kB)
    Total RW  Size (RW Data + ZI Data)              6464 (   6.31kB)
    Total ROM Size (Code + RO Data + RW Data)       7108 (   6.94kB)

==============================================================================

